/Users/daniel/Documents/MCUXpressoIDE_11.7.0_9198/workspace/ToF_3DCam_L5/CMSIS/core_cm33.h:2469:22:__NVIC_ClearPendingIRQ	0	static
../drivers/fsl_common_arm.h:543:24:DisableIRQ.isra	0	static
../drivers/fsl_common_arm.h:499:24:EnableIRQ.isra	0	static
../drivers/fsl_pint.c:48:6:PINT_Init	16	static
../drivers/fsl_pint.c:165:6:PINT_PinInterruptConfig	12	static
../drivers/fsl_pint.c:222:6:PINT_PinInterruptGetConfig	20	static
../drivers/fsl_pint.c:300:6:PINT_PatternMatchConfig	16	static
../drivers/fsl_pint.c:365:6:PINT_PatternMatchGetConfig	12	static
../drivers/fsl_pint.c:417:10:PINT_PatternMatchResetDetectLogic	0	static
../drivers/fsl_pint.c:444:6:PINT_PinInterruptClrStatus	0	static
../drivers/fsl_pint.c:465:6:PINT_PinInterruptClrStatusAll	20	static
../drivers/fsl_pint.c:509:6:PINT_EnableCallback	24	static
../drivers/fsl_pint.c:547:6:PINT_EnableCallbackByIndex	24	static
../drivers/fsl_pint.c:576:6:PINT_DisableCallback	16	static
../drivers/fsl_pint.c:614:6:PINT_DisableCallbackByIndex	16	static
../drivers/fsl_pint.c:643:6:PINT_Deinit	8	static
../drivers/fsl_pint.c:740:6:SEC_GPIO_INT0_IRQ0_DriverIRQHandler	8	static
../drivers/fsl_pint.c:762:6:SEC_GPIO_INT0_IRQ1_DriverIRQHandler	8	static
../drivers/fsl_pint.c:785:6:PIN_INT0_DriverIRQHandler	8	static
../drivers/fsl_pint.c:806:6:PIN_INT1_DriverIRQHandler	8	static
../drivers/fsl_pint.c:828:6:PIN_INT2_DriverIRQHandler	8	static
../drivers/fsl_pint.c:850:6:PIN_INT3_DriverIRQHandler	8	static
../drivers/fsl_pint.c:872:6:PIN_INT4_DriverIRQHandler	8	static
../drivers/fsl_pint.c:898:6:PIN_INT5_DriverIRQHandler	8	static
../drivers/fsl_pint.c:925:6:PIN_INT6_DriverIRQHandler	8	static
../drivers/fsl_pint.c:952:6:PIN_INT7_DriverIRQHandler	8	static
