../drivers/fsl_clock.c:1088:17:findPll0PreDiv	0	static
../drivers/fsl_clock.c:104:6:CLOCK_AttachClk	8	static
../drivers/fsl_clock.c:150:19:CLOCK_GetClockAttachId	8	static
../drivers/fsl_clock.c:200:6:CLOCK_SetClkDiv	0	static
../drivers/fsl_clock.c:234:6:CLOCK_SetRtc1khzClkDiv	0	static
../drivers/fsl_clock.c:245:6:CLOCK_SetRtc1hzClkDiv	0	static
../drivers/fsl_clock.c:266:10:CLOCK_SetupFROClocking	0	static
../drivers/fsl_clock.c:300:6:CLOCK_SetFLASHAccessCyclesForFreq	0	static
../drivers/fsl_clock.c:396:10:CLOCK_SetupExtClocking	0	static
../drivers/fsl_clock.c:418:10:CLOCK_SetupI2SMClkClocking	0	static
../drivers/fsl_clock.c:430:10:CLOCK_SetupPLUClkInClocking	0	static
../drivers/fsl_clock.c:554:10:CLOCK_GetUsb1ClkFreq	0	static
../drivers/fsl_clock.c:661:10:CLOCK_GetFro12MFreq	0	static
../drivers/fsl_clock.c:670:10:CLOCK_GetFro1MFreq	0	static
../drivers/fsl_clock.c:679:10:CLOCK_GetExtClkFreq	0	static
../drivers/fsl_clock.c:688:10:CLOCK_GetWdtClkFreq	8	static
../drivers/fsl_clock.c:697:10:CLOCK_GetFroHfFreq	0	static
../drivers/fsl_clock.c:563:10:CLOCK_GetMclkClkFreq	8	static
../drivers/fsl_clock.c:706:10:CLOCK_GetPll0OutFreq	0	static
../drivers/fsl_clock.c:715:10:CLOCK_GetPll1OutFreq	0	static
../drivers/fsl_clock.c:724:10:CLOCK_GetOsc32KFreq	0	static
../drivers/fsl_clock.c:739:10:CLOCK_GetCoreSysClkFreq	0	static
../drivers/fsl_clock.c:440:10:CLOCK_GetClockOutClkFreq	8	static
../drivers/fsl_clock.c:489:10:CLOCK_GetAdcClkFreq	8	static
../drivers/fsl_clock.c:520:10:CLOCK_GetUsb0ClkFreq	8	static
../drivers/fsl_clock.c:628:10:CLOCK_GetSdioClkFreq	8	static
../drivers/fsl_clock.c:591:10:CLOCK_GetSctClkFreq	8	static
../drivers/fsl_clock.c:790:10:CLOCK_GetI2SMClkFreq	0	static
../drivers/fsl_clock.c:799:10:CLOCK_GetPLUClkInFreq	0	static
../drivers/fsl_clock.c:809:10:CLOCK_GetFlexCommInputClock	8	static
../drivers/fsl_clock.c:849:10:CLOCK_GetFlexCommClkFreq	8	static
../drivers/fsl_clock.c:862:10:CLOCK_GetHsLspiClkFreq	8	static
../drivers/fsl_clock.c:902:10:CLOCK_GetCTimerClkFreq	0	static
../drivers/fsl_clock.c:942:10:CLOCK_GetSystickClkFreq	8	static
../drivers/fsl_clock.c:979:10:CLOCK_SetFlexCommClock	16	static
../drivers/fsl_clock.c:1001:10:CLOCK_GetFreq	8	static
../drivers/fsl_clock.c:1419:10:CLOCK_GetPLL0InClockRate	0	static
../drivers/fsl_clock.c:1450:10:CLOCK_GetPLL1InClockRate	0	static
../drivers/fsl_clock.c:1485:10:CLOCK_GetPLL0OutFromSetup	16	static
../drivers/fsl_clock.c:1516:6:CLOCK_SetStoredPLL0ClockRate	0	static
../drivers/fsl_clock.c:1529:10:CLOCK_GetPLL0OutClockRate	40	static
../drivers/fsl_clock.c:1558:13:CLOCK_SetupPLL0Data	56	static
../drivers/fsl_clock.c:1601:13:CLOCK_SetupPLL0Prec	16	static
../drivers/fsl_clock.c:1678:13:CLOCK_SetPLL0Freq	16	static
../drivers/fsl_clock.c:1746:13:CLOCK_SetPLL1Freq	16	static
../drivers/fsl_clock.c:1802:6:CLOCK_SetupPLL0Mult	8	static
../drivers/fsl_clock.c:1866:6:CLOCK_EnableUsbfs0DeviceClock	48	static
../drivers/fsl_clock.c:1929:6:CLOCK_EnableUsbfs0HostClock	48	static
../drivers/fsl_clock.c:1988:6:CLOCK_EnableUsbhs0PhyPllClock	8	static
../drivers/fsl_clock.c:2076:6:CLOCK_EnableUsbhs0DeviceClock	0	static
../drivers/fsl_clock.c:2088:6:CLOCK_EnableUsbhs0HostClock	0	static
../drivers/fsl_clock.c:2103:6:CLOCK_EnableOstimer32kClock	0	static
