../drivers/fsl_usart.h:507:24:USART_GetEnabledInterrupts	0	static
../drivers/fsl_usart.c:55:10:USART_GetInstance	0	static
../drivers/fsl_usart.c:77:8:USART_TransferGetRxRingBufferLength	0	static
../drivers/fsl_usart.c:1015:6:USART_TransferHandleIRQ	32	static
../drivers/fsl_usart.c:132:6:USART_TransferStartRingBuffer	0	static
../drivers/fsl_usart.c:156:6:USART_TransferStopRingBuffer	0	static
../drivers/fsl_usart.c:272:6:USART_Deinit	0	static
../drivers/fsl_usart.c:301:6:USART_GetDefaultConfig	8	static
../drivers/fsl_usart.c:342:10:USART_SetBaudRate	28	static
../drivers/fsl_usart.c:193:10:USART_Init	24	static
../drivers/fsl_usart.c:425:10:USART_Enable32kMode	16	static
../drivers/fsl_usart.c:462:6:USART_Enable9bitMode	0	static
../drivers/fsl_usart.c:489:6:USART_SendAddress	0	static
../drivers/fsl_usart.c:508:10:USART_WriteBlocking	0	static
../drivers/fsl_usart.c:578:10:USART_ReadBlocking	16	static
../drivers/fsl_usart.c:666:10:USART_TransferCreateHandle	32	static
../drivers/fsl_usart.c:718:10:USART_TransferSendNonBlocking	16	static
../drivers/fsl_usart.c:763:6:USART_TransferAbortSend	0	static
../drivers/fsl_usart.c:788:10:USART_TransferGetSendCount	8	static
../drivers/fsl_usart.c:830:10:USART_TransferReceiveNonBlocking	32	static
../drivers/fsl_usart.c:963:6:USART_TransferAbortReceive	0	static
../drivers/fsl_usart.c:992:10:USART_TransferGetReceiveCount	0	static
