/Users/daniel/Documents/MCUXpressoIDE_11.7.0_9198/workspace/ToF_3DCam_L5/CMSIS/core_cm33.h:2378:22:__NVIC_EnableIRQ	0	static
../drivers/fsl_i2c.c:1348:13:I2C_SlaveInvokeEvent	16	static
../drivers/fsl_i2c.c:1966:6:I2C_SlaveTransferHandleIRQ	16	static
../drivers/fsl_i2c.c:187:10:I2C_GetInstance	0	static
../drivers/fsl_i2c.c:216:6:I2C_MasterGetDefaultConfig	8	static
../drivers/fsl_i2c.c:256:6:I2C_MasterDeinit	0	static
../drivers/fsl_i2c.c:273:10:I2C_GetStatusFlags	0	static
../drivers/fsl_i2c.c:414:17:I2C_PendingStatusWait	16	static
../drivers/fsl_i2c.c:1244:6:I2C_MasterTransferHandleIRQ	16	static
../drivers/fsl_i2c.c:309:6:I2C_MasterSetBaudRate	32	static
../drivers/fsl_i2c.c:399:6:I2C_MasterSetTimeoutValue	0	static
../drivers/fsl_i2c.c:240:6:I2C_MasterInit	24	static
../drivers/fsl_i2c.c:487:10:I2C_MasterStart	16	static
../drivers/fsl_i2c.c:510:10:I2C_MasterStop	8	static
../drivers/fsl_i2c.c:691:17:I2C_MasterCheckStartResponse	8	static
../drivers/fsl_i2c.c:539:10:I2C_MasterWriteBlocking	24	static
../drivers/fsl_i2c.c:630:10:I2C_MasterReadBlocking	24	static
../drivers/fsl_i2c.c:724:10:I2C_MasterTransferBlocking	24	static
../drivers/fsl_i2c.c:823:6:I2C_MasterTransferCreateHandle	24	static
../drivers/fsl_i2c.c:861:10:I2C_MasterTransferNonBlocking	20	static
../drivers/fsl_i2c.c:898:10:I2C_MasterTransferGetCount	0	static
../drivers/fsl_i2c.c:930:10:I2C_MasterTransferAbort	16	static
../drivers/fsl_i2c.c:1502:10:I2C_SlaveSetSendBuffer	16	static
../drivers/fsl_i2c.c:1532:10:I2C_SlaveSetReceiveBuffer	16	static
../drivers/fsl_i2c.c:1549:6:I2C_SlaveSetAddress	0	static
../drivers/fsl_i2c.c:1578:6:I2C_SlaveGetDefaultConfig	16	static
../drivers/fsl_i2c.c:1606:10:I2C_SlaveInit	16	static
../drivers/fsl_i2c.c:1650:6:I2C_SlaveDeinit	0	static
../drivers/fsl_i2c.c:1666:10:I2C_SlaveWriteBlocking	12	static
../drivers/fsl_i2c.c:1753:10:I2C_SlaveReadBlocking	12	static
../drivers/fsl_i2c.c:1841:6:I2C_SlaveTransferCreateHandle	24	static
../drivers/fsl_i2c.c:1902:10:I2C_SlaveTransferNonBlocking	12	static
../drivers/fsl_i2c.c:1916:10:I2C_SlaveTransferGetCount	0	static
../drivers/fsl_i2c.c:1946:6:I2C_SlaveTransferAbort	0	static
