../drivers/fsl_flexcomm.c:92:10:FLEXCOMM_GetInstance	0	static
../drivers/fsl_flexcomm.c:140:10:FLEXCOMM_Init	16	static
../drivers/fsl_flexcomm.c:160:6:FLEXCOMM_SetIRQHandler	16	static
../drivers/fsl_flexcomm.c:177:6:FLEXCOMM0_DriverIRQHandler	8	static
../drivers/fsl_flexcomm.c:191:6:FLEXCOMM1_DriverIRQHandler	8	static
../drivers/fsl_flexcomm.c:205:6:FLEXCOMM2_DriverIRQHandler	8	static
../drivers/fsl_flexcomm.c:219:6:FLEXCOMM3_DriverIRQHandler	8	static
../drivers/fsl_flexcomm.c:233:6:FLEXCOMM4_DriverIRQHandler	8	static
../drivers/fsl_flexcomm.c:248:6:FLEXCOMM5_DriverIRQHandler	8	static
../drivers/fsl_flexcomm.c:262:6:FLEXCOMM6_DriverIRQHandler	8	static
../drivers/fsl_flexcomm.c:276:6:FLEXCOMM7_DriverIRQHandler	8	static
../drivers/fsl_flexcomm.c:290:6:FLEXCOMM8_DriverIRQHandler	8	static
