../utilities/fsl_debug_console.c:424:10:DbgConsole_ReadOneCharacter	8	static
../utilities/fsl_debug_console.c:495:5:DbgConsole_SendData	8	static
../utilities/fsl_debug_console.c:548:5:DbgConsole_SendDataReliable	16	static
../utilities/fsl_debug_console.c:732:13:DbgConsole_PrintCallback	32	static
../utilities/fsl_debug_console.c:629:5:DbgConsole_ReadLine	24	static
../utilities/fsl_debug_console.c:695:5:DbgConsole_ReadCharacter	8	static
../utilities/fsl_debug_console.c:772:10:DbgConsole_Init	56	static
../utilities/fsl_debug_console.c:935:10:DbgConsole_EnterLowpower	8	static
../utilities/fsl_debug_console.c:946:10:DbgConsole_ExitLowpower	8	static
../utilities/fsl_debug_console.c:957:10:DbgConsole_Deinit	8	static
../utilities/fsl_debug_console.c:1000:40:DbgConsole_Flush	0	static
../utilities/fsl_debug_console.c:1052:5:DbgConsole_Vprintf	144	static
../utilities/fsl_debug_console.c:1039:5:DbgConsole_Printf	16	static
../utilities/fsl_debug_console.c:1068:5:DbgConsole_Putchar	16	static
../utilities/fsl_debug_console.c:1075:5:DbgConsole_Scanf	48	static
../utilities/fsl_debug_console.c:1107:5:DbgConsole_BlockingVprintf	144	static
../utilities/fsl_debug_console.c:1094:5:DbgConsole_BlockingPrintf	16	static
../utilities/fsl_debug_console.c:1176:5:DbgConsole_Getchar	16	static
