/Users/daniel/Documents/MCUXpressoIDE_11.7.0_9198/workspace/ToF_3DCam_L5/device/LPC55S69_cm33_core0.h:31212:24:Chip_GetVersion	0	static
../board/pin_mux.c:63:6:BOARD_InitDEBUG_UARTPins	0	static
../board/pin_mux.c:122:6:BOARD_InitSWD_DEBUGPins	8	static
../board/pin_mux.c:255:6:BOARD_InitUSBPins	0	static
../board/pin_mux.c:359:6:BOARD_InitLEDsPins	24	static
../board/pin_mux.c:458:6:BOARD_InitBUTTONsPins	24	static
../board/pin_mux.c:595:6:BOARD_InitI2SPins	0	static
../board/pin_mux.c:761:6:BOARD_InitACCELPins	16	static
../board/pin_mux.c:847:6:BOARD_ToFCamPins	32	static
../board/pin_mux.c:36:6:BOARD_InitBootPins	8	static
