C:\Users\dawid\Documents\MCUXpressoIDE_11.8.1_1197\workspace\PSM2_ToF\CMSIS/core_cm33.h:2378:22:__NVIC_EnableIRQ	16	static
../drivers/fsl_common_arm.h:514:24:EnableIRQ	24	static
../drivers/fsl_i2c.h:527:20:I2C_MasterEnable	16	static
../drivers/fsl_i2c.h:569:20:I2C_ClearStatusFlags	16	static
../drivers/fsl_i2c.h:610:20:I2C_EnableInterrupts	16	static
../drivers/fsl_i2c.h:622:20:I2C_DisableInterrupts	16	static
../drivers/fsl_i2c.h:714:24:I2C_MasterRepeatedStart	16	static
../drivers/fsl_i2c.h:923:20:I2C_SlaveEnable	16	static
../drivers/fsl_i2c.h:955:20:I2C_SlaveClearStatusFlags	16	static
../drivers/fsl_i2c.c:187:10:I2C_GetInstance	24	static
../drivers/fsl_i2c.c:216:6:I2C_MasterGetDefaultConfig	16	static
../drivers/fsl_i2c.c:240:6:I2C_MasterInit	24	static
../drivers/fsl_i2c.c:264:6:I2C_MasterDeinit	16	static
../drivers/fsl_i2c.c:281:10:I2C_GetStatusFlags	24	static
../drivers/fsl_i2c.c:317:6:I2C_MasterSetBaudRate	56	static
../drivers/fsl_i2c.c:407:6:I2C_MasterSetTimeoutValue	32	static
../drivers/fsl_i2c.c:424:17:I2C_PendingStatusWait	24	static
../drivers/fsl_i2c.c:497:10:I2C_MasterStart	24	static
../drivers/fsl_i2c.c:520:10:I2C_MasterStop	24	static
../drivers/fsl_i2c.c:549:10:I2C_MasterWriteBlocking	40	static
../drivers/fsl_i2c.c:640:10:I2C_MasterReadBlocking	40	static
../drivers/fsl_i2c.c:701:17:I2C_MasterCheckStartResponse	24	static
../drivers/fsl_i2c.c:734:10:I2C_MasterTransferBlocking	40	static
../drivers/fsl_i2c.c:837:6:I2C_MasterTransferCreateHandle	32	static
../drivers/fsl_i2c.c:875:10:I2C_MasterTransferNonBlocking	32	static
../drivers/fsl_i2c.c:916:10:I2C_MasterTransferGetCount	24	static
../drivers/fsl_i2c.c:948:10:I2C_MasterTransferAbort	24	static
../drivers/fsl_i2c.c:992:17:I2C_InitTransferStateMachine	48	static
../drivers/fsl_i2c.c:1053:17:I2C_RunTransferStateMachine	48	static
../drivers/fsl_i2c.c:1271:6:I2C_MasterTransferHandleIRQ	32	static
../drivers/fsl_i2c.c:1300:13:I2C_SlaveInternalStateMachineReset	16	static
../drivers/fsl_i2c.c:1305:17:I2C_SlaveDivVal	32	static
../drivers/fsl_i2c.c:1350:17:I2C_SlavePollPending	24	static
../drivers/fsl_i2c.c:1375:13:I2C_SlaveInvokeEvent	40	static
../drivers/fsl_i2c.c:1403:13:I2C_SlaveAddressIRQ	32	static
../drivers/fsl_i2c.c:1462:17:I2C_SlaveTransferNonBlockingInternal	32	static
../drivers/fsl_i2c.c:1533:10:I2C_SlaveSetSendBuffer	40	static
../drivers/fsl_i2c.c:1563:10:I2C_SlaveSetReceiveBuffer	40	static
../drivers/fsl_i2c.c:1580:6:I2C_SlaveSetAddress	16	static
../drivers/fsl_i2c.c:1609:6:I2C_SlaveGetDefaultConfig	40	static
../drivers/fsl_i2c.c:1637:10:I2C_SlaveInit	32	static
../drivers/fsl_i2c.c:1681:6:I2C_SlaveDeinit	16	static
../drivers/fsl_i2c.c:1697:10:I2C_SlaveWriteBlocking	40	static
../drivers/fsl_i2c.c:1784:10:I2C_SlaveReadBlocking	40	static
../drivers/fsl_i2c.c:1872:6:I2C_SlaveTransferCreateHandle	32	static
../drivers/fsl_i2c.c:1933:10:I2C_SlaveTransferNonBlocking	40	static
../drivers/fsl_i2c.c:1947:10:I2C_SlaveTransferGetCount	24	static
../drivers/fsl_i2c.c:1977:6:I2C_SlaveTransferAbort	16	static
../drivers/fsl_i2c.c:1997:6:I2C_SlaveTransferHandleIRQ	40	static
