../drivers/fsl_clock.h:983:20:CLOCK_EnableClock	24	static
../drivers/fsl_clock.h:993:20:CLOCK_DisableClock	24	static
../drivers/fsl_clock.h:1227:22:CLOCK_IsPLL0Locked	4	static
../drivers/fsl_clock.h:1235:22:CLOCK_IsPLL1Locked	4	static
../drivers/fsl_power.h:373:20:POWER_EnablePD	16	static
../drivers/fsl_power.h:385:20:POWER_DisablePD	16	static
../drivers/fsl_clock.c:104:6:CLOCK_AttachClk	32	static
../drivers/fsl_clock.c:150:19:CLOCK_GetClockAttachId	48	static
../drivers/fsl_clock.c:200:6:CLOCK_SetClkDiv	24	static
../drivers/fsl_clock.c:234:6:CLOCK_SetRtc1khzClkDiv	16	static
../drivers/fsl_clock.c:245:6:CLOCK_SetRtc1hzClkDiv	16	static
../drivers/fsl_clock.c:266:10:CLOCK_SetupFROClocking	16	static
../drivers/fsl_clock.c:300:6:CLOCK_SetFLASHAccessCyclesForFreq	24	static
../drivers/fsl_clock.c:403:10:CLOCK_SetupExtClocking	16	static
../drivers/fsl_clock.c:425:10:CLOCK_SetupI2SMClkClocking	16	static
../drivers/fsl_clock.c:437:10:CLOCK_SetupPLUClkInClocking	16	static
../drivers/fsl_clock.c:447:10:CLOCK_GetClockOutClkFreq	16	static
../drivers/fsl_clock.c:496:10:CLOCK_GetAdcClkFreq	16	static
../drivers/fsl_clock.c:527:10:CLOCK_GetUsb0ClkFreq	16	static
../drivers/fsl_clock.c:561:10:CLOCK_GetUsb1ClkFreq	4	static
../drivers/fsl_clock.c:570:10:CLOCK_GetMclkClkFreq	16	static
../drivers/fsl_clock.c:598:10:CLOCK_GetSctClkFreq	16	static
../drivers/fsl_clock.c:635:10:CLOCK_GetSdioClkFreq	16	static
../drivers/fsl_clock.c:668:10:CLOCK_GetFro12MFreq	4	static
../drivers/fsl_clock.c:677:10:CLOCK_GetFro1MFreq	4	static
../drivers/fsl_clock.c:686:10:CLOCK_GetExtClkFreq	4	static
../drivers/fsl_clock.c:695:10:CLOCK_GetWdtClkFreq	8	static
../drivers/fsl_clock.c:704:10:CLOCK_GetFroHfFreq	4	static
../drivers/fsl_clock.c:713:10:CLOCK_GetPll0OutFreq	4	static
../drivers/fsl_clock.c:722:10:CLOCK_GetPll1OutFreq	4	static
../drivers/fsl_clock.c:731:10:CLOCK_GetOsc32KFreq	4	static
../drivers/fsl_clock.c:746:10:CLOCK_GetCoreSysClkFreq	16	static
../drivers/fsl_clock.c:797:10:CLOCK_GetI2SMClkFreq	4	static
../drivers/fsl_clock.c:806:10:CLOCK_GetPLUClkInFreq	4	static
../drivers/fsl_clock.c:816:10:CLOCK_GetFlexCommInputClock	24	static
../drivers/fsl_clock.c:856:10:CLOCK_GetFlexCommClkFreq	72	static
../drivers/fsl_clock.c:869:10:CLOCK_GetHsLspiClkFreq	16	static
../drivers/fsl_clock.c:909:10:CLOCK_GetCTimerClkFreq	24	static
../drivers/fsl_clock.c:949:10:CLOCK_GetSystickClkFreq	24	static
../drivers/fsl_clock.c:986:10:CLOCK_SetFlexCommClock	56	static
../drivers/fsl_clock.c:1008:10:CLOCK_GetFreq	24	static
../drivers/fsl_clock.c:1051:13:pllFindSel	32	static
../drivers/fsl_clock.c:1095:17:findPll0PreDiv	16	static
../drivers/fsl_clock.c:1112:17:findPll1PreDiv	16	static
../drivers/fsl_clock.c:1129:17:findPll0PostDiv	16	static
../drivers/fsl_clock.c:1152:14:findPll0MMult	24	static
../drivers/fsl_clock.c:1179:17:FindGreatestCommonDivisor	24	static
../drivers/fsl_clock.c:1199:20:CLOCK_GetPll0ConfigInternal	128	static
../drivers/fsl_clock.c:1369:20:CLOCK_GetPll0Config	32	static
../drivers/fsl_clock.c:1417:13:CLOCK_GetPLL0OutFromSetupUpdate	16	static
../drivers/fsl_clock.c:1426:10:CLOCK_GetPLL0InClockRate	16	static
../drivers/fsl_clock.c:1457:10:CLOCK_GetPLL1InClockRate	16	static
../drivers/fsl_clock.c:1492:10:CLOCK_GetPLL0OutFromSetup	40	static
../drivers/fsl_clock.c:1523:6:CLOCK_SetStoredPLL0ClockRate	16	static
../drivers/fsl_clock.c:1536:10:CLOCK_GetPLL0OutClockRate	56	static
../drivers/fsl_clock.c:1565:13:CLOCK_SetupPLL0Data	24	static
../drivers/fsl_clock.c:1608:13:CLOCK_SetupPLL0Prec	40	static
../drivers/fsl_clock.c:1691:13:CLOCK_SetPLL0Freq	40	static
../drivers/fsl_clock.c:1766:13:CLOCK_SetPLL1Freq	40	static
../drivers/fsl_clock.c:1829:6:CLOCK_SetupPLL0Mult	48	static
../drivers/fsl_clock.c:1893:6:CLOCK_EnableUsbfs0DeviceClock	56	static
../drivers/fsl_clock.c:1956:6:CLOCK_EnableUsbfs0HostClock	56	static
../drivers/fsl_clock.c:2015:6:CLOCK_EnableUsbhs0PhyPllClock	32	static
../drivers/fsl_clock.c:2102:6:CLOCK_EnableUsbhs0DeviceClock	16	static
../drivers/fsl_clock.c:2114:6:CLOCK_EnableUsbhs0HostClock	16	static
../drivers/fsl_clock.c:2129:6:CLOCK_EnableOstimer32kClock	4	static
