C:\Users\dawid\Documents\MCUXpressoIDE_11.8.1_1197\workspace\ToF_3D\PSM2_ToF\CMSIS/core_cm33.h:2378:22:__NVIC_EnableIRQ	16	static
../drivers/fsl_common_arm.h:514:24:EnableIRQ	24	static
../drivers/fsl_spi.h:413:20:SPI_Enable	16	static
../drivers/fsl_spi.h:553:20:SPI_SetTransferDelay	16	static
../drivers/fsl_spi.h:745:20:SPI_SlaveTransferHandleIRQ	16	static
../drivers/fsl_spi.c:74:10:SPI_GetInstance	24	static
../drivers/fsl_spi.c:96:6:SPI_SetDummyData	24	static
../drivers/fsl_spi.c:109:7:SPI_GetConfig	24	static
../drivers/fsl_spi.c:131:6:SPI_MasterGetDefaultConfig	16	static
../drivers/fsl_spi.c:173:10:SPI_MasterInit	40	static
../drivers/fsl_spi.c:257:6:SPI_SlaveGetDefaultConfig	16	static
../drivers/fsl_spi.c:294:10:SPI_SlaveInit	32	static
../drivers/fsl_spi.c:356:6:SPI_Deinit	16	static
../drivers/fsl_spi.c:373:6:SPI_EnableTxDMA	16	static
../drivers/fsl_spi.c:391:6:SPI_EnableRxDMA	16	static
../drivers/fsl_spi.c:410:10:SPI_MasterSetBaud	32	static
../drivers/fsl_spi.c:439:6:SPI_WriteData	32	static
../drivers/fsl_spi.c:471:10:SPI_MasterTransferCreateHandle	32	static
../drivers/fsl_spi.c:523:10:SPI_MasterTransferBlocking	64	static
../drivers/fsl_spi.c:660:10:SPI_MasterTransferNonBlocking	24	static
../drivers/fsl_spi.c:714:10:SPI_MasterHalfDuplexTransferBlocking	40	static
../drivers/fsl_spi.c:783:10:SPI_MasterHalfDuplexTransferNonBlocking	48	static
../drivers/fsl_spi.c:849:10:SPI_MasterTransferGetCount	24	static
../drivers/fsl_spi.c:877:6:SPI_MasterTransferAbort	16	static
../drivers/fsl_spi.c:891:13:SPI_TransferHandleIRQInternal	56	static
../drivers/fsl_spi.c:999:6:SPI_MasterTransferHandleIRQ	40	static
