C:\Users\dawid\Documents\MCUXpressoIDE_11.8.1_1197\workspace\ToF_3D\PSM2_ToF\device/LPC55S69_cm33_core0.h:31258:24:Chip_GetVersion	16	static
C:\Users\dawid\Documents\MCUXpressoIDE_11.8.1_1197\workspace\ToF_3D\PSM2_ToF\drivers/fsl_clock.h:983:20:CLOCK_EnableClock	24	static
C:\Users\dawid\Documents\MCUXpressoIDE_11.8.1_1197\workspace\ToF_3D\PSM2_ToF\drivers/fsl_iocon.h:182:22:IOCON_PinMuxSet	24	static
../board/pin_mux.c:38:6:BOARD_InitBootPins	8	static
../board/pin_mux.c:66:6:BOARD_InitDEBUG_UARTPins	16	static
../board/pin_mux.c:125:6:BOARD_InitSWD_DEBUGPins	32	static
../board/pin_mux.c:258:6:BOARD_InitUSBPins	32	static
../board/pin_mux.c:362:6:BOARD_InitLEDsPins	32	static
../board/pin_mux.c:461:6:BOARD_InitBUTTONsPins	40	static
../board/pin_mux.c:598:6:BOARD_InitI2SPins	48	static
../board/pin_mux.c:764:6:BOARD_InitACCELPins	24	static
../board/pin_mux.c:851:6:BOARD_ToFCamPins	24	static
../board/pin_mux.c:977:6:BOARD_InitPMODPins	16	static
