Archive member included to satisfy reference by file (symbol)

c:/nxp/mcuxpressoide_11.9.0_2144/ide/plugins/com.nxp.mcuxpresso.tools.win32_11.9.0.202307121226/tools/bin/../lib/gcc/arm-none-eabi/12.3.1/../../../../arm-none-eabi/lib/thumb/v8-m.main+fp/hard\libcr_nohost_nf.a(_cr__main.o)
                              ./startup/startup_lpc55s69_cm33_core0.o (__main)
c:/nxp/mcuxpressoide_11.9.0_2144/ide/plugins/com.nxp.mcuxpresso.tools.win32_11.9.0.202307121226/tools/bin/../lib/gcc/arm-none-eabi/12.3.1/../../../../arm-none-eabi/lib/thumb/v8-m.main+fp/hard\libcr_c.a(cosf.o)
                              ./source/lcd.o (cosf)
c:/nxp/mcuxpressoide_11.9.0_2144/ide/plugins/com.nxp.mcuxpresso.tools.win32_11.9.0.202307121226/tools/bin/../lib/gcc/arm-none-eabi/12.3.1/../../../../arm-none-eabi/lib/thumb/v8-m.main+fp/hard\libcr_c.a(sinf.o)
                              ./source/lcd.o (sinf)
c:/nxp/mcuxpressoide_11.9.0_2144/ide/plugins/com.nxp.mcuxpresso.tools.win32_11.9.0.202307121226/tools/bin/../lib/gcc/arm-none-eabi/12.3.1/../../../../arm-none-eabi/lib/thumb/v8-m.main+fp/hard\libcr_c.a(memcpy.o)
                              ./utilities/fsl_str.o (memcpy)
c:/nxp/mcuxpressoide_11.9.0_2144/ide/plugins/com.nxp.mcuxpresso.tools.win32_11.9.0.202307121226/tools/bin/../lib/gcc/arm-none-eabi/12.3.1/../../../../arm-none-eabi/lib/thumb/v8-m.main+fp/hard\libcr_c.a(memset.o)
                              ./utilities/fsl_debug_console.o (memset)
c:/nxp/mcuxpressoide_11.9.0_2144/ide/plugins/com.nxp.mcuxpresso.tools.win32_11.9.0.202307121226/tools/bin/../lib/gcc/arm-none-eabi/12.3.1/../../../../arm-none-eabi/lib/thumb/v8-m.main+fp/hard\libcr_c.a(alloc.o)
                              ./drivers/fsl_common.o (malloc)
c:/nxp/mcuxpressoide_11.9.0_2144/ide/plugins/com.nxp.mcuxpresso.tools.win32_11.9.0.202307121226/tools/bin/../lib/gcc/arm-none-eabi/12.3.1/../../../../arm-none-eabi/lib/thumb/v8-m.main+fp/hard\libcr_c.a(errno.o)
                              ./utilities/fsl_str.o (errno)
c:/nxp/mcuxpressoide_11.9.0_2144/ide/plugins/com.nxp.mcuxpresso.tools.win32_11.9.0.202307121226/tools/bin/../lib/gcc/arm-none-eabi/12.3.1/../../../../arm-none-eabi/lib/thumb/v8-m.main+fp/hard\libcr_c.a(initio.o)
                              c:/nxp/mcuxpressoide_11.9.0_2144/ide/plugins/com.nxp.mcuxpresso.tools.win32_11.9.0.202307121226/tools/bin/../lib/gcc/arm-none-eabi/12.3.1/../../../../arm-none-eabi/lib/thumb/v8-m.main+fp/hard\libcr_nohost_nf.a(_cr__main.o) (_initio)
c:/nxp/mcuxpressoide_11.9.0_2144/ide/plugins/com.nxp.mcuxpresso.tools.win32_11.9.0.202307121226/tools/bin/../lib/gcc/arm-none-eabi/12.3.1/../../../../arm-none-eabi/lib/thumb/v8-m.main+fp/hard\libcr_c.a(scanf.o)
                              ./utilities/fsl_str.o (strtoul)
c:/nxp/mcuxpressoide_11.9.0_2144/ide/plugins/com.nxp.mcuxpresso.tools.win32_11.9.0.202307121226/tools/bin/../lib/gcc/arm-none-eabi/12.3.1/../../../../arm-none-eabi/lib/thumb/v8-m.main+fp/hard\libcr_c.a(setvbuf.o)
                              c:/nxp/mcuxpressoide_11.9.0_2144/ide/plugins/com.nxp.mcuxpresso.tools.win32_11.9.0.202307121226/tools/bin/../lib/gcc/arm-none-eabi/12.3.1/../../../../arm-none-eabi/lib/thumb/v8-m.main+fp/hard\libcr_c.a(initio.o) (setvbuf)
c:/nxp/mcuxpressoide_11.9.0_2144/ide/plugins/com.nxp.mcuxpresso.tools.win32_11.9.0.202307121226/tools/bin/../lib/gcc/arm-none-eabi/12.3.1/../../../../arm-none-eabi/lib/thumb/v8-m.main+fp/hard\libcr_c.a(stdlib.o)
                              ./source/lcd.o (abs)
c:/nxp/mcuxpressoide_11.9.0_2144/ide/plugins/com.nxp.mcuxpresso.tools.win32_11.9.0.202307121226/tools/bin/../lib/gcc/arm-none-eabi/12.3.1/../../../../arm-none-eabi/lib/thumb/v8-m.main+fp/hard\libcr_c.a(strlen.o)
                              ./utilities/fsl_str.o (strlen)
c:/nxp/mcuxpressoide_11.9.0_2144/ide/plugins/com.nxp.mcuxpresso.tools.win32_11.9.0.202307121226/tools/bin/../lib/gcc/arm-none-eabi/12.3.1/../../../../arm-none-eabi/lib/thumb/v8-m.main+fp/hard\libcr_c.a(ungetc.o)
                              c:/nxp/mcuxpressoide_11.9.0_2144/ide/plugins/com.nxp.mcuxpresso.tools.win32_11.9.0.202307121226/tools/bin/../lib/gcc/arm-none-eabi/12.3.1/../../../../arm-none-eabi/lib/thumb/v8-m.main+fp/hard\libcr_c.a(scanf.o) (ungetc)
c:/nxp/mcuxpressoide_11.9.0_2144/ide/plugins/com.nxp.mcuxpresso.tools.win32_11.9.0.202307121226/tools/bin/../lib/gcc/arm-none-eabi/12.3.1/../../../../arm-none-eabi/lib/thumb/v8-m.main+fp/hard\libcr_c.a(_sincosf.o)
                              c:/nxp/mcuxpressoide_11.9.0_2144/ide/plugins/com.nxp.mcuxpresso.tools.win32_11.9.0.202307121226/tools/bin/../lib/gcc/arm-none-eabi/12.3.1/../../../../arm-none-eabi/lib/thumb/v8-m.main+fp/hard\libcr_c.a(cosf.o) (_sincosf)
c:/nxp/mcuxpressoide_11.9.0_2144/ide/plugins/com.nxp.mcuxpresso.tools.win32_11.9.0.202307121226/tools/bin/../lib/gcc/arm-none-eabi/12.3.1/../../../../arm-none-eabi/lib/thumb/v8-m.main+fp/hard\libcr_c.a(fabsf.o)
[...]
Memory Configuration

Name             Origin             Length             Attributes
PROGRAM_FLASH    0x00000000         0x0009d800         xr
SRAM             0x20000000         0x00040000         xrw
SRAMX            0x04000000         0x00008000         xrw
USB_RAM          0x40100000         0x00004000         xrw
SRAM4            0x20040000         0x00004000         xrw
*default*        0x00000000         0xffffffff

Linker script and memory map

LOAD ./utilities/fsl_assert.o
LOAD ./utilities/fsl_debug_console.o
LOAD ./utilities/fsl_str.o
LOAD ./startup/boot_multicore_slave.o
LOAD ./startup/startup_lpc55s69_cm33_core0.o
LOAD ./source/PSM2_ToF.o
LOAD ./source/colorConverter.o
LOAD ./source/interpolation.o
LOAD ./source/lcd.o
LOAD ./source/platform.o
LOAD ./source/semihost_hardfault.o
LOAD ./source/vl53l5cx_api.o
LOAD ./drivers/fsl_clock.o
LOAD ./drivers/fsl_common.o
LOAD ./drivers/fsl_common_arm.o
LOAD ./drivers/fsl_ctimer.o
LOAD ./drivers/fsl_flexcomm.o
LOAD ./drivers/fsl_gpio.o
LOAD ./drivers/fsl_i2c.o
LOAD ./drivers/fsl_inputmux.o
LOAD ./drivers/fsl_pint.o
LOAD ./drivers/fsl_power.o
LOAD ./drivers/fsl_reset.o
LOAD ./drivers/fsl_spi.o
LOAD ./drivers/fsl_usart.o
LOAD ./device/system_LPC55S69_cm33_core0.o
LOAD ./component/uart/fsl_adapter_usart.o
LOAD ./component/serial_manager/fsl_component_serial_manager.o
LOAD ./component/serial_manager/fsl_component_serial_port_uart.o
LOAD ./component/lists/fsl_component_generic_list.o
LOAD ./board/board.o
LOAD ./board/clock_config.o
LOAD ./board/peripherals.o
LOAD ./board/pin_mux.o
START GROUP
LOAD c:/nxp/mcuxpressoide_11.9.0_2144/ide/plugins/com.nxp.mcuxpresso.tools.win32_11.9.0.202307121226/tools/bin/../lib/gcc/arm-none-eabi/12.3.1/../../../../arm-none-eabi/lib/thumb/v8-m.main+fp/hard\libcr_nohost_nf.a
LOAD c:/nxp/mcuxpressoide_11.9.0_2144/ide/plugins/com.nxp.mcuxpresso.tools.win32_11.9.0.202307121226/tools/bin/../lib/gcc/arm-none-eabi/12.3.1/../../../../arm-none-eabi/lib/thumb/v8-m.main+fp/hard\libcr_c.a
LOAD c:/nxp/mcuxpressoide_11.9.0_2144/ide/plugins/com.nxp.mcuxpresso.tools.win32_11.9.0.202307121226/tools/bin/../lib/gcc/arm-none-eabi/12.3.1/thumb/v8-m.main+fp/hard\libcr_eabihelpers.a
LOAD c:/nxp/mcuxpressoide_11.9.0_2144/ide/plugins/com.nxp.mcuxpresso.tools.win32_11.9.0.202307121226/tools/bin/../lib/gcc/arm-none-eabi/12.3.1/thumb/v8-m.main+fp/hard\libgcc.a
END GROUP
                0x00000000                        __base_PROGRAM_FLASH = 0x0
                0x00000000                        __base_Flash = 0x0
                0x0009d800                        __top_PROGRAM_FLASH = 0x9d800
                0x0009d800                        __top_Flash = 0x9d800
                0x20000000                        __base_SRAM = 0x20000000
                0x20000000                        __base_RAM = 0x20000000
                0x20040000                        __top_SRAM = 0x20040000
                0x20040000                        __top_RAM = 0x20040000
                0x04000000                        __base_SRAMX = 0x4000000
                0x04000000                        __base_RAM2 = 0x4000000
                0x04008000                        __top_SRAMX = 0x4008000
                0x04008000                        __top_RAM2 = 0x4008000
                0x40100000                        __base_USB_RAM = 0x40100000
                0x40100000                        __base_RAM3 = 0x40100000
                0x40104000                        __top_USB_RAM = 0x40104000
                0x40104000                        __top_RAM3 = 0x40104000
                0x20040000                        __base_SRAM4 = 0x20040000
                0x20040000                        __base_RAM4 = 0x20040000
                0x20044000                        __top_SRAM4 = 0x20044000
                0x20044000                        __top_RAM4 = 0x20044000

.text           0x00000000    0x1d190
 FILL mask 0xff
                0x00000000                        __vectors_start__ = ABSOLUTE (.)
 *(SORT_BY_ALIGNMENT(.isr_vector))
 .isr_vector    0x00000000      0x130 ./startup/startup_lpc55s69_cm33_core0.o
                0x00000000                g_pfnVectors
                0x00000000                __Vectors
                0x00000130                        . = ALIGN (0x4)
                0x00000130                        __section_table_start = .
                0x00000130                        __data_section_table = .
                0x00000130        0x4 LONG 0x1d190 LOADADDR (.data)
                0x00000134        0x4 LONG 0x20000000 ADDR (.data)
                0x00000138        0x4 LONG 0x8 SIZEOF (.data)
                0x0000013c        0x4 LONG 0x1d190 LOADADDR (.data_RAM2)
                0x00000140        0x4 LONG 0x4000000 ADDR (.data_RAM2)
                0x00000144        0x4 LONG 0x0 SIZEOF (.data_RAM2)
                0x00000148        0x4 LONG 0x1d190 LOADADDR (.data_RAM3)
                0x0000014c        0x4 LONG 0x40100000 ADDR (.data_RAM3)
                0x00000150        0x4 LONG 0x0 SIZEOF (.data_RAM3)
                0x00000154        0x4 LONG 0x1d190 LOADADDR (.data_RAM4)
                0x00000158        0x4 LONG 0x20040000 ADDR (.data_RAM4)
                0x0000015c        0x4 LONG 0x0 SIZEOF (.data_RAM4)
                0x00000160                        __data_section_table_end = .
                0x00000160                        __bss_section_table = .
                0x00000160        0x4 LONG 0x20000008 ADDR (.bss)
                0x00000164        0x4 LONG 0xba10 SIZEOF (.bss)
                0x00000168        0x4 LONG 0x4000000 ADDR (.bss_RAM2)
                0x0000016c        0x4 LONG 0x0 SIZEOF (.bss_RAM2)
                0x00000170        0x4 LONG 0x40100000 ADDR (.bss_RAM3)
                0x00000174        0x4 LONG 0x0 SIZEOF (.bss_RAM3)
                0x00000178        0x4 LONG 0x20040000 ADDR (.bss_RAM4)
                0x0000017c        0x4 LONG 0x0 SIZEOF (.bss_RAM4)
                0x00000180                        __bss_section_table_end = .
                0x00000180                        __section_table_end = .
 *(SORT_BY_ALIGNMENT(.after_vectors*))
 .after_vectors.reset
                0x00000180       0x68 ./startup/startup_lpc55s69_cm33_core0.o
                0x00000180                ResetISR
 .after_vectors.init_data
                0x000001e8       0x1e ./startup/startup_lpc55s69_cm33_core0.o
                0x000001e8                data_init
 .after_vectors.init_bss
                0x00000206       0x12 ./startup/startup_lpc55s69_cm33_core0.o
                0x00000206                bss_init
 .after_vectors
                0x00000218       0x16 ./startup/startup_lpc55s69_cm33_core0.o
                0x00000218                NMI_Handler
                0x0000021c                MemManage_Handler
                0x0000021e                BusFault_Handler
                0x00000220                UsageFault_Handler
                0x00000222                SecureFault_Handler
                0x00000224                SVC_Handler
                0x00000226                DebugMon_Handler
                0x00000228                PendSV_Handler
                0x0000022a                SysTick_Handler
                0x0000022c                Reserved42_DriverIRQHandler
                0x0000022c                IntDefaultHandler
                0x0000022c                USB0_DriverIRQHandler
                0x0000022c                CASER_DriverIRQHandler
                0x0000022c                MRT0_DriverIRQHandler
                0x0000022c                UTICK0_DriverIRQHandler
                0x0000022c                Reserved41_DriverIRQHandler
                0x0000022c                GINT1_DriverIRQHandler
                0x0000022c                Reserved55_DriverIRQHandler
                0x0000022c                HASHCRYPT_DriverIRQHandler
                0x0000022c                USB0_NEEDCLK_DriverIRQHandler
                0x0000022c                DMA0_DriverIRQHandler
                0x0000022c                PQ_DriverIRQHandler
                0x0000022c                SEC_VIO_DriverIRQHandler
                0x0000022c                Reserved61_DriverIRQHandler
                0x0000022c                PUF_DriverIRQHandler
                0x0000022c                RTC_DriverIRQHandler
                0x0000022c                Reserved39_DriverIRQHandler
                0x0000022c                Reserved56_DriverIRQHandler
                0x0000022c                USB1_DriverIRQHandler
                0x0000022c                Reserved60_DriverIRQHandler
                0x0000022c                DMA1_DriverIRQHandler
                0x0000022c                ADC0_DriverIRQHandler
                0x0000022c                USB1_NEEDCLK_DriverIRQHandler
                0x0000022c                Reserved59_DriverIRQHandler
                0x0000022c                SDIO_DriverIRQHandler
                0x0000022c                GINT0_DriverIRQHandler
                0x0000022c                USB1_PHY_DriverIRQHandler
                0x0000022c                ACMP_DriverIRQHandler
                0x0000022c                Reserved57_DriverIRQHandler
                0x0000022c                MAILBOX_DriverIRQHandler
                0x0000022c                Reserved46_DriverIRQHandler
                0x0000022c                WDT_BOD_DriverIRQHandler
                0x0000022c                SCT0_DriverIRQHandler
                0x0000022c                PLU_DriverIRQHandler
                0x0000022c                OS_EVENT_DriverIRQHandler
                0x0000022c                SEC_HYPERVISOR_CALL_DriverIRQHandler
 *(SORT_BY_ALIGNMENT(.text*))
 *fill*         0x0000022e        0x2 ff
 .text.__assertion_failed
                0x00000230       0x18 ./utilities/fsl_assert.o
                0x00000230                __assertion_failed
 .text.DbgConsole_SendDataReliable
                0x00000248       0x54 ./utilities/fsl_debug_console.o
                0x00000248                DbgConsole_SendDataReliable
 .text.DbgConsole_Init
                0x0000029c      0x138 ./utilities/fsl_debug_console.o
                0x0000029c                DbgConsole_Init
 .text.DbgConsole_Vprintf
                0x000003d4       0x6c ./utilities/fsl_debug_console.o
                0x000003d4                DbgConsole_Vprintf
 .text.delay_ms
                0x00000440       0x34 ./source/PSM2_ToF.o
                0x00000440                delay_ms
 .text.cbToF_Ready
                0x00000474       0xa8 ./source/PSM2_ToF.o
                0x00000474                cbToF_Ready
 .text.drawPixels
                0x0000051c      0x118 ./source/PSM2_ToF.o
                0x0000051c                drawPixels
 .text.main     0x00000634      0x1a0 ./source/PSM2_ToF.o
                0x00000634                main
 .text.SPI_Write_Byte
                0x000007d4       0x7c ./source/lcd.o
 .text.SPI_Write_Words
                0x00000850       0xd4 ./source/lcd.o
 .text.LCD_WriteReg
                0x00000924       0x4c ./source/lcd.o
 .text.LCD_WriteData_8Bit
                0x00000970       0x4c ./source/lcd.o
 .text.LCD_GramRefresh
                0x000009bc       0x38 ./source/lcd.o
                0x000009bc                LCD_GramRefresh
 .text.LCD_Init
                0x000009f4       0x8c ./source/lcd.o
                0x000009f4                LCD_Init
 .text.LCD_Clear
                0x00000a80       0x40 ./source/lcd.o
                0x00000a80                LCD_Clear
 .text.LCD_Draw_Point
                0x00000ac0       0x4c ./source/lcd.o
                0x00000ac0                LCD_Draw_Point
 .text.LCD_Puts
                0x00000b0c      0x10c ./source/lcd.o
                0x00000b0c                LCD_Puts
 .text._vl53l5cx_send_offset_data
                0x00000c18      0x370 ./source/vl53l5cx_api.o
 .text._vl53l5cx_send_xtalk_data
                0x00000f88      0x29c ./source/vl53l5cx_api.o
 .text.vl53l5cx_init
                0x00001224      0x7f4 ./source/vl53l5cx_api.o
                0x00001224                vl53l5cx_init
 .text.vl53l5cx_start_ranging
                0x00001a18      0x2b4 ./source/vl53l5cx_api.o
                0x00001a18                vl53l5cx_start_ranging
 .text.vl53l5cx_get_ranging_data
                0x00001ccc      0x37c ./source/vl53l5cx_api.o
                0x00001ccc                vl53l5cx_get_ranging_data
 .text.vl53l5cx_dci_read_data
                0x00002048      0x114 ./source/vl53l5cx_api.o
                0x00002048                vl53l5cx_dci_read_data
 .text.POWER_EnablePD
                0x0000215c       0x20 ./drivers/fsl_clock.o
 .text.POWER_DisablePD
                0x0000217c       0x20 ./drivers/fsl_clock.o
 .text.CLOCK_AttachClk
                0x0000219c       0xa0 ./drivers/fsl_clock.o
                0x0000219c                CLOCK_AttachClk
 .text.CLOCK_SetClkDiv
                0x0000223c       0x80 ./drivers/fsl_clock.o
                0x0000223c                CLOCK_SetClkDiv
 .text.CLOCK_SetupFROClocking
                0x000022bc       0x80 ./drivers/fsl_clock.o
                0x000022bc                CLOCK_SetupFROClocking
 .text.CLOCK_SetFLASHAccessCyclesForFreq
                0x0000233c      0x17c ./drivers/fsl_clock.o
                0x0000233c                CLOCK_SetFLASHAccessCyclesForFreq
 .text.CLOCK_SetupExtClocking
                0x000024b8       0x50 ./drivers/fsl_clock.o
                0x000024b8                CLOCK_SetupExtClocking
 .text.CLOCK_GetFro1MFreq
                0x00002508       0x28 ./drivers/fsl_clock.o
                0x00002508                CLOCK_GetFro1MFreq
 .text.CLOCK_GetExtClkFreq
                0x00002530       0x2c ./drivers/fsl_clock.o
                0x00002530                CLOCK_GetExtClkFreq
 .text.CLOCK_GetOsc32KFreq
                0x0000255c       0x58 ./drivers/fsl_clock.o
                0x0000255c                CLOCK_GetOsc32KFreq
 .text.CLOCK_GetPLL0InClockRate
                0x000025b4       0x64 ./drivers/fsl_clock.o
                0x000025b4                CLOCK_GetPLL0InClockRate
 .text.CLOCK_SetPLL0Freq
                0x00002618      0x14c ./drivers/fsl_clock.o
                0x00002618                CLOCK_SetPLL0Freq
 .text.SDK_DelayAtLeastUs
                0x00002764       0x8c ./drivers/fsl_common_arm.o
                0x00002764                SDK_DelayAtLeastUs
 .text.CTIMER_GenericIRQHandler
                0x000027f0       0xb4 ./drivers/fsl_ctimer.o
 .text.FLEXCOMM_GetInstance
                0x000028a4       0x50 ./drivers/fsl_flexcomm.o
                0x000028a4                FLEXCOMM_GetInstance
 .text.FLEXCOMM_Init
                0x000028f4       0x50 ./drivers/fsl_flexcomm.o
                0x000028f4                FLEXCOMM_Init
 .text.FLEXCOMM0_DriverIRQHandler
                0x00002944       0x5c ./drivers/fsl_flexcomm.o
                0x00002944                FLEXCOMM0_DriverIRQHandler
 .text.FLEXCOMM1_DriverIRQHandler
                0x000029a0       0x5c ./drivers/fsl_flexcomm.o
                0x000029a0                FLEXCOMM1_DriverIRQHandler
 .text.FLEXCOMM2_DriverIRQHandler
                0x000029fc       0x5c ./drivers/fsl_flexcomm.o
                0x000029fc                FLEXCOMM2_DriverIRQHandler
 .text.FLEXCOMM3_DriverIRQHandler
                0x00002a58       0x5c ./drivers/fsl_flexcomm.o
                0x00002a58                FLEXCOMM3_DriverIRQHandler
 .text.FLEXCOMM4_DriverIRQHandler
                0x00002ab4       0x5c ./drivers/fsl_flexcomm.o
                0x00002ab4                FLEXCOMM4_DriverIRQHandler
 .text.FLEXCOMM5_DriverIRQHandler
                0x00002b10       0x5c ./drivers/fsl_flexcomm.o
                0x00002b10                FLEXCOMM5_DriverIRQHandler
 .text.FLEXCOMM6_DriverIRQHandler
                0x00002b6c       0x5c ./drivers/fsl_flexcomm.o
                0x00002b6c                FLEXCOMM6_DriverIRQHandler
 .text.FLEXCOMM7_DriverIRQHandler
                0x00002bc8       0x5c ./drivers/fsl_flexcomm.o
                0x00002bc8                FLEXCOMM7_DriverIRQHandler
 .text.FLEXCOMM8_DriverIRQHandler
                0x00002c24       0x5c ./drivers/fsl_flexcomm.o
                0x00002c24                FLEXCOMM8_DriverIRQHandler
 .text.GPIO_EnablePortClock
                0x00002c80       0x34 ./drivers/fsl_gpio.o
 .text.I2C_ClearStatusFlags
                0x00002cb4       0x2c ./drivers/fsl_i2c.o
 .text.I2C_MasterSetBaudRate
                0x00002ce0      0x13c ./drivers/fsl_i2c.o
                0x00002ce0                I2C_MasterSetBaudRate
 .text.I2C_MasterSetTimeoutValue
                0x00002e1c       0x84 ./drivers/fsl_i2c.o
                0x00002e1c                I2C_MasterSetTimeoutValue
 .text.I2C_PendingStatusWait
                0x00002ea0       0x74 ./drivers/fsl_i2c.o
 .text.I2C_MasterWriteBlocking
                0x00002f14       0xe4 ./drivers/fsl_i2c.o
                0x00002f14                I2C_MasterWriteBlocking
 .text.I2C_MasterReadBlocking
                0x00002ff8       0xcc ./drivers/fsl_i2c.o
                0x00002ff8                I2C_MasterReadBlocking
 .text.__NVIC_EnableIRQ
                0x000030c4       0x3c ./drivers/fsl_pint.o
 .text.__NVIC_ClearPendingIRQ
                0x00003100       0x3c ./drivers/fsl_pint.o
 .text.PINT_Init
                0x0000313c       0xd4 ./drivers/fsl_pint.o
                0x0000313c                PINT_Init
 .text.PINT_PinInterruptConfig
                0x00003210       0xd0 ./drivers/fsl_pint.o
                0x00003210                PINT_PinInterruptConfig
 .text.PINT_EnableCallbackByIndex
                0x000032e0       0x5c ./drivers/fsl_pint.o
                0x000032e0                PINT_EnableCallbackByIndex
 .text.SEC_GPIO_INT0_IRQ0_DriverIRQHandler
                0x0000333c       0x48 ./drivers/fsl_pint.o
                0x0000333c                SEC_GPIO_INT0_IRQ0_DriverIRQHandler
 .text.SEC_GPIO_INT0_IRQ1_DriverIRQHandler
                0x00003384       0x44 ./drivers/fsl_pint.o
                0x00003384                SEC_GPIO_INT0_IRQ1_DriverIRQHandler
 .text.PIN_INT0_DriverIRQHandler
                0x000033c8       0x48 ./drivers/fsl_pint.o
                0x000033c8                PIN_INT0_DriverIRQHandler
 .text.PIN_INT1_DriverIRQHandler
                0x00003410       0x48 ./drivers/fsl_pint.o
                0x00003410                PIN_INT1_DriverIRQHandler
 .text.PIN_INT2_DriverIRQHandler
                0x00003458       0x48 ./drivers/fsl_pint.o
                0x00003458                PIN_INT2_DriverIRQHandler
 .text.PIN_INT3_DriverIRQHandler
                0x000034a0       0x48 ./drivers/fsl_pint.o
                0x000034a0                PIN_INT3_DriverIRQHandler
 .text.PIN_INT4_DriverIRQHandler
                0x000034e8       0x48 ./drivers/fsl_pint.o
                0x000034e8                PIN_INT4_DriverIRQHandler
 .text.PIN_INT5_DriverIRQHandler
                0x00003530       0x48 ./drivers/fsl_pint.o
                0x00003530                PIN_INT5_DriverIRQHandler
 .text.PIN_INT6_DriverIRQHandler
                0x00003578       0x48 ./drivers/fsl_pint.o
                0x00003578                PIN_INT6_DriverIRQHandler
 .text.PIN_INT7_DriverIRQHandler
                0x000035c0       0x48 ./drivers/fsl_pint.o
                0x000035c0                PIN_INT7_DriverIRQHandler
 .text.lowpower_set_system_voltage
                0x00003608      0x154 ./drivers/fsl_power.o
 .text.lowpower_set_dcdc_power_profile
                0x0000375c       0xec ./drivers/fsl_power.o
 .text.lowpower_get_part_process_corner
                0x00003848       0x94 ./drivers/fsl_power.o
 .text.POWER_SetVoltageForFreq
                0x000038dc       0x50 ./drivers/fsl_power.o
                0x000038dc                POWER_SetVoltageForFreq
 .text.RESET_SetPeripheralReset
                0x0000392c       0x5c ./drivers/fsl_reset.o
                0x0000392c                RESET_SetPeripheralReset
 .text.RESET_ClearPeripheralReset
                0x00003988       0x60 ./drivers/fsl_reset.o
                0x00003988                RESET_ClearPeripheralReset
 .text.SPI_SetTransferDelay
                0x000039e8       0x60 ./drivers/fsl_spi.o
 .text.SPI_GetInstance
                0x00003a48       0x4c ./drivers/fsl_spi.o
                0x00003a48                SPI_GetInstance
 .text.SPI_SetDummyData
                0x00003a94       0x2c ./drivers/fsl_spi.o
                0x00003a94                SPI_SetDummyData
 .text.SPI_GetConfig
                0x00003ac0       0x24 ./drivers/fsl_spi.o
                0x00003ac0                SPI_GetConfig
 .text.SPI_MasterInit
                0x00003ae4      0x190 ./drivers/fsl_spi.o
                0x00003ae4                SPI_MasterInit
 .text.SPI_MasterSetBaud
                0x00003c74       0x9c ./drivers/fsl_spi.o
                0x00003c74                SPI_MasterSetBaud
 .text.USART_Init
                0x00003d10      0x1cc ./drivers/fsl_usart.o
                0x00003d10                USART_Init
 .text.USART_GetDefaultConfig
                0x00003edc       0x80 ./drivers/fsl_usart.o
                0x00003edc                USART_GetDefaultConfig
 .text.USART_SetBaudRate
                0x00003f5c      0x18c ./drivers/fsl_usart.o
                0x00003f5c                USART_SetBaudRate
 .text.USART_WriteBlocking
                0x000040e8       0x8c ./drivers/fsl_usart.o
                0x000040e8                USART_WriteBlocking
 .text.SystemInit
                0x00004174       0x64 ./device/system_LPC55S69_cm33_core0.o
                0x00004174                SystemInit
 .text.HAL_UartInitCommon
                0x000041d8      0x110 ./component/uart/fsl_adapter_usart.o
 .text.HAL_UartSendBlocking
                0x000042e8       0x64 ./component/uart/fsl_adapter_usart.o
                0x000042e8                HAL_UartSendBlocking
 .text.BOARD_InitDebugConsole
                0x0000434c       0x38 ./board/board.o
                0x0000434c                BOARD_InitDebugConsole
 .text.POWER_DisablePD
                0x00004384       0x20 ./board/clock_config.o
 .text.BOARD_BootClockPLL150M
                0x000043a4      0x118 ./board/clock_config.o
                0x000043a4                BOARD_BootClockPLL150M
 .text.FLEXCOMM4_init
                0x000044bc       0x20 ./board/peripherals.o
 .text.PINT_init
                0x000044dc       0x24 ./board/peripherals.o
 .text.FLEXCOMM3_init
                0x00004500       0x20 ./board/peripherals.o
 .text.BOARD_InitDEBUG_UARTPins
                0x00004520       0x3c ./board/pin_mux.o
                0x00004520                BOARD_InitDEBUG_UARTPins
 .text.BOARD_ToFCamPins
                0x0000455c       0xfc ./board/pin_mux.o
                0x0000455c                BOARD_ToFCamPins
 .text.BOARD_InitPMODPins
                0x00004658       0xc4 ./board/pin_mux.o
                0x00004658                BOARD_InitPMODPins
 .text._initio  0x0000471c       0x78 c:/nxp/mcuxpressoide_11.9.0_2144/ide/plugins/com.nxp.mcuxpresso.tools.win32_11.9.0.202307121226/tools/bin/../lib/gcc/arm-none-eabi/12.3.1/../../../../arm-none-eabi/lib/thumb/v8-m.main+fp/hard\libcr_c.a(initio.o)
                0x0000471c                _initio
 .text._Cwritebuf
                0x00004794       0x6c c:/nxp/mcuxpressoide_11.9.0_2144/ide/plugins/com.nxp.mcuxpresso.tools.win32_11.9.0.202307121226/tools/bin/../lib/gcc/arm-none-eabi/12.3.1/../../../../arm-none-eabi/lib/thumb/v8-m.main+fp/hard\libcr_c.a(_writebuf.o)
                0x00004794                _Cwritebuf
 .text.fflush   0x00004800       0x3c c:/nxp/mcuxpressoide_11.9.0_2144/ide/plugins/com.nxp.mcuxpresso.tools.win32_11.9.0.202307121226/tools/bin/../lib/gcc/arm-none-eabi/12.3.1/../../../../arm-none-eabi/lib/thumb/v8-m.main+fp/hard\libcr_c.a(fflush.o)
                0x00004800                fflush
 .text.fseek    0x0000483c       0xf8 c:/nxp/mcuxpressoide_11.9.0_2144/ide/plugins/com.nxp.mcuxpresso.tools.win32_11.9.0.202307121226/tools/bin/../lib/gcc/arm-none-eabi/12.3.1/../../../../arm-none-eabi/lib/thumb/v8-m.main+fp/hard\libcr_c.a(fseek.o)
                0x0000483c                fseek
 .text.ftell    0x00004934       0x44 c:/nxp/mcuxpressoide_11.9.0_2144/ide/plugins/com.nxp.mcuxpresso.tools.win32_11.9.0.202307121226/tools/bin/../lib/gcc/arm-none-eabi/12.3.1/../../../../arm-none-eabi/lib/thumb/v8-m.main+fp/hard\libcr_c.a(ftell.o)
                0x00004934                ftell
 .text.DbgConsole_PrintCallback
                0x00004978       0x66 ./utilities/fsl_debug_console.o
 .text.DbgConsole_Printf
                0x000049de       0x2c ./utilities/fsl_debug_console.o
                0x000049de                DbgConsole_Printf
 .text.PrintGetWidth
                0x00004a0a       0x6a ./utilities/fsl_str.o
 .text.PrintGetPrecision
                0x00004a74       0x8c ./utilities/fsl_str.o
 .text.PrintIsobpu
                0x00004b00       0x38 ./utilities/fsl_str.o
 .text.PrintIsdi
                0x00004b38       0x2c ./utilities/fsl_str.o
 .text.PrintOutputdifFobpu
                0x00004b64       0x44 ./utilities/fsl_str.o
 .text.PrintOutputxX
                0x00004ba8       0x44 ./utilities/fsl_str.o
 .text.PrintIsfF
                0x00004bec       0x2c ./utilities/fsl_str.o
 .text.PrintIsxX
                0x00004c18       0x2c ./utilities/fsl_str.o
 .text.PrintFilterLengthFlag
                0x00004c44       0x3e ./utilities/fsl_str.o
 .text.PrintGetRadixFromobpu
                0x00004c82       0x40 ./utilities/fsl_str.o
 .text.ConvertRadixNumToString
                0x00004cc2       0xc2 ./utilities/fsl_str.o
 .text.StrFormatPrintf
                0x00004d84      0x2ac ./utilities/fsl_str.o
                0x00004d84                StrFormatPrintf
 .text.WDT_BOD_IRQHandler
                0x00005030        0x8 ./startup/startup_lpc55s69_cm33_core0.o
                0x00005030                WDT_BOD_IRQHandler
 .text.DMA0_IRQHandler
                0x00005038        0x8 ./startup/startup_lpc55s69_cm33_core0.o
                0x00005038                DMA0_IRQHandler
 .text.GINT0_IRQHandler
                0x00005040        0x8 ./startup/startup_lpc55s69_cm33_core0.o
                0x00005040                GINT0_IRQHandler
 .text.GINT1_IRQHandler
                0x00005048        0x8 ./startup/startup_lpc55s69_cm33_core0.o
                0x00005048                GINT1_IRQHandler
 .text.PIN_INT0_IRQHandler
                0x00005050        0x8 ./startup/startup_lpc55s69_cm33_core0.o
                0x00005050                PIN_INT0_IRQHandler
 .text.PIN_INT1_IRQHandler
                0x00005058        0x8 ./startup/startup_lpc55s69_cm33_core0.o
                0x00005058                PIN_INT1_IRQHandler
 .text.PIN_INT2_IRQHandler
                0x00005060        0x8 ./startup/startup_lpc55s69_cm33_core0.o
                0x00005060                PIN_INT2_IRQHandler
 .text.PIN_INT3_IRQHandler
                0x00005068        0x8 ./startup/startup_lpc55s69_cm33_core0.o
                0x00005068                PIN_INT3_IRQHandler
 .text.UTICK0_IRQHandler
                0x00005070        0x8 ./startup/startup_lpc55s69_cm33_core0.o
                0x00005070                UTICK0_IRQHandler
 .text.MRT0_IRQHandler
                0x00005078        0x8 ./startup/startup_lpc55s69_cm33_core0.o
                0x00005078                MRT0_IRQHandler
 .text.CTIMER0_IRQHandler
                0x00005080        0x8 ./startup/startup_lpc55s69_cm33_core0.o
                0x00005080                CTIMER0_IRQHandler
 .text.CTIMER1_IRQHandler
                0x00005088        0x8 ./startup/startup_lpc55s69_cm33_core0.o
                0x00005088                CTIMER1_IRQHandler
 .text.SCT0_IRQHandler
                0x00005090        0x8 ./startup/startup_lpc55s69_cm33_core0.o
                0x00005090                SCT0_IRQHandler
 .text.CTIMER3_IRQHandler
                0x00005098        0x8 ./startup/startup_lpc55s69_cm33_core0.o
                0x00005098                CTIMER3_IRQHandler
 .text.FLEXCOMM0_IRQHandler
                0x000050a0        0x8 ./startup/startup_lpc55s69_cm33_core0.o
                0x000050a0                FLEXCOMM0_IRQHandler
 .text.FLEXCOMM1_IRQHandler
                0x000050a8        0x8 ./startup/startup_lpc55s69_cm33_core0.o
                0x000050a8                FLEXCOMM1_IRQHandler
 .text.FLEXCOMM2_IRQHandler
                0x000050b0        0x8 ./startup/startup_lpc55s69_cm33_core0.o
                0x000050b0                FLEXCOMM2_IRQHandler
 .text.FLEXCOMM3_IRQHandler
                0x000050b8        0x8 ./startup/startup_lpc55s69_cm33_core0.o
                0x000050b8                FLEXCOMM3_IRQHandler
 .text.FLEXCOMM4_IRQHandler
                0x000050c0        0x8 ./startup/startup_lpc55s69_cm33_core0.o
                0x000050c0                FLEXCOMM4_IRQHandler
 .text.FLEXCOMM5_IRQHandler
                0x000050c8        0x8 ./startup/startup_lpc55s69_cm33_core0.o
                0x000050c8                FLEXCOMM5_IRQHandler
 .text.FLEXCOMM6_IRQHandler
                0x000050d0        0x8 ./startup/startup_lpc55s69_cm33_core0.o
                0x000050d0                FLEXCOMM6_IRQHandler
 .text.FLEXCOMM7_IRQHandler
                0x000050d8        0x8 ./startup/startup_lpc55s69_cm33_core0.o
                0x000050d8                FLEXCOMM7_IRQHandler
 .text.ADC0_IRQHandler
                0x000050e0        0x8 ./startup/startup_lpc55s69_cm33_core0.o
                0x000050e0                ADC0_IRQHandler
 .text.Reserved39_IRQHandler
                0x000050e8        0x8 ./startup/startup_lpc55s69_cm33_core0.o
                0x000050e8                Reserved39_IRQHandler
 .text.ACMP_IRQHandler
                0x000050f0        0x8 ./startup/startup_lpc55s69_cm33_core0.o
                0x000050f0                ACMP_IRQHandler
 .text.Reserved41_IRQHandler
                0x000050f8        0x8 ./startup/startup_lpc55s69_cm33_core0.o
                0x000050f8                Reserved41_IRQHandler
 .text.Reserved42_IRQHandler
                0x00005100        0x8 ./startup/startup_lpc55s69_cm33_core0.o
                0x00005100                Reserved42_IRQHandler
 .text.USB0_NEEDCLK_IRQHandler
                0x00005108        0x8 ./startup/startup_lpc55s69_cm33_core0.o
                0x00005108                USB0_NEEDCLK_IRQHandler
 .text.USB0_IRQHandler
                0x00005110        0x8 ./startup/startup_lpc55s69_cm33_core0.o
                0x00005110                USB0_IRQHandler
 .text.RTC_IRQHandler
                0x00005118        0x8 ./startup/startup_lpc55s69_cm33_core0.o
                0x00005118                RTC_IRQHandler
 .text.Reserved46_IRQHandler
                0x00005120        0x8 ./startup/startup_lpc55s69_cm33_core0.o
                0x00005120                Reserved46_IRQHandler
 .text.MAILBOX_IRQHandler
                0x00005128        0x8 ./startup/startup_lpc55s69_cm33_core0.o
                0x00005128                MAILBOX_IRQHandler
 .text.PIN_INT4_IRQHandler
                0x00005130        0x8 ./startup/startup_lpc55s69_cm33_core0.o
                0x00005130                PIN_INT4_IRQHandler
 .text.PIN_INT5_IRQHandler
                0x00005138        0x8 ./startup/startup_lpc55s69_cm33_core0.o
                0x00005138                PIN_INT5_IRQHandler
 .text.PIN_INT6_IRQHandler
                0x00005140        0x8 ./startup/startup_lpc55s69_cm33_core0.o
                0x00005140                PIN_INT6_IRQHandler
 .text.PIN_INT7_IRQHandler
                0x00005148        0x8 ./startup/startup_lpc55s69_cm33_core0.o
                0x00005148                PIN_INT7_IRQHandler
 .text.CTIMER2_IRQHandler
                0x00005150        0x8 ./startup/startup_lpc55s69_cm33_core0.o
                0x00005150                CTIMER2_IRQHandler
 .text.CTIMER4_IRQHandler
                0x00005158        0x8 ./startup/startup_lpc55s69_cm33_core0.o
                0x00005158                CTIMER4_IRQHandler
 .text.OS_EVENT_IRQHandler
                0x00005160        0x8 ./startup/startup_lpc55s69_cm33_core0.o
                0x00005160                OS_EVENT_IRQHandler
 .text.Reserved55_IRQHandler
                0x00005168        0x8 ./startup/startup_lpc55s69_cm33_core0.o
                0x00005168                Reserved55_IRQHandler
 .text.Reserved56_IRQHandler
                0x00005170        0x8 ./startup/startup_lpc55s69_cm33_core0.o
                0x00005170                Reserved56_IRQHandler
 .text.Reserved57_IRQHandler
                0x00005178        0x8 ./startup/startup_lpc55s69_cm33_core0.o
                0x00005178                Reserved57_IRQHandler
 .text.SDIO_IRQHandler
                0x00005180        0x8 ./startup/startup_lpc55s69_cm33_core0.o
                0x00005180                SDIO_IRQHandler
 .text.Reserved59_IRQHandler
                0x00005188        0x8 ./startup/startup_lpc55s69_cm33_core0.o
                0x00005188                Reserved59_IRQHandler
 .text.Reserved60_IRQHandler
                0x00005190        0x8 ./startup/startup_lpc55s69_cm33_core0.o
                0x00005190                Reserved60_IRQHandler
 .text.Reserved61_IRQHandler
                0x00005198        0x8 ./startup/startup_lpc55s69_cm33_core0.o
                0x00005198                Reserved61_IRQHandler
 .text.USB1_PHY_IRQHandler
                0x000051a0        0x8 ./startup/startup_lpc55s69_cm33_core0.o
                0x000051a0                USB1_PHY_IRQHandler
 .text.USB1_IRQHandler
                0x000051a8        0x8 ./startup/startup_lpc55s69_cm33_core0.o
                0x000051a8                USB1_IRQHandler
 .text.USB1_NEEDCLK_IRQHandler
                0x000051b0        0x8 ./startup/startup_lpc55s69_cm33_core0.o
                0x000051b0                USB1_NEEDCLK_IRQHandler
 .text.SEC_HYPERVISOR_CALL_IRQHandler
                0x000051b8        0x8 ./startup/startup_lpc55s69_cm33_core0.o
                0x000051b8                SEC_HYPERVISOR_CALL_IRQHandler
 .text.SEC_GPIO_INT0_IRQ0_IRQHandler
                0x000051c0        0x8 ./startup/startup_lpc55s69_cm33_core0.o
                0x000051c0                SEC_GPIO_INT0_IRQ0_IRQHandler
 .text.SEC_GPIO_INT0_IRQ1_IRQHandler
                0x000051c8        0x8 ./startup/startup_lpc55s69_cm33_core0.o
                0x000051c8                SEC_GPIO_INT0_IRQ1_IRQHandler
 .text.PLU_IRQHandler
                0x000051d0        0x8 ./startup/startup_lpc55s69_cm33_core0.o
                0x000051d0                PLU_IRQHandler
 .text.SEC_VIO_IRQHandler
                0x000051d8        0x8 ./startup/startup_lpc55s69_cm33_core0.o
                0x000051d8                SEC_VIO_IRQHandler
 .text.HASHCRYPT_IRQHandler
                0x000051e0        0x8 ./startup/startup_lpc55s69_cm33_core0.o
                0x000051e0                HASHCRYPT_IRQHandler
 .text.CASER_IRQHandler
                0x000051e8        0x8 ./startup/startup_lpc55s69_cm33_core0.o
                0x000051e8                CASER_IRQHandler
 .text.PUF_IRQHandler
                0x000051f0        0x8 ./startup/startup_lpc55s69_cm33_core0.o
                0x000051f0                PUF_IRQHandler
 .text.PQ_IRQHandler
                0x000051f8        0x8 ./startup/startup_lpc55s69_cm33_core0.o
                0x000051f8                PQ_IRQHandler
 .text.DMA1_IRQHandler
                0x00005200        0x8 ./startup/startup_lpc55s69_cm33_core0.o
                0x00005200                DMA1_IRQHandler
 .text.FLEXCOMM8_IRQHandler
                0x00005208        0x8 ./startup/startup_lpc55s69_cm33_core0.o
                0x00005208                FLEXCOMM8_IRQHandler
 .text.GPIO_PinWrite
                0x00005210       0x2a ./source/PSM2_ToF.o
 .text.convertToColor
                0x0000523a       0x86 ./source/colorConverter.o
                0x0000523a                convertToColor
 .text.bilinear
                0x000052c0      0x20e ./source/interpolation.o
                0x000052c0                bilinear
 .text.GPIO_PinWrite
                0x000054ce       0x2a ./source/lcd.o
 .text.Driver_Delay_ms
                0x000054f8       0x30 ./source/lcd.o
                0x000054f8                Driver_Delay_ms
 .text.LCD_InitReg
                0x00005528      0x1d0 ./source/lcd.o
 .text.LCD_SetHome
                0x000056f8       0x4a ./source/lcd.o
 .text.I2C_MasterRepeatedStart
                0x00005742       0x26 ./source/platform.o
 .text.RdByte   0x00005768       0x90 ./source/platform.o
                0x00005768                RdByte
 .text.WrByte   0x000057f8       0x6c ./source/platform.o
                0x000057f8                WrByte
 .text.WrMulti  0x00005864       0x7c ./source/platform.o
                0x00005864                WrMulti
 .text.RdMulti  0x000058e0       0x92 ./source/platform.o
                0x000058e0                RdMulti
 .text.SwapBuffer
                0x00005972       0x70 ./source/platform.o
                0x00005972                SwapBuffer
 .text.WaitMs   0x000059e2       0x36 ./source/platform.o
                0x000059e2                WaitMs
 .text.HardFault_Handler
                0x00005a18       0x36 ./source/semihost_hardfault.o
                0x00005a18                HardFault_Handler
 .text._vl53l5cx_poll_for_answer
                0x00005a4e       0xa4 ./source/vl53l5cx_api.o
 .text.vl53l5cx_is_alive
                0x00005af2       0x92 ./source/vl53l5cx_api.o
                0x00005af2                vl53l5cx_is_alive
 .text.vl53l5cx_get_resolution
                0x00005b84       0x4a ./source/vl53l5cx_api.o
                0x00005b84                vl53l5cx_get_resolution
 .text.vl53l5cx_set_resolution
                0x00005bce      0x1a8 ./source/vl53l5cx_api.o
                0x00005bce                vl53l5cx_set_resolution
 .text.vl53l5cx_set_ranging_frequency_hz
                0x00005d76       0x42 ./source/vl53l5cx_api.o
                0x00005d76                vl53l5cx_set_ranging_frequency_hz
 .text.vl53l5cx_set_ranging_mode
                0x00005db8       0xae ./source/vl53l5cx_api.o
                0x00005db8                vl53l5cx_set_ranging_mode
 .text.vl53l5cx_dci_write_data
                0x00005e66      0x146 ./source/vl53l5cx_api.o
                0x00005e66                vl53l5cx_dci_write_data
 .text.vl53l5cx_dci_replace_data
                0x00005fac       0x58 ./source/vl53l5cx_api.o
                0x00005fac                vl53l5cx_dci_replace_data
 .text.CLOCK_IsPLL0Locked
                0x00006004       0x24 ./drivers/fsl_clock.o
 .text.findPll0PreDiv
                0x00006028       0x3e ./drivers/fsl_clock.o
 .text.DelayLoop
                0x00006066       0x20 ./drivers/fsl_common_arm.o
 .text.CTIMER_GetStatusFlags
                0x00006086       0x18 ./drivers/fsl_ctimer.o
 .text.CTIMER_ClearStatusFlags
                0x0000609e       0x1c ./drivers/fsl_ctimer.o
 .text.CTIMER0_DriverIRQHandler
                0x000060ba        0xe ./drivers/fsl_ctimer.o
                0x000060ba                CTIMER0_DriverIRQHandler
 .text.CTIMER1_DriverIRQHandler
                0x000060c8        0xe ./drivers/fsl_ctimer.o
                0x000060c8                CTIMER1_DriverIRQHandler
 .text.CTIMER2_DriverIRQHandler
                0x000060d6        0xe ./drivers/fsl_ctimer.o
                0x000060d6                CTIMER2_DriverIRQHandler
 .text.CTIMER3_DriverIRQHandler
                0x000060e4        0xe ./drivers/fsl_ctimer.o
                0x000060e4                CTIMER3_DriverIRQHandler
 .text.CTIMER4_DriverIRQHandler
                0x000060f2        0xe ./drivers/fsl_ctimer.o
                0x000060f2                CTIMER4_DriverIRQHandler
 .text.CLOCK_EnableClock
                0x00006100       0x30 ./drivers/fsl_flexcomm.o
 .text.FLEXCOMM_PeripheralIsPresent
                0x00006130       0x64 ./drivers/fsl_flexcomm.o
 .text.FLEXCOMM_SetPeriph
                0x00006194       0x74 ./drivers/fsl_flexcomm.o
 .text.CLOCK_EnableClock
                0x00006208       0x30 ./drivers/fsl_gpio.o
 .text.GPIO_PinInit
                0x00006238       0xa4 ./drivers/fsl_gpio.o
                0x00006238                GPIO_PinInit
 .text.I2C_MasterEnable
                0x000062dc       0x44 ./drivers/fsl_i2c.o
 .text.I2C_MasterInit
                0x00006320       0x6e ./drivers/fsl_i2c.o
                0x00006320                I2C_MasterInit
 .text.I2C_GetStatusFlags
                0x0000638e       0x88 ./drivers/fsl_i2c.o
                0x0000638e                I2C_GetStatusFlags
 .text.I2C_MasterStart
                0x00006416       0x46 ./drivers/fsl_i2c.o
                0x00006416                I2C_MasterStart
 .text.I2C_MasterStop
                0x0000645c       0x2c ./drivers/fsl_i2c.o
                0x0000645c                I2C_MasterStop
 .text.INPUTMUX_AttachSignal
                0x00006488       0x38 ./drivers/fsl_inputmux.o
                0x00006488                INPUTMUX_AttachSignal
 .text.CLOCK_EnableClock
                0x000064c0       0x30 ./drivers/fsl_pint.o
 .text.EnableIRQ
                0x000064f0       0x32 ./drivers/fsl_pint.o
 .text.PINT_PinInterruptClrFallFlag
                0x00006522       0x22 ./drivers/fsl_pint.o
 .text.PINT_PinInterruptClrRiseFlag
                0x00006544       0x22 ./drivers/fsl_pint.o
 .text.PINT_PatternMatchResetDetectLogic
                0x00006566       0x34 ./drivers/fsl_pint.o
                0x00006566                PINT_PatternMatchResetDetectLogic
 .text.PINT_PinInterruptClrStatus
                0x0000659a       0x4e ./drivers/fsl_pint.o
                0x0000659a                PINT_PinInterruptClrStatus
 .text.lowpower_set_voltage_for_process
                0x000065e8       0xaa ./drivers/fsl_power.o
 .text.RESET_PeripheralReset
                0x00006692       0x1c ./drivers/fsl_reset.o
                0x00006692                RESET_PeripheralReset
 .text.SPI_Enable
                0x000066ae       0x40 ./drivers/fsl_spi.o
 .text.USART_EnableContinuousSCLK
                0x000066ee       0x38 ./drivers/fsl_usart.o
 .text.SystemInitHook
                0x00006726        0xe ./device/system_LPC55S69_cm33_core0.o
                0x00006726                SystemInitHook
 .text.HAL_UartGetStatus
                0x00006734       0x22 ./component/uart/fsl_adapter_usart.o
 .text.HAL_UartInit
                0x00006756       0x36 ./component/uart/fsl_adapter_usart.o
                0x00006756                HAL_UartInit
 .text.DisableGlobalIRQ
                0x0000678c       0x22 ./component/serial_manager/fsl_component_serial_manager.o
 .text.EnableGlobalIRQ
                0x000067ae       0x20 ./component/serial_manager/fsl_component_serial_manager.o
 .text.SerialManager_StartWriting
                0x000067ce       0x38 ./component/serial_manager/fsl_component_serial_manager.o
 .text.SerialManager_Write
                0x00006806       0x44 ./component/serial_manager/fsl_component_serial_manager.o
 .text.SerialManager_Init
                0x0000684a       0x60 ./component/serial_manager/fsl_component_serial_manager.o
                0x0000684a                SerialManager_Init
 .text.SerialManager_OpenWriteHandle
                0x000068aa       0x50 ./component/serial_manager/fsl_component_serial_manager.o
                0x000068aa                SerialManager_OpenWriteHandle
 .text.SerialManager_OpenReadHandle
                0x000068fa       0x60 ./component/serial_manager/fsl_component_serial_manager.o
                0x000068fa                SerialManager_OpenReadHandle
 .text.SerialManager_WriteBlocking
                0x0000695a       0x20 ./component/serial_manager/fsl_component_serial_manager.o
                0x0000695a                SerialManager_WriteBlocking
 .text.Serial_UartInit
                0x0000697a       0x3e ./component/serial_manager/fsl_component_serial_port_uart.o
                0x0000697a                Serial_UartInit
 .text.Serial_UartWrite
                0x000069b8       0x38 ./component/serial_manager/fsl_component_serial_port_uart.o
                0x000069b8                Serial_UartWrite
 .text.BOARD_InitBootClocks
                0x000069f0        0xc ./board/clock_config.o
                0x000069f0                BOARD_InitBootClocks
 .text.BOARD_InitPeripherals_cm33_core0
                0x000069fc       0x14 ./board/peripherals.o
                0x000069fc                BOARD_InitPeripherals_cm33_core0
 .text.BOARD_InitBootPeripherals
                0x00006a10        0xc ./board/peripherals.o
                0x00006a10                BOARD_InitBootPeripherals
 .text.CLOCK_EnableClock
                0x00006a1c       0x30 ./board/pin_mux.o
 .text.IOCON_PinMuxSet
                0x00006a4c       0x2e ./board/pin_mux.o
 .text.BOARD_InitBootPins
                0x00006a7a       0x14 ./board/pin_mux.o
                0x00006a7a                BOARD_InitBootPins
 .text.__main   0x00006a8e        0xe c:/nxp/mcuxpressoide_11.9.0_2144/ide/plugins/com.nxp.mcuxpresso.tools.win32_11.9.0.202307121226/tools/bin/../lib/gcc/arm-none-eabi/12.3.1/../../../../arm-none-eabi/lib/thumb/v8-m.main+fp/hard\libcr_nohost_nf.a(_cr__main.o)
                0x00006a8e                __main
 .text.memcpy   0x00006a9c        0x4 c:/nxp/mcuxpressoide_11.9.0_2144/ide/plugins/com.nxp.mcuxpresso.tools.win32_11.9.0.202307121226/tools/bin/../lib/gcc/arm-none-eabi/12.3.1/../../../../arm-none-eabi/lib/thumb/v8-m.main+fp/hard\libcr_c.a(memcpy.o)
                0x00006a9c                memcpy
 .text.memset   0x00006aa0        0x4 c:/nxp/mcuxpressoide_11.9.0_2144/ide/plugins/com.nxp.mcuxpresso.tools.win32_11.9.0.202307121226/tools/bin/../lib/gcc/arm-none-eabi/12.3.1/../../../../arm-none-eabi/lib/thumb/v8-m.main+fp/hard\libcr_c.a(memset.o)
                0x00006aa0                memset
 .text.free     0x00006aa4       0x30 c:/nxp/mcuxpressoide_11.9.0_2144/ide/plugins/com.nxp.mcuxpresso.tools.win32_11.9.0.202307121226/tools/bin/../lib/gcc/arm-none-eabi/12.3.1/../../../../arm-none-eabi/lib/thumb/v8-m.main+fp/hard\libcr_c.a(alloc.o)
                0x00006aa4                free
 .text.setvbuf  0x00006ad4       0x3e c:/nxp/mcuxpressoide_11.9.0_2144/ide/plugins/com.nxp.mcuxpresso.tools.win32_11.9.0.202307121226/tools/bin/../lib/gcc/arm-none-eabi/12.3.1/../../../../arm-none-eabi/lib/thumb/v8-m.main+fp/hard\libcr_c.a(setvbuf.o)
                0x00006ad4                setvbuf
 .text.strlen   0x00006b12       0x4e c:/nxp/mcuxpressoide_11.9.0_2144/ide/plugins/com.nxp.mcuxpresso.tools.win32_11.9.0.202307121226/tools/bin/../lib/gcc/arm-none-eabi/12.3.1/../../../../arm-none-eabi/lib/thumb/v8-m.main+fp/hard\libcr_c.a(strlen.o)
                0x00006b12                strlen
 .text._deferredlazyseek
                0x00006b60       0x40 c:/nxp/mcuxpressoide_11.9.0_2144/ide/plugins/com.nxp.mcuxpresso.tools.win32_11.9.0.202307121226/tools/bin/../lib/gcc/arm-none-eabi/12.3.1/../../../../arm-none-eabi/lib/thumb/v8-m.main+fp/hard\libcr_c.a(_deferredlazyseek.o)
                0x00006b60                _deferredlazyseek
 .text._fdopen  0x00006ba0       0x68 c:/nxp/mcuxpressoide_11.9.0_2144/ide/plugins/com.nxp.mcuxpresso.tools.win32_11.9.0.202307121226/tools/bin/../lib/gcc/arm-none-eabi/12.3.1/../../../../arm-none-eabi/lib/thumb/v8-m.main+fp/hard\libcr_c.a(_fdopen.o)
                0x00006ba0                _fdopen
 .text._fflush  0x00006c08       0x52 c:/nxp/mcuxpressoide_11.9.0_2144/ide/plugins/com.nxp.mcuxpresso.tools.win32_11.9.0.202307121226/tools/bin/../lib/gcc/arm-none-eabi/12.3.1/../../../../arm-none-eabi/lib/thumb/v8-m.main+fp/hard\libcr_c.a(_fflush.o)
                0x00006c08                _fflush
 .text.fclose   0x00006c5a       0x58 c:/nxp/mcuxpressoide_11.9.0_2144/ide/plugins/com.nxp.mcuxpresso.tools.win32_11.9.0.202307121226/tools/bin/../lib/gcc/arm-none-eabi/12.3.1/../../../../arm-none-eabi/lib/thumb/v8-m.main+fp/hard\libcr_c.a(fclose.o)
                0x00006c5a                fclose
 .text.remove   0x00006cb2       0x14 c:/nxp/mcuxpressoide_11.9.0_2144/ide/plugins/com.nxp.mcuxpresso.tools.win32_11.9.0.202307121226/tools/bin/../lib/gcc/arm-none-eabi/12.3.1/../../../../arm-none-eabi/lib/thumb/v8-m.main+fp/hard\libcr_c.a(remove.o)
                0x00006cb2                remove
 .text._do_fflush
                0x00006cc6       0x40 c:/nxp/mcuxpressoide_11.9.0_2144/ide/plugins/com.nxp.mcuxpresso.tools.win32_11.9.0.202307121226/tools/bin/../lib/gcc/arm-none-eabi/12.3.1/../../../../arm-none-eabi/lib/thumb/v8-m.main+fp/hard\libcr_c.a(_do_fflush.o)
                0x00006cc6                _do_fflush
 .text.__aeabi_division_uldivmod
                0x00006d06      0x174 c:/nxp/mcuxpressoide_11.9.0_2144/ide/plugins/com.nxp.mcuxpresso.tools.win32_11.9.0.202307121226/tools/bin/../lib/gcc/arm-none-eabi/12.3.1/thumb/v8-m.main+fp/hard\libcr_eabihelpers.a(division_64.o)
                0x00006d06                __aeabi_uldivmod
                0x00006d0a                __bhs_ldivmod1
 .text.__aeabi_division_idiv0
                0x00006e7a        0x2 c:/nxp/mcuxpressoide_11.9.0_2144/ide/plugins/com.nxp.mcuxpresso.tools.win32_11.9.0.202307121226/tools/bin/../lib/gcc/arm-none-eabi/12.3.1/thumb/v8-m.main+fp/hard\libcr_eabihelpers.a(division_idiv0.o)
                0x00006e7a                __aeabi_idiv0
 .text.__aeabi_memcpy
                0x00006e7c       0x34 c:/nxp/mcuxpressoide_11.9.0_2144/ide/plugins/com.nxp.mcuxpresso.tools.win32_11.9.0.202307121226/tools/bin/../lib/gcc/arm-none-eabi/12.3.1/thumb/v8-m.main+fp/hard\libcr_eabihelpers.a(memcpy.o)
                0x00006e7c                __aeabi_memcpy
                0x00006e86                __aeabi_memcpy8
                0x00006e86                __aeabi_memcpy4
 .text.__aeabi_memset_lowlevel
                0x00006eb0       0x32 c:/nxp/mcuxpressoide_11.9.0_2144/ide/plugins/com.nxp.mcuxpresso.tools.win32_11.9.0.202307121226/tools/bin/../lib/gcc/arm-none-eabi/12.3.1/thumb/v8-m.main+fp/hard\libcr_eabihelpers.a(memcpy.o)
                0x00006eb0                __aeabi_lowlevel_memset
 .text.__sys_close
                0x00006ee2        0x6 c:/nxp/mcuxpressoide_11.9.0_2144/ide/plugins/com.nxp.mcuxpresso.tools.win32_11.9.0.202307121226/tools/bin/../lib/gcc/arm-none-eabi/12.3.1/../../../../arm-none-eabi/lib/thumb/v8-m.main+fp/hard\libcr_nohost_nf.a(__sys_close.o)
                0x00006ee2                __sys_close
 .text.__sys_flen
                0x00006ee8        0x6 c:/nxp/mcuxpressoide_11.9.0_2144/ide/plugins/com.nxp.mcuxpresso.tools.win32_11.9.0.202307121226/tools/bin/../lib/gcc/arm-none-eabi/12.3.1/../../../../arm-none-eabi/lib/thumb/v8-m.main+fp/hard\libcr_nohost_nf.a(__sys_flen.o)
                0x00006ee8                __sys_flen
 .text.__sys_istty
                0x00006eee        0x6 c:/nxp/mcuxpressoide_11.9.0_2144/ide/plugins/com.nxp.mcuxpresso.tools.win32_11.9.0.202307121226/tools/bin/../lib/gcc/arm-none-eabi/12.3.1/../../../../arm-none-eabi/lib/thumb/v8-m.main+fp/hard\libcr_nohost_nf.a(__sys_istty.o)
                0x00006eee                __sys_istty
 .text.__sys_remove
                0x00006ef4        0x6 c:/nxp/mcuxpressoide_11.9.0_2144/ide/plugins/com.nxp.mcuxpresso.tools.win32_11.9.0.202307121226/tools/bin/../lib/gcc/arm-none-eabi/12.3.1/../../../../arm-none-eabi/lib/thumb/v8-m.main+fp/hard\libcr_nohost_nf.a(__sys_remove.o)
                0x00006ef4                __sys_remove
 .text.__sys_seek
                0x00006efa        0x6 c:/nxp/mcuxpressoide_11.9.0_2144/ide/plugins/com.nxp.mcuxpresso.tools.win32_11.9.0.202307121226/tools/bin/../lib/gcc/arm-none-eabi/12.3.1/../../../../arm-none-eabi/lib/thumb/v8-m.main+fp/hard\libcr_nohost_nf.a(__sys_seek.o)
                0x00006efa                __sys_seek
 .text.__sys_tmpnam
                0x00006f00        0x6 c:/nxp/mcuxpressoide_11.9.0_2144/ide/plugins/com.nxp.mcuxpresso.tools.win32_11.9.0.202307121226/tools/bin/../lib/gcc/arm-none-eabi/12.3.1/../../../../arm-none-eabi/lib/thumb/v8-m.main+fp/hard\libcr_nohost_nf.a(__sys_tmpnam.o)
                0x00006f00                __sys_tmpnam
 .text.__sys_write
                0x00006f06        0x4 c:/nxp/mcuxpressoide_11.9.0_2144/ide/plugins/com.nxp.mcuxpresso.tools.win32_11.9.0.202307121226/tools/bin/../lib/gcc/arm-none-eabi/12.3.1/../../../../arm-none-eabi/lib/thumb/v8-m.main+fp/hard\libcr_nohost_nf.a(__sys_write.o)
                0x00006f06                __sys_write
 *(SORT_BY_ALIGNMENT(.rodata) SORT_BY_ALIGNMENT(.rodata.*) SORT_BY_ALIGNMENT(.constdata) SORT_BY_ALIGNMENT(.constdata.*))
 *fill*         0x00006f0a        0x2 ff
 .rodata.__assertion_failed.str1.4
                0x00006f0c       0x14 ./utilities/fsl_assert.o
 .rodata.main.str1.4
                0x00006f20       0xcd ./source/PSM2_ToF.o
 *fill*         0x00006fed        0x3 ff
 .rodata.fontSystem5x8
                0x00006ff0      0x1ef ./source/lcd.o
                0x00006ff0                fontSystem5x8
 *fill*         0x000071df        0x1 ff
 .rodata.VL53L5CX_FIRMWARE
                0x000071e0    0x15000 ./source/vl53l5cx_api.o
                0x000071e0                VL53L5CX_FIRMWARE
 .rodata.VL53L5CX_DEFAULT_CONFIGURATION
                0x0001c1e0      0x3cc ./source/vl53l5cx_api.o
                0x0001c1e0                VL53L5CX_DEFAULT_CONFIGURATION
 .rodata.VL53L5CX_DEFAULT_XTALK
                0x0001c5ac      0x308 ./source/vl53l5cx_api.o
                0x0001c5ac                VL53L5CX_DEFAULT_XTALK
 .rodata.VL53L5CX_GET_NVM_CMD
                0x0001c8b4       0x28 ./source/vl53l5cx_api.o
                0x0001c8b4                VL53L5CX_GET_NVM_CMD
 .rodata        0x0001c8dc       0x64 ./source/vl53l5cx_api.o
 .rodata._vl53l5cx_send_xtalk_data.str1.4
                0x0001c940        0x9 ./source/vl53l5cx_api.o
 *fill*         0x0001c949        0x3 ff
 .rodata.SDK_DelayAtLeastUs.str1.4
                0x0001c94c       0x2b ./drivers/fsl_common_arm.o
 *fill*         0x0001c977        0x1 ff
 .rodata.s_ctimerBases
                0x0001c978       0x14 ./drivers/fsl_ctimer.o
 .rodata.s_flexcommBaseAddrs
                0x0001c98c       0x24 ./drivers/fsl_flexcomm.o
 .rodata.s_flexcommClocks
                0x0001c9b0       0x12 ./drivers/fsl_flexcomm.o
 *fill*         0x0001c9c2        0x2 ff
 .rodata.s_flexcommResets
                0x0001c9c4       0x24 ./drivers/fsl_flexcomm.o
 .rodata.FLEXCOMM_GetInstance.str1.4
                0x0001c9e8       0x42 ./drivers/fsl_flexcomm.o
 *fill*         0x0001ca2a        0x2 ff
 .rodata.FLEXCOMM0_DriverIRQHandler.str1.4
                0x0001ca2c       0x3c ./drivers/fsl_flexcomm.o
 .rodata.FLEXCOMM1_DriverIRQHandler.str1.4
                0x0001ca68       0x3c ./drivers/fsl_flexcomm.o
 .rodata.FLEXCOMM2_DriverIRQHandler.str1.4
                0x0001caa4       0x3c ./drivers/fsl_flexcomm.o
 .rodata.FLEXCOMM3_DriverIRQHandler.str1.4
                0x0001cae0       0x3c ./drivers/fsl_flexcomm.o
 .rodata.FLEXCOMM4_DriverIRQHandler.str1.4
                0x0001cb1c       0x3c ./drivers/fsl_flexcomm.o
 .rodata.FLEXCOMM5_DriverIRQHandler.str1.4
                0x0001cb58       0x3c ./drivers/fsl_flexcomm.o
 .rodata.FLEXCOMM6_DriverIRQHandler.str1.4
                0x0001cb94       0x3c ./drivers/fsl_flexcomm.o
 .rodata.FLEXCOMM7_DriverIRQHandler.str1.4
                0x0001cbd0       0x3c ./drivers/fsl_flexcomm.o
 .rodata.FLEXCOMM8_DriverIRQHandler.str1.4
                0x0001cc0c       0x3c ./drivers/fsl_flexcomm.o
 .rodata.s_gpioClockName
                0x0001cc48        0x8 ./drivers/fsl_gpio.o
 .rodata.GPIO_EnablePortClock.str1.4
                0x0001cc50       0x33 ./drivers/fsl_gpio.o
 *fill*         0x0001cc83        0x1 ff
 .rodata.I2C_MasterSetTimeoutValue.str1.4
                0x0001cc84       0x3a ./drivers/fsl_i2c.o
 *fill*         0x0001ccbe        0x2 ff
 .rodata.I2C_MasterWriteBlocking.str1.4
                0x0001ccc0       0x1f ./drivers/fsl_i2c.o
 *fill*         0x0001ccdf        0x1 ff
 .rodata.I2C_MasterReadBlocking.str1.4
                0x0001cce0       0x1f ./drivers/fsl_i2c.o
 *fill*         0x0001ccff        0x1 ff
 .rodata.s_pintIRQ
                0x0001cd00        0xa ./drivers/fsl_pint.o
 *fill*         0x0001cd0a        0x2 ff
 .rodata.PINT_Init.str1.4
                0x0001cd0c       0x1d ./drivers/fsl_pint.o
 *fill*         0x0001cd29        0x3 ff
 .rodata.PINT_PinInterruptConfig.str1.4
                0x0001cd2c       0x1e ./drivers/fsl_pint.o
 *fill*         0x0001cd4a        0x2 ff
 .rodata.PINT_EnableCallbackByIndex.str1.4
                0x0001cd4c       0x1e ./drivers/fsl_pint.o
 *fill*         0x0001cd6a        0x2 ff
 .rodata.RESET_SetPeripheralReset.str1.4
                0x0001cd6c       0x1e ./drivers/fsl_reset.o
 *fill*         0x0001cd8a        0x2 ff
 .rodata.RESET_ClearPeripheralReset.str1.4
                0x0001cd8c       0x1e ./drivers/fsl_reset.o
 *fill*         0x0001cdaa        0x2 ff
 .rodata.SPI_SetTransferDelay.str1.4
                0x0001cdac       0x3f ./drivers/fsl_spi.o
 *fill*         0x0001cdeb        0x1 ff
 .rodata.s_spiBaseAddrs
                0x0001cdec       0x24 ./drivers/fsl_spi.o
 .rodata.SPI_GetInstance.str1.4
                0x0001ce10       0x37 ./drivers/fsl_spi.o
 *fill*         0x0001ce47        0x1 ff
 .rodata.SPI_MasterInit.str1.4
                0x0001ce48       0x4d ./drivers/fsl_spi.o
 *fill*         0x0001ce95        0x3 ff
 .rodata.SPI_MasterSetBaud.str1.4
                0x0001ce98       0x51 ./drivers/fsl_spi.o
 *fill*         0x0001cee9        0x3 ff
 .rodata.USART_Init.str1.4
                0x0001ceec       0x4f ./drivers/fsl_usart.o
 *fill*         0x0001cf3b        0x1 ff
 .rodata.USART_GetDefaultConfig.str1.4
                0x0001cf3c       0x21 ./drivers/fsl_usart.o
 *fill*         0x0001cf5d        0x3 ff
 .rodata.USART_SetBaudRate.str1.4
                0x0001cf60       0x53 ./drivers/fsl_usart.o
 *fill*         0x0001cfb3        0x1 ff
 .rodata.USART_WriteBlocking.str1.4
                0x0001cfb4       0x36 ./drivers/fsl_usart.o
 *fill*         0x0001cfea        0x2 ff
 .rodata.s_UsartAdapterBase
                0x0001cfec       0x20 ./component/uart/fsl_adapter_usart.o
 .rodata.HAL_UartInitCommon.str1.4
                0x0001d00c       0xeb ./component/uart/fsl_adapter_usart.o
 *fill*         0x0001d0f7        0x1 ff
 .rodata.HAL_UartSendBlocking.str1.4
                0x0001d0f8       0x65 ./component/uart/fsl_adapter_usart.o
 *fill*         0x0001d15d        0x3 ff
 .rodata.FLEXCOMM4_config
                0x0001d160        0xc ./board/peripherals.o
                0x0001d160                FLEXCOMM4_config
 .rodata.FLEXCOMM3_config
                0x0001d16c       0x18 ./board/peripherals.o
                0x0001d16c                FLEXCOMM3_config
 .rodata        0x0001d184        0x2 ./board/pin_mux.o
 *fill*         0x0001d186        0x2 ff
 .rodata.__num_Ciob_streams
                0x0001d188        0x4 c:/nxp/mcuxpressoide_11.9.0_2144/ide/plugins/com.nxp.mcuxpresso.tools.win32_11.9.0.202307121226/tools/bin/../lib/gcc/arm-none-eabi/12.3.1/../../../../arm-none-eabi/lib/thumb/v8-m.main+fp/hard\libcr_nohost_nf.a(__ciob.o)
                0x0001d188                __num_Ciob_streams
 .rodata._initio.str1.1
                0x0001d18c        0x4 c:/nxp/mcuxpressoide_11.9.0_2144/ide/plugins/com.nxp.mcuxpresso.tools.win32_11.9.0.202307121226/tools/bin/../lib/gcc/arm-none-eabi/12.3.1/../../../../arm-none-eabi/lib/thumb/v8-m.main+fp/hard\libcr_c.a(initio.o)
                0x0001d190                        . = ALIGN (0x4)

.glue_7         0x0001d190        0x0
 .glue_7        0x0001d190        0x0 linker stubs

.glue_7t        0x0001d190        0x0
 .glue_7t       0x0001d190        0x0 linker stubs

.vfp11_veneer   0x0001d190        0x0
 .vfp11_veneer  0x0001d190        0x0 linker stubs

.v4_bx          0x0001d190        0x0
 .v4_bx         0x0001d190        0x0 linker stubs

.iplt           0x0001d190        0x0
 .iplt          0x0001d190        0x0 ./utilities/fsl_assert.o

.rel.dyn        0x0001d190        0x0
 .rel.iplt      0x0001d190        0x0 ./utilities/fsl_assert.o

.ARM.extab
 *(SORT_BY_ALIGNMENT(.ARM.extab*) SORT_BY_ALIGNMENT(.gnu.linkonce.armextab.*))

.ARM.exidx      0x0001d190        0x0
                0x0001d190                        __exidx_start = .
 *(SORT_BY_ALIGNMENT(.ARM.exidx*) SORT_BY_ALIGNMENT(.gnu.linkonce.armexidx.*))
                0x0001d190                        __exidx_end = .
                0x0001d190                        _etext = .

.m_usb_data
 *(SORT_BY_ALIGNMENT(m_usb_global))

.data_RAM2      0x04000000        0x0 load address 0x0001d190
 FILL mask 0xff
                [!provide]                        PROVIDE (__start_data_RAM2 = .)
                [!provide]                        PROVIDE (__start_data_SRAMX = .)
 *(SORT_BY_ALIGNMENT(.ramfunc.$RAM2))
 *(SORT_BY_ALIGNMENT(.ramfunc.$SRAMX))
 *(SORT_BY_ALIGNMENT(.data.$RAM2))
 *(SORT_BY_ALIGNMENT(.data.$SRAMX))
 *(SORT_BY_ALIGNMENT(.data.$RAM2.*))
 *(SORT_BY_ALIGNMENT(.data.$SRAMX.*))
                0x04000000                        . = ALIGN (0x4)
                [!provide]                        PROVIDE (__end_data_RAM2 = .)
                [!provide]                        PROVIDE (__end_data_SRAMX = .)

.data_RAM3      0x40100000        0x0 load address 0x0001d190
 FILL mask 0xff
                [!provide]                        PROVIDE (__start_data_RAM3 = .)
                [!provide]                        PROVIDE (__start_data_USB_RAM = .)
 *(SORT_BY_ALIGNMENT(.ramfunc.$RAM3))
 *(SORT_BY_ALIGNMENT(.ramfunc.$USB_RAM))
 *(SORT_BY_ALIGNMENT(.data.$RAM3))
 *(SORT_BY_ALIGNMENT(.data.$USB_RAM))
 *(SORT_BY_ALIGNMENT(.data.$RAM3.*))
 *(SORT_BY_ALIGNMENT(.data.$USB_RAM.*))
                0x40100000                        . = ALIGN (0x4)
                [!provide]                        PROVIDE (__end_data_RAM3 = .)
                [!provide]                        PROVIDE (__end_data_USB_RAM = .)

.data_RAM4      0x20040000        0x0 load address 0x0001d190
 FILL mask 0xff
                [!provide]                        PROVIDE (__start_data_RAM4 = .)
                [!provide]                        PROVIDE (__start_data_SRAM4 = .)
 *(SORT_BY_ALIGNMENT(.ramfunc.$RAM4))
 *(SORT_BY_ALIGNMENT(.ramfunc.$SRAM4))
 *(SORT_BY_ALIGNMENT(.data.$RAM4))
 *(SORT_BY_ALIGNMENT(.data.$SRAM4))
 *(SORT_BY_ALIGNMENT(.data.$RAM4.*))
 *(SORT_BY_ALIGNMENT(.data.$SRAM4.*))
                0x20040000                        . = ALIGN (0x4)
                [!provide]                        PROVIDE (__end_data_RAM4 = .)
                [!provide]                        PROVIDE (__end_data_SRAM4 = .)

.uninit_RESERVED
                0x20000000        0x0
                0x20000000                        _start_uninit_RESERVED = .
 *(SORT_BY_ALIGNMENT(.bss.$RESERVED*))
                0x20000000                        . = ALIGN (0x4)
                0x20000000                        _end_uninit_RESERVED = .

.data           0x20000000        0x8 load address 0x0001d190
 FILL mask 0xff
                0x20000000                        _data = .
                [!provide]                        PROVIDE (__start_data_RAM = .)
                [!provide]                        PROVIDE (__start_data_SRAM = .)
 *(SORT_BY_ALIGNMENT(vtable))
 *(SORT_BY_ALIGNMENT(.ramfunc*))
 *(SORT_BY_ALIGNMENT(CodeQuickAccess))
 *(SORT_BY_ALIGNMENT(DataQuickAccess))
 *(SORT_BY_ALIGNMENT(RamFunction))
 *(SORT_BY_ALIGNMENT(.data*))
 .data.s_Ext_Clk_Freq
                0x20000000        0x4 ./drivers/fsl_clock.o
 .data.SystemCoreClock
                0x20000004        0x4 ./device/system_LPC55S69_cm33_core0.o
                0x20000004                SystemCoreClock
                0x20000008                        . = ALIGN (0x4)
                0x20000008                        _edata = .
                [!provide]                        PROVIDE (__end_data_RAM = .)
                [!provide]                        PROVIDE (__end_data_SRAM = .)

.igot.plt       0x20000008        0x0 load address 0x0001d198
 .igot.plt      0x20000008        0x0 ./utilities/fsl_assert.o

.bss_RAM2       0x04000000        0x0
                [!provide]                        PROVIDE (__start_bss_RAM2 = .)
                [!provide]                        PROVIDE (__start_bss_SRAMX = .)
 *(SORT_BY_ALIGNMENT(.bss.$RAM2))
 *(SORT_BY_ALIGNMENT(.bss.$SRAMX))
 *(SORT_BY_ALIGNMENT(.bss.$RAM2.*))
 *(SORT_BY_ALIGNMENT(.bss.$SRAMX.*))
                0x04000000                        . = ALIGN ((. != 0x0)?0x4:0x1)
                [!provide]                        PROVIDE (__end_bss_RAM2 = .)
                [!provide]                        PROVIDE (__end_bss_SRAMX = .)

.bss_RAM3       0x40100000        0x0
                [!provide]                        PROVIDE (__start_bss_RAM3 = .)
                [!provide]                        PROVIDE (__start_bss_USB_RAM = .)
 *(SORT_BY_ALIGNMENT(.bss.$RAM3))
 *(SORT_BY_ALIGNMENT(.bss.$USB_RAM))
 *(SORT_BY_ALIGNMENT(.bss.$RAM3.*))
 *(SORT_BY_ALIGNMENT(.bss.$USB_RAM.*))
                0x40100000                        . = ALIGN ((. != 0x0)?0x4:0x1)
                [!provide]                        PROVIDE (__end_bss_RAM3 = .)
                [!provide]                        PROVIDE (__end_bss_USB_RAM = .)

.bss_RAM4       0x20040000        0x0
                [!provide]                        PROVIDE (__start_bss_RAM4 = .)
                [!provide]                        PROVIDE (__start_bss_SRAM4 = .)
 *(SORT_BY_ALIGNMENT(.bss.$RAM4))
 *(SORT_BY_ALIGNMENT(.bss.$SRAM4))
 *(SORT_BY_ALIGNMENT(.bss.$RAM4.*))
 *(SORT_BY_ALIGNMENT(.bss.$SRAM4.*))
                0x20040000                        . = ALIGN ((. != 0x0)?0x4:0x1)
                [!provide]                        PROVIDE (__end_bss_RAM4 = .)
                [!provide]                        PROVIDE (__end_bss_SRAM4 = .)

.bss            0x20000008     0xba10
                0x20000008                        _bss = .
                [!provide]                        PROVIDE (__start_bss_RAM = .)
                [!provide]                        PROVIDE (__start_bss_SRAM = .)
 *(SORT_BY_ALIGNMENT(.bss*))
 .bss.s_debugConsoleState
                0x20000008       0x20 ./utilities/fsl_debug_console.o
 .bss.g_serialHandle
                0x20000028        0x4 ./utilities/fsl_debug_console.o
                0x20000028                g_serialHandle
 .bss.status    0x2000002c        0x4 ./source/PSM2_ToF.o
                0x2000002c                status
 .bss.pixelArr  0x20000030       0x80 ./source/PSM2_ToF.o
                0x20000030                pixelArr
 .bss.interpArr
                0x200000b0      0x800 ./source/PSM2_ToF.o
                0x200000b0                interpArr
 .bss.Dev       0x200008b0      0xaa8 ./source/PSM2_ToF.o
                0x200008b0                Dev
 .bss.Results   0x20001358      0x54c ./source/PSM2_ToF.o
                0x20001358                Results
 .bss.SPI_base  0x200018a4        0x4 ./source/lcd.o
                0x200018a4                SPI_base
 .bss.frameBuffer
                0x200018a8     0xa000 ./source/lcd.o
                0x200018a8                frameBuffer
 .bss.linearFrameBuffer
                0x2000b8a8        0x4 ./source/lcd.o
                0x2000b8a8                linearFrameBuffer
 .bss.s_Pll0_Freq
                0x2000b8ac        0x4 ./drivers/fsl_clock.o
 .bss.s_ctimerCallback
                0x2000b8b0       0x14 ./drivers/fsl_ctimer.o
 .bss.ctimerCallbackType
                0x2000b8c4        0x5 ./drivers/fsl_ctimer.o
 *fill*         0x2000b8c9        0x3 
 .bss.s_flexcommIrqHandler
                0x2000b8cc       0x24 ./drivers/fsl_flexcomm.o
 .bss.s_flexcommHandle
                0x2000b8f0       0x24 ./drivers/fsl_flexcomm.o
 .bss.s_secpintCallback
                0x2000b914        0x8 ./drivers/fsl_pint.o
 .bss.s_pintCallback
                0x2000b91c       0x20 ./drivers/fsl_pint.o
 .bss.g_configs
                0x2000b93c       0x12 ./drivers/fsl_spi.o
 *fill*         0x2000b94e        0x2 
 .bss.s_dummyData
                0x2000b950        0x9 ./drivers/fsl_spi.o
                0x2000b950                s_dummyData
 *fill*         0x2000b959        0x3 
 .bss.errno     0x2000b95c        0x4 c:/nxp/mcuxpressoide_11.9.0_2144/ide/plugins/com.nxp.mcuxpresso.tools.win32_11.9.0.202307121226/tools/bin/../lib/gcc/arm-none-eabi/12.3.1/../../../../arm-none-eabi/lib/thumb/v8-m.main+fp/hard\libcr_c.a(errno.o)
                0x2000b95c                errno
 .bss.__Ciob    0x2000b960       0xb4 c:/nxp/mcuxpressoide_11.9.0_2144/ide/plugins/com.nxp.mcuxpresso.tools.win32_11.9.0.202307121226/tools/bin/../lib/gcc/arm-none-eabi/12.3.1/../../../../arm-none-eabi/lib/thumb/v8-m.main+fp/hard\libcr_nohost_nf.a(__ciob.o)
                0x2000b960                __Ciob
 .bss.s_debugConsoleReadWaitSemaphore
                0x2000ba14        0x1 ./utilities/fsl_debug_console.o
 .bss.resolution
                0x2000ba15        0x1 ./source/PSM2_ToF.o
                0x2000ba15                resolution
 .bss.isAlive   0x2000ba16        0x1 ./source/PSM2_ToF.o
                0x2000ba16                isAlive
 *(SORT_BY_ALIGNMENT(COMMON))
                0x2000ba18                        . = ALIGN (0x4)
 *fill*         0x2000ba17        0x1 
                0x2000ba18                        _ebss = .
                [!provide]                        PROVIDE (__end_bss_RAM = .)
                [!provide]                        PROVIDE (__end_bss_SRAM = .)
                [!provide]                        PROVIDE (end = .)

.noinit_RAM2    0x04000000        0x0
                [!provide]                        PROVIDE (__start_noinit_RAM2 = .)
                [!provide]                        PROVIDE (__start_noinit_SRAMX = .)
 *(SORT_BY_ALIGNMENT(.noinit.$RAM2))
 *(SORT_BY_ALIGNMENT(.noinit.$SRAMX))
 *(SORT_BY_ALIGNMENT(.noinit.$RAM2.*))
 *(SORT_BY_ALIGNMENT(.noinit.$SRAMX.*))
                0x04000000                        . = ALIGN (0x4)
                [!provide]                        PROVIDE (__end_noinit_RAM2 = .)
                [!provide]                        PROVIDE (__end_noinit_SRAMX = .)

.noinit_RAM3    0x40100000        0x0
                [!provide]                        PROVIDE (__start_noinit_RAM3 = .)
                [!provide]                        PROVIDE (__start_noinit_USB_RAM = .)
 *(SORT_BY_ALIGNMENT(.noinit.$RAM3))
 *(SORT_BY_ALIGNMENT(.noinit.$USB_RAM))
 *(SORT_BY_ALIGNMENT(.noinit.$RAM3.*))
 *(SORT_BY_ALIGNMENT(.noinit.$USB_RAM.*))
                0x40100000                        . = ALIGN (0x4)
                [!provide]                        PROVIDE (__end_noinit_RAM3 = .)
                [!provide]                        PROVIDE (__end_noinit_USB_RAM = .)

.noinit_RAM4    0x20040000        0x0
                [!provide]                        PROVIDE (__start_noinit_RAM4 = .)
                [!provide]                        PROVIDE (__start_noinit_SRAM4 = .)
 *(SORT_BY_ALIGNMENT(.noinit.$RAM4))
 *(SORT_BY_ALIGNMENT(.noinit.$SRAM4))
 *(SORT_BY_ALIGNMENT(.noinit.$RAM4.*))
 *(SORT_BY_ALIGNMENT(.noinit.$SRAM4.*))
                0x20040000                        . = ALIGN (0x4)
                [!provide]                        PROVIDE (__end_noinit_RAM4 = .)
                [!provide]                        PROVIDE (__end_noinit_SRAM4 = .)

.noinit         0x2000ba18        0x0
                0x2000ba18                        _noinit = .
                [!provide]                        PROVIDE (__start_noinit_RAM = .)
                [!provide]                        PROVIDE (__start_noinit_SRAM = .)
 *(SORT_BY_ALIGNMENT(.noinit*))
                0x2000ba18                        . = ALIGN (0x4)
                0x2000ba18                        _end_noinit = .
                [!provide]                        PROVIDE (__end_noinit_RAM = .)
                [!provide]                        PROVIDE (__end_noinit_SRAM = .)
                0x00001000                        _HeapSize = 0x1000

.heap           0x2000ba18     0x1000
                0x2000ba18                        _pvHeapStart = .
                0x2000ca18                        . = (. + _HeapSize)
 *fill*         0x2000ba18     0x1000 
                0x2000ca18                        . = ALIGN (0x4)
                0x2000ca18                        _pvHeapLimit = .
                0x00001000                        _StackSize = 0x1000

.heap2stackfill
                0x2000ca18     0x1000
                0x2000da18                        . = (. + _StackSize)
 *fill*         0x2000ca18     0x1000 

.stack          0x2003f000        0x0
                0x2003f000                        _vStackBase = .
                0x2003f000                        . = ALIGN (0x4)
                0x20040000                        _vStackTop = (. + _StackSize)
                [!provide]                        PROVIDE (__valid_user_code_checksum = (0x0 - ((((((_vStackTop + (ResetISR + 0x1)) + (NMI_Handler + 0x1)) + (HardFault_Handler + 0x1)) + (DEFINED (MemManage_Handler)?MemManage_Handler:0x0 + 0x1)) + (DEFINED (BusFault_Handler)?BusFault_Handler:0x0 + 0x1)) + (DEFINED (UsageFault_Handler)?UsageFault_Handler:0x0 + 0x1))))
                0x00000000                        _image_start = LOADADDR (.text)
                0x0001d198                        _image_end = (LOADADDR (.data) + SIZEOF (.data))
                0x0001d198                        _image_size = (_image_end - _image_start)
OUTPUT(PSM2_ToF.axf elf32-littlearm)
LOAD linker stubs

.debug_info     0x00000000    0x281ca
 .debug_info    0x00000000       0xcc ./utilities/fsl_assert.o
 .debug_info    0x000000cc      0xe6f ./utilities/fsl_debug_console.o
 .debug_info    0x00000f3b      0xb80 ./utilities/fsl_str.o
 .debug_info    0x00001abb      0x9c9 ./startup/startup_lpc55s69_cm33_core0.o
 .debug_info    0x00002484     0x12ae ./source/PSM2_ToF.o
 .debug_info    0x00003732      0x15f ./source/colorConverter.o
 .debug_info    0x00003891      0x2f0 ./source/interpolation.o
 .debug_info    0x00003b81     0x14a1 ./source/lcd.o
 .debug_info    0x00005022      0x75e ./source/platform.o
 .debug_info    0x00005780       0x3c ./source/semihost_hardfault.o
 .debug_info    0x000057bc     0x15cd ./source/vl53l5cx_api.o
 .debug_info    0x00006d89     0x341f ./drivers/fsl_clock.o
 .debug_info    0x0000a1a8      0x623 ./drivers/fsl_common_arm.o
 .debug_info    0x0000a7cb     0x22f2 ./drivers/fsl_ctimer.o
 .debug_info    0x0000cabd     0x1b47 ./drivers/fsl_flexcomm.o
 .debug_info    0x0000e604     0x17bf ./drivers/fsl_gpio.o
 .debug_info    0x0000fdc3     0x232e ./drivers/fsl_i2c.o
 .debug_info    0x000120f1     0x1e53 ./drivers/fsl_inputmux.o
 .debug_info    0x00013f44     0x2387 ./drivers/fsl_pint.o
 .debug_info    0x000162cb     0x2ade ./drivers/fsl_power.o
 .debug_info    0x00018da9      0xf02 ./drivers/fsl_reset.o
 .debug_info    0x00019cab     0x1a52 ./drivers/fsl_spi.o
 .debug_info    0x0001b6fd     0x188c ./drivers/fsl_usart.o
 .debug_info    0x0001cf89     0x14be ./device/system_LPC55S69_cm33_core0.o
 .debug_info    0x0001e447      0xd50 ./component/uart/fsl_adapter_usart.o
 .debug_info    0x0001f197      0xde3 ./component/serial_manager/fsl_component_serial_manager.o
 .debug_info    0x0001ff7a      0x551 ./component/serial_manager/fsl_component_serial_port_uart.o
 .debug_info    0x000204cb      0x8d0 ./board/board.o
 .debug_info    0x00020d9b     0x181d ./board/clock_config.o
 .debug_info    0x000225b8      0xe03 ./board/peripherals.o
 .debug_info    0x000233bb     0x247d ./board/pin_mux.o
 .debug_info    0x00025838       0x85 c:/nxp/mcuxpressoide_11.9.0_2144/ide/plugins/com.nxp.mcuxpresso.tools.win32_11.9.0.202307121226/tools/bin/../lib/gcc/arm-none-eabi/12.3.1/../../../../arm-none-eabi/lib/thumb/v8-m.main+fp/hard\libcr_nohost_nf.a(_cr__main.o)
 .debug_info    0x000258bd      0x119 c:/nxp/mcuxpressoide_11.9.0_2144/ide/plugins/com.nxp.mcuxpresso.tools.win32_11.9.0.202307121226/tools/bin/../lib/gcc/arm-none-eabi/12.3.1/../../../../arm-none-eabi/lib/thumb/v8-m.main+fp/hard\libcr_c.a(memcpy.o)
 .debug_info    0x000259d6       0xe3 c:/nxp/mcuxpressoide_11.9.0_2144/ide/plugins/com.nxp.mcuxpresso.tools.win32_11.9.0.202307121226/tools/bin/../lib/gcc/arm-none-eabi/12.3.1/../../../../arm-none-eabi/lib/thumb/v8-m.main+fp/hard\libcr_c.a(memset.o)
 .debug_info    0x00025ab9      0x506 c:/nxp/mcuxpressoide_11.9.0_2144/ide/plugins/com.nxp.mcuxpresso.tools.win32_11.9.0.202307121226/tools/bin/../lib/gcc/arm-none-eabi/12.3.1/../../../../arm-none-eabi/lib/thumb/v8-m.main+fp/hard\libcr_c.a(alloc.o)
 .debug_info    0x00025fbf       0x44 c:/nxp/mcuxpressoide_11.9.0_2144/ide/plugins/com.nxp.mcuxpresso.tools.win32_11.9.0.202307121226/tools/bin/../lib/gcc/arm-none-eabi/12.3.1/../../../../arm-none-eabi/lib/thumb/v8-m.main+fp/hard\libcr_c.a(errno.o)
 .debug_info    0x00026003      0x339 c:/nxp/mcuxpressoide_11.9.0_2144/ide/plugins/com.nxp.mcuxpresso.tools.win32_11.9.0.202307121226/tools/bin/../lib/gcc/arm-none-eabi/12.3.1/../../../../arm-none-eabi/lib/thumb/v8-m.main+fp/hard\libcr_c.a(initio.o)
 .debug_info    0x0002633c      0x1f6 c:/nxp/mcuxpressoide_11.9.0_2144/ide/plugins/com.nxp.mcuxpresso.tools.win32_11.9.0.202307121226/tools/bin/../lib/gcc/arm-none-eabi/12.3.1/../../../../arm-none-eabi/lib/thumb/v8-m.main+fp/hard\libcr_c.a(setvbuf.o)
 .debug_info    0x00026532       0xda c:/nxp/mcuxpressoide_11.9.0_2144/ide/plugins/com.nxp.mcuxpresso.tools.win32_11.9.0.202307121226/tools/bin/../lib/gcc/arm-none-eabi/12.3.1/../../../../arm-none-eabi/lib/thumb/v8-m.main+fp/hard\libcr_c.a(strlen.o)
 .debug_info    0x0002660c      0x362 c:/nxp/mcuxpressoide_11.9.0_2144/ide/plugins/com.nxp.mcuxpresso.tools.win32_11.9.0.202307121226/tools/bin/../lib/gcc/arm-none-eabi/12.3.1/../../../../arm-none-eabi/lib/thumb/v8-m.main+fp/hard\libcr_c.a(_deferredlazyseek.o)
 .debug_info    0x0002696e      0x244 c:/nxp/mcuxpressoide_11.9.0_2144/ide/plugins/com.nxp.mcuxpresso.tools.win32_11.9.0.202307121226/tools/bin/../lib/gcc/arm-none-eabi/12.3.1/../../../../arm-none-eabi/lib/thumb/v8-m.main+fp/hard\libcr_c.a(_fdopen.o)
 .debug_info    0x00026bb2      0x1e3 c:/nxp/mcuxpressoide_11.9.0_2144/ide/plugins/com.nxp.mcuxpresso.tools.win32_11.9.0.202307121226/tools/bin/../lib/gcc/arm-none-eabi/12.3.1/../../../../arm-none-eabi/lib/thumb/v8-m.main+fp/hard\libcr_c.a(_fflush.o)
 .debug_info    0x00026d95      0x282 c:/nxp/mcuxpressoide_11.9.0_2144/ide/plugins/com.nxp.mcuxpresso.tools.win32_11.9.0.202307121226/tools/bin/../lib/gcc/arm-none-eabi/12.3.1/../../../../arm-none-eabi/lib/thumb/v8-m.main+fp/hard\libcr_c.a(_writebuf.o)
 .debug_info    0x00027017      0x318 c:/nxp/mcuxpressoide_11.9.0_2144/ide/plugins/com.nxp.mcuxpresso.tools.win32_11.9.0.202307121226/tools/bin/../lib/gcc/arm-none-eabi/12.3.1/../../../../arm-none-eabi/lib/thumb/v8-m.main+fp/hard\libcr_c.a(fclose.o)
 .debug_info    0x0002732f      0x202 c:/nxp/mcuxpressoide_11.9.0_2144/ide/plugins/com.nxp.mcuxpresso.tools.win32_11.9.0.202307121226/tools/bin/../lib/gcc/arm-none-eabi/12.3.1/../../../../arm-none-eabi/lib/thumb/v8-m.main+fp/hard\libcr_c.a(fflush.o)
 .debug_info    0x00027531      0x276 c:/nxp/mcuxpressoide_11.9.0_2144/ide/plugins/com.nxp.mcuxpresso.tools.win32_11.9.0.202307121226/tools/bin/../lib/gcc/arm-none-eabi/12.3.1/../../../../arm-none-eabi/lib/thumb/v8-m.main+fp/hard\libcr_c.a(fseek.o)
 .debug_info    0x000277a7      0x190 c:/nxp/mcuxpressoide_11.9.0_2144/ide/plugins/com.nxp.mcuxpresso.tools.win32_11.9.0.202307121226/tools/bin/../lib/gcc/arm-none-eabi/12.3.1/../../../../arm-none-eabi/lib/thumb/v8-m.main+fp/hard\libcr_c.a(ftell.o)
 .debug_info    0x00027937      0x1ca c:/nxp/mcuxpressoide_11.9.0_2144/ide/plugins/com.nxp.mcuxpresso.tools.win32_11.9.0.202307121226/tools/bin/../lib/gcc/arm-none-eabi/12.3.1/../../../../arm-none-eabi/lib/thumb/v8-m.main+fp/hard\libcr_c.a(remove.o)
 .debug_info    0x00027b01      0x23a c:/nxp/mcuxpressoide_11.9.0_2144/ide/plugins/com.nxp.mcuxpresso.tools.win32_11.9.0.202307121226/tools/bin/../lib/gcc/arm-none-eabi/12.3.1/../../../../arm-none-eabi/lib/thumb/v8-m.main+fp/hard\libcr_c.a(_do_fflush.o)
 .debug_info    0x00027d3b      0x18b c:/nxp/mcuxpressoide_11.9.0_2144/ide/plugins/com.nxp.mcuxpresso.tools.win32_11.9.0.202307121226/tools/bin/../lib/gcc/arm-none-eabi/12.3.1/../../../../arm-none-eabi/lib/thumb/v8-m.main+fp/hard\libcr_nohost_nf.a(__ciob.o)
 .debug_info    0x00027ec6       0x5c c:/nxp/mcuxpressoide_11.9.0_2144/ide/plugins/com.nxp.mcuxpresso.tools.win32_11.9.0.202307121226/tools/bin/../lib/gcc/arm-none-eabi/12.3.1/../../../../arm-none-eabi/lib/thumb/v8-m.main+fp/hard\libcr_nohost_nf.a(__sys_close.o)
 .debug_info    0x00027f22       0x5c c:/nxp/mcuxpressoide_11.9.0_2144/ide/plugins/com.nxp.mcuxpresso.tools.win32_11.9.0.202307121226/tools/bin/../lib/gcc/arm-none-eabi/12.3.1/../../../../arm-none-eabi/lib/thumb/v8-m.main+fp/hard\libcr_nohost_nf.a(__sys_flen.o)
 .debug_info    0x00027f7e       0x5c c:/nxp/mcuxpressoide_11.9.0_2144/ide/plugins/com.nxp.mcuxpresso.tools.win32_11.9.0.202307121226/tools/bin/../lib/gcc/arm-none-eabi/12.3.1/../../../../arm-none-eabi/lib/thumb/v8-m.main+fp/hard\libcr_nohost_nf.a(__sys_istty.o)
 .debug_info    0x00027fda       0x7c c:/nxp/mcuxpressoide_11.9.0_2144/ide/plugins/com.nxp.mcuxpresso.tools.win32_11.9.0.202307121226/tools/bin/../lib/gcc/arm-none-eabi/12.3.1/../../../../arm-none-eabi/lib/thumb/v8-m.main+fp/hard\libcr_nohost_nf.a(__sys_remove.o)
 .debug_info    0x00028056       0x6a c:/nxp/mcuxpressoide_11.9.0_2144/ide/plugins/com.nxp.mcuxpresso.tools.win32_11.9.0.202307121226/tools/bin/../lib/gcc/arm-none-eabi/12.3.1/../../../../arm-none-eabi/lib/thumb/v8-m.main+fp/hard\libcr_nohost_nf.a(__sys_seek.o)
 .debug_info    0x000280c0       0x85 c:/nxp/mcuxpressoide_11.9.0_2144/ide/plugins/com.nxp.mcuxpresso.tools.win32_11.9.0.202307121226/tools/bin/../lib/gcc/arm-none-eabi/12.3.1/../../../../arm-none-eabi/lib/thumb/v8-m.main+fp/hard\libcr_nohost_nf.a(__sys_tmpnam.o)
 .debug_info    0x00028145       0x85 c:/nxp/mcuxpressoide_11.9.0_2144/ide/plugins/com.nxp.mcuxpresso.tools.win32_11.9.0.202307121226/tools/bin/../lib/gcc/arm-none-eabi/12.3.1/../../../../arm-none-eabi/lib/thumb/v8-m.main+fp/hard\libcr_nohost_nf.a(__sys_write.o)

.debug_abbrev   0x00000000     0x5bc8
 .debug_abbrev  0x00000000       0x90 ./utilities/fsl_assert.o
 .debug_abbrev  0x00000090      0x270 ./utilities/fsl_debug_console.o
 .debug_abbrev  0x00000300      0x270 ./utilities/fsl_str.o
 .debug_abbrev  0x00000570      0x147 ./startup/startup_lpc55s69_cm33_core0.o
 .debug_abbrev  0x000006b7      0x2a8 ./source/PSM2_ToF.o
 .debug_abbrev  0x0000095f       0xb0 ./source/colorConverter.o
 .debug_abbrev  0x00000a0f       0xd1 ./source/interpolation.o
 .debug_abbrev  0x00000ae0      0x30f ./source/lcd.o
 .debug_abbrev  0x00000def      0x228 ./source/platform.o
 .debug_abbrev  0x00001017       0x31 ./source/semihost_hardfault.o
 .debug_abbrev  0x00001048      0x2e5 ./source/vl53l5cx_api.o
 .debug_abbrev  0x0000132d      0x3a8 ./drivers/fsl_clock.o
 .debug_abbrev  0x000016d5      0x17b ./drivers/fsl_common_arm.o
 .debug_abbrev  0x00001850      0x3cd ./drivers/fsl_ctimer.o
 .debug_abbrev  0x00001c1d      0x2ed ./drivers/fsl_flexcomm.o
 .debug_abbrev  0x00001f0a      0x244 ./drivers/fsl_gpio.o
 .debug_abbrev  0x0000214e      0x395 ./drivers/fsl_i2c.o
 .debug_abbrev  0x000024e3      0x1d7 ./drivers/fsl_inputmux.o
 .debug_abbrev  0x000026ba      0x32c ./drivers/fsl_pint.o
 .debug_abbrev  0x000029e6      0x368 ./drivers/fsl_power.o
 .debug_abbrev  0x00002d4e      0x182 ./drivers/fsl_reset.o
 .debug_abbrev  0x00002ed0      0x34b ./drivers/fsl_spi.o
 .debug_abbrev  0x0000321b      0x34f ./drivers/fsl_usart.o
 .debug_abbrev  0x0000356a      0x216 ./device/system_LPC55S69_cm33_core0.o
 .debug_abbrev  0x00003780      0x249 ./component/uart/fsl_adapter_usart.o
 .debug_abbrev  0x000039c9      0x2bb ./component/serial_manager/fsl_component_serial_manager.o
 .debug_abbrev  0x00003c84      0x18c ./component/serial_manager/fsl_component_serial_port_uart.o
 .debug_abbrev  0x00003e10      0x113 ./board/board.o
 .debug_abbrev  0x00003f23      0x226 ./board/clock_config.o
 .debug_abbrev  0x00004149      0x1e2 ./board/peripherals.o
 .debug_abbrev  0x0000432b      0x2a3 ./board/pin_mux.o
 .debug_abbrev  0x000045ce       0x70 c:/nxp/mcuxpressoide_11.9.0_2144/ide/plugins/com.nxp.mcuxpresso.tools.win32_11.9.0.202307121226/tools/bin/../lib/gcc/arm-none-eabi/12.3.1/../../../../arm-none-eabi/lib/thumb/v8-m.main+fp/hard\libcr_nohost_nf.a(_cr__main.o)
 .debug_abbrev  0x0000463e       0xb6 c:/nxp/mcuxpressoide_11.9.0_2144/ide/plugins/com.nxp.mcuxpresso.tools.win32_11.9.0.202307121226/tools/bin/../lib/gcc/arm-none-eabi/12.3.1/../../../../arm-none-eabi/lib/thumb/v8-m.main+fp/hard\libcr_c.a(memcpy.o)
 .debug_abbrev  0x000046f4       0xa8 c:/nxp/mcuxpressoide_11.9.0_2144/ide/plugins/com.nxp.mcuxpresso.tools.win32_11.9.0.202307121226/tools/bin/../lib/gcc/arm-none-eabi/12.3.1/../../../../arm-none-eabi/lib/thumb/v8-m.main+fp/hard\libcr_c.a(memset.o)
 .debug_abbrev  0x0000479c      0x284 c:/nxp/mcuxpressoide_11.9.0_2144/ide/plugins/com.nxp.mcuxpresso.tools.win32_11.9.0.202307121226/tools/bin/../lib/gcc/arm-none-eabi/12.3.1/../../../../arm-none-eabi/lib/thumb/v8-m.main+fp/hard\libcr_c.a(alloc.o)
 .debug_abbrev  0x00004a20       0x44 c:/nxp/mcuxpressoide_11.9.0_2144/ide/plugins/com.nxp.mcuxpresso.tools.win32_11.9.0.202307121226/tools/bin/../lib/gcc/arm-none-eabi/12.3.1/../../../../arm-none-eabi/lib/thumb/v8-m.main+fp/hard\libcr_c.a(errno.o)
 .debug_abbrev  0x00004a64      0x169 c:/nxp/mcuxpressoide_11.9.0_2144/ide/plugins/com.nxp.mcuxpresso.tools.win32_11.9.0.202307121226/tools/bin/../lib/gcc/arm-none-eabi/12.3.1/../../../../arm-none-eabi/lib/thumb/v8-m.main+fp/hard\libcr_c.a(initio.o)
 .debug_abbrev  0x00004bcd       0xe1 c:/nxp/mcuxpressoide_11.9.0_2144/ide/plugins/com.nxp.mcuxpresso.tools.win32_11.9.0.202307121226/tools/bin/../lib/gcc/arm-none-eabi/12.3.1/../../../../arm-none-eabi/lib/thumb/v8-m.main+fp/hard\libcr_c.a(setvbuf.o)
 .debug_abbrev  0x00004cae       0xa7 c:/nxp/mcuxpressoide_11.9.0_2144/ide/plugins/com.nxp.mcuxpresso.tools.win32_11.9.0.202307121226/tools/bin/../lib/gcc/arm-none-eabi/12.3.1/../../../../arm-none-eabi/lib/thumb/v8-m.main+fp/hard\libcr_c.a(strlen.o)
 .debug_abbrev  0x00004d55      0x152 c:/nxp/mcuxpressoide_11.9.0_2144/ide/plugins/com.nxp.mcuxpresso.tools.win32_11.9.0.202307121226/tools/bin/../lib/gcc/arm-none-eabi/12.3.1/../../../../arm-none-eabi/lib/thumb/v8-m.main+fp/hard\libcr_c.a(_deferredlazyseek.o)
 .debug_abbrev  0x00004ea7      0x119 c:/nxp/mcuxpressoide_11.9.0_2144/ide/plugins/com.nxp.mcuxpresso.tools.win32_11.9.0.202307121226/tools/bin/../lib/gcc/arm-none-eabi/12.3.1/../../../../arm-none-eabi/lib/thumb/v8-m.main+fp/hard\libcr_c.a(_fdopen.o)
 .debug_abbrev  0x00004fc0       0xf1 c:/nxp/mcuxpressoide_11.9.0_2144/ide/plugins/com.nxp.mcuxpresso.tools.win32_11.9.0.202307121226/tools/bin/../lib/gcc/arm-none-eabi/12.3.1/../../../../arm-none-eabi/lib/thumb/v8-m.main+fp/hard\libcr_c.a(_fflush.o)
 .debug_abbrev  0x000050b1      0x126 c:/nxp/mcuxpressoide_11.9.0_2144/ide/plugins/com.nxp.mcuxpresso.tools.win32_11.9.0.202307121226/tools/bin/../lib/gcc/arm-none-eabi/12.3.1/../../../../arm-none-eabi/lib/thumb/v8-m.main+fp/hard\libcr_c.a(_writebuf.o)
 .debug_abbrev  0x000051d7      0x155 c:/nxp/mcuxpressoide_11.9.0_2144/ide/plugins/com.nxp.mcuxpresso.tools.win32_11.9.0.202307121226/tools/bin/../lib/gcc/arm-none-eabi/12.3.1/../../../../arm-none-eabi/lib/thumb/v8-m.main+fp/hard\libcr_c.a(fclose.o)
 .debug_abbrev  0x0000532c      0x125 c:/nxp/mcuxpressoide_11.9.0_2144/ide/plugins/com.nxp.mcuxpresso.tools.win32_11.9.0.202307121226/tools/bin/../lib/gcc/arm-none-eabi/12.3.1/../../../../arm-none-eabi/lib/thumb/v8-m.main+fp/hard\libcr_c.a(fflush.o)
 .debug_abbrev  0x00005451      0x11b c:/nxp/mcuxpressoide_11.9.0_2144/ide/plugins/com.nxp.mcuxpresso.tools.win32_11.9.0.202307121226/tools/bin/../lib/gcc/arm-none-eabi/12.3.1/../../../../arm-none-eabi/lib/thumb/v8-m.main+fp/hard\libcr_c.a(fseek.o)
 .debug_abbrev  0x0000556c       0xc2 c:/nxp/mcuxpressoide_11.9.0_2144/ide/plugins/com.nxp.mcuxpresso.tools.win32_11.9.0.202307121226/tools/bin/../lib/gcc/arm-none-eabi/12.3.1/../../../../arm-none-eabi/lib/thumb/v8-m.main+fp/hard\libcr_c.a(ftell.o)
 .debug_abbrev  0x0000562e       0xfb c:/nxp/mcuxpressoide_11.9.0_2144/ide/plugins/com.nxp.mcuxpresso.tools.win32_11.9.0.202307121226/tools/bin/../lib/gcc/arm-none-eabi/12.3.1/../../../../arm-none-eabi/lib/thumb/v8-m.main+fp/hard\libcr_c.a(remove.o)
 .debug_abbrev  0x00005729      0x12c c:/nxp/mcuxpressoide_11.9.0_2144/ide/plugins/com.nxp.mcuxpresso.tools.win32_11.9.0.202307121226/tools/bin/../lib/gcc/arm-none-eabi/12.3.1/../../../../arm-none-eabi/lib/thumb/v8-m.main+fp/hard\libcr_c.a(_do_fflush.o)
 .debug_abbrev  0x00005855       0xb5 c:/nxp/mcuxpressoide_11.9.0_2144/ide/plugins/com.nxp.mcuxpresso.tools.win32_11.9.0.202307121226/tools/bin/../lib/gcc/arm-none-eabi/12.3.1/../../../../arm-none-eabi/lib/thumb/v8-m.main+fp/hard\libcr_nohost_nf.a(__ciob.o)
 .debug_abbrev  0x0000590a       0x51 c:/nxp/mcuxpressoide_11.9.0_2144/ide/plugins/com.nxp.mcuxpresso.tools.win32_11.9.0.202307121226/tools/bin/../lib/gcc/arm-none-eabi/12.3.1/../../../../arm-none-eabi/lib/thumb/v8-m.main+fp/hard\libcr_nohost_nf.a(__sys_close.o)
 .debug_abbrev  0x0000595b       0x51 c:/nxp/mcuxpressoide_11.9.0_2144/ide/plugins/com.nxp.mcuxpresso.tools.win32_11.9.0.202307121226/tools/bin/../lib/gcc/arm-none-eabi/12.3.1/../../../../arm-none-eabi/lib/thumb/v8-m.main+fp/hard\libcr_nohost_nf.a(__sys_flen.o)
 .debug_abbrev  0x000059ac       0x51 c:/nxp/mcuxpressoide_11.9.0_2144/ide/plugins/com.nxp.mcuxpresso.tools.win32_11.9.0.202307121226/tools/bin/../lib/gcc/arm-none-eabi/12.3.1/../../../../arm-none-eabi/lib/thumb/v8-m.main+fp/hard\libcr_nohost_nf.a(__sys_istty.o)
 .debug_abbrev  0x000059fd       0x7d c:/nxp/mcuxpressoide_11.9.0_2144/ide/plugins/com.nxp.mcuxpresso.tools.win32_11.9.0.202307121226/tools/bin/../lib/gcc/arm-none-eabi/12.3.1/../../../../arm-none-eabi/lib/thumb/v8-m.main+fp/hard\libcr_nohost_nf.a(__sys_remove.o)
 .debug_abbrev  0x00005a7a       0x62 c:/nxp/mcuxpressoide_11.9.0_2144/ide/plugins/com.nxp.mcuxpresso.tools.win32_11.9.0.202307121226/tools/bin/../lib/gcc/arm-none-eabi/12.3.1/../../../../arm-none-eabi/lib/thumb/v8-m.main+fp/hard\libcr_nohost_nf.a(__sys_seek.o)
 .debug_abbrev  0x00005adc       0x76 c:/nxp/mcuxpressoide_11.9.0_2144/ide/plugins/com.nxp.mcuxpresso.tools.win32_11.9.0.202307121226/tools/bin/../lib/gcc/arm-none-eabi/12.3.1/../../../../arm-none-eabi/lib/thumb/v8-m.main+fp/hard\libcr_nohost_nf.a(__sys_tmpnam.o)
 .debug_abbrev  0x00005b52       0x76 c:/nxp/mcuxpressoide_11.9.0_2144/ide/plugins/com.nxp.mcuxpresso.tools.win32_11.9.0.202307121226/tools/bin/../lib/gcc/arm-none-eabi/12.3.1/../../../../arm-none-eabi/lib/thumb/v8-m.main+fp/hard\libcr_nohost_nf.a(__sys_write.o)

.debug_aranges  0x00000000     0x1708
 .debug_aranges
                0x00000000       0x20 ./utilities/fsl_assert.o
 .debug_aranges
                0x00000020       0xa8 ./utilities/fsl_debug_console.o
 .debug_aranges
                0x000000c8       0xb8 ./utilities/fsl_str.o
 .debug_aranges
                0x00000180      0x268 ./startup/startup_lpc55s69_cm33_core0.o
 .debug_aranges
                0x000003e8       0x40 ./source/PSM2_ToF.o
 .debug_aranges
                0x00000428       0x28 ./source/colorConverter.o
 .debug_aranges
                0x00000450       0x28 ./source/interpolation.o
 .debug_aranges
                0x00000478       0xd8 ./source/lcd.o
 .debug_aranges
                0x00000550       0x58 ./source/platform.o
 .debug_aranges
                0x000005a8       0x20 ./source/semihost_hardfault.o
 .debug_aranges
                0x000005c8       0xf0 ./source/vl53l5cx_api.o
 .debug_aranges
                0x000006b8      0x228 ./drivers/fsl_clock.o
 .debug_aranges
                0x000008e0       0x38 ./drivers/fsl_common_arm.o
 .debug_aranges
                0x00000918       0xe0 ./drivers/fsl_ctimer.o
 .debug_aranges
                0x000009f8       0x90 ./drivers/fsl_flexcomm.o
 .debug_aranges
                0x00000a88       0x38 ./drivers/fsl_gpio.o
 .debug_aranges
                0x00000ac0      0x1a0 ./drivers/fsl_i2c.o
 .debug_aranges
                0x00000c60       0x40 ./drivers/fsl_inputmux.o
 .debug_aranges
                0x00000ca0      0x128 ./drivers/fsl_pint.o
 .debug_aranges
                0x00000dc8       0xc8 ./drivers/fsl_power.o
 .debug_aranges
                0x00000e90       0x30 ./drivers/fsl_reset.o
 .debug_aranges
                0x00000ec0       0xe8 ./drivers/fsl_spi.o
 .debug_aranges
                0x00000fa8       0xf8 ./drivers/fsl_usart.o
 .debug_aranges
                0x000010a0       0x88 ./device/system_LPC55S69_cm33_core0.o
 .debug_aranges
                0x00001128       0x58 ./component/uart/fsl_adapter_usart.o
 .debug_aranges
                0x00001180       0xa0 ./component/serial_manager/fsl_component_serial_manager.o
 .debug_aranges
                0x00001220       0x48 ./component/serial_manager/fsl_component_serial_port_uart.o
 .debug_aranges
                0x00001268       0x28 ./board/board.o
 .debug_aranges
                0x00001290       0x50 ./board/clock_config.o
 .debug_aranges
                0x000012e0       0x40 ./board/peripherals.o
 .debug_aranges
                0x00001320       0x80 ./board/pin_mux.o
 .debug_aranges
                0x000013a0       0x20 c:/nxp/mcuxpressoide_11.9.0_2144/ide/plugins/com.nxp.mcuxpresso.tools.win32_11.9.0.202307121226/tools/bin/../lib/gcc/arm-none-eabi/12.3.1/../../../../arm-none-eabi/lib/thumb/v8-m.main+fp/hard\libcr_nohost_nf.a(_cr__main.o)
 .debug_aranges
                0x000013c0       0x20 c:/nxp/mcuxpressoide_11.9.0_2144/ide/plugins/com.nxp.mcuxpresso.tools.win32_11.9.0.202307121226/tools/bin/../lib/gcc/arm-none-eabi/12.3.1/../../../../arm-none-eabi/lib/thumb/v8-m.main+fp/hard\libcr_c.a(memcpy.o)
 .debug_aranges
                0x000013e0       0x20 c:/nxp/mcuxpressoide_11.9.0_2144/ide/plugins/com.nxp.mcuxpresso.tools.win32_11.9.0.202307121226/tools/bin/../lib/gcc/arm-none-eabi/12.3.1/../../../../arm-none-eabi/lib/thumb/v8-m.main+fp/hard\libcr_c.a(memset.o)
 .debug_aranges
                0x00001400       0x40 c:/nxp/mcuxpressoide_11.9.0_2144/ide/plugins/com.nxp.mcuxpresso.tools.win32_11.9.0.202307121226/tools/bin/../lib/gcc/arm-none-eabi/12.3.1/../../../../arm-none-eabi/lib/thumb/v8-m.main+fp/hard\libcr_c.a(alloc.o)
 .debug_aranges