Archive member included to satisfy reference by file (symbol)

c:/nxp/mcuxpressoide_11.9.0_2144/ide/plugins/com.nxp.mcuxpresso.tools.win32_11.9.0.202307121226/tools/bin/../lib/gcc/arm-none-eabi/12.3.1/../../../../arm-none-eabi/lib/thumb/v8-m.main+fp/hard\libcr_nohost_nf.a(_cr__main.o)
                              ./startup/startup_lpc55s69_cm33_core0.o (__main)
c:/nxp/mcuxpressoide_11.9.0_2144/ide/plugins/com.nxp.mcuxpresso.tools.win32_11.9.0.202307121226/tools/bin/../lib/gcc/arm-none-eabi/12.3.1/../../../../arm-none-eabi/lib/thumb/v8-m.main+fp/hard\libcr_c.a(cosf.o)
                              ./source/lcd.o (cosf)
c:/nxp/mcuxpressoide_11.9.0_2144/ide/plugins/com.nxp.mcuxpresso.tools.win32_11.9.0.202307121226/tools/bin/../lib/gcc/arm-none-eabi/12.3.1/../../../../arm-none-eabi/lib/thumb/v8-m.main+fp/hard\libcr_c.a(sinf.o)
                              ./source/lcd.o (sinf)
c:/nxp/mcuxpressoide_11.9.0_2144/ide/plugins/com.nxp.mcuxpresso.tools.win32_11.9.0.202307121226/tools/bin/../lib/gcc/arm-none-eabi/12.3.1/../../../../arm-none-eabi/lib/thumb/v8-m.main+fp/hard\libcr_c.a(memcpy.o)
                              ./utilities/fsl_str.o (memcpy)
c:/nxp/mcuxpressoide_11.9.0_2144/ide/plugins/com.nxp.mcuxpresso.tools.win32_11.9.0.202307121226/tools/bin/../lib/gcc/arm-none-eabi/12.3.1/../../../../arm-none-eabi/lib/thumb/v8-m.main+fp/hard\libcr_c.a(memset.o)
                              ./utilities/fsl_debug_console.o (memset)
c:/nxp/mcuxpressoide_11.9.0_2144/ide/plugins/com.nxp.mcuxpresso.tools.win32_11.9.0.202307121226/tools/bin/../lib/gcc/arm-none-eabi/12.3.1/../../../../arm-none-eabi/lib/thumb/v8-m.main+fp/hard\libcr_c.a(alloc.o)
                              ./drivers/fsl_common.o (malloc)
c:/nxp/mcuxpressoide_11.9.0_2144/ide/plugins/com.nxp.mcuxpresso.tools.win32_11.9.0.202307121226/tools/bin/../lib/gcc/arm-none-eabi/12.3.1/../../../../arm-none-eabi/lib/thumb/v8-m.main+fp/hard\libcr_c.a(errno.o)
                              ./utilities/fsl_str.o (errno)
c:/nxp/mcuxpressoide_11.9.0_2144/ide/plugins/com.nxp.mcuxpresso.tools.win32_11.9.0.202307121226/tools/bin/../lib/gcc/arm-none-eabi/12.3.1/../../../../arm-none-eabi/lib/thumb/v8-m.main+fp/hard\libcr_c.a(initio.o)
                              c:/nxp/mcuxpressoide_11.9.0_2144/ide/plugins/com.nxp.mcuxpresso.tools.win32_11.9.0.202307121226/tools/bin/../lib/gcc/arm-none-eabi/12.3.1/../../../../arm-none-eabi/lib/thumb/v8-m.main+fp/hard\libcr_nohost_nf.a(_cr__main.o) (_initio)
c:/nxp/mcuxpressoide_11.9.0_2144/ide/plugins/com.nxp.mcuxpresso.tools.win32_11.9.0.202307121226/tools/bin/../lib/gcc/arm-none-eabi/12.3.1/../../../../arm-none-eabi/lib/thumb/v8-m.main+fp/hard\libcr_c.a(scanf.o)
                              ./utilities/fsl_str.o (strtoul)
c:/nxp/mcuxpressoide_11.9.0_2144/ide/plugins/com.nxp.mcuxpresso.tools.win32_11.9.0.202307121226/tools/bin/../lib/gcc/arm-none-eabi/12.3.1/../../../../arm-none-eabi/lib/thumb/v8-m.main+fp/hard\libcr_c.a(setvbuf.o)
                              c:/nxp/mcuxpressoide_11.9.0_2144/ide/plugins/com.nxp.mcuxpresso.tools.win32_11.9.0.202307121226/tools/bin/../lib/gcc/arm-none-eabi/12.3.1/../../../../arm-none-eabi/lib/thumb/v8-m.main+fp/hard\libcr_c.a(initio.o) (setvbuf)
c:/nxp/mcuxpressoide_11.9.0_2144/ide/plugins/com.nxp.mcuxpresso.tools.win32_11.9.0.202307121226/tools/bin/../lib/gcc/arm-none-eabi/12.3.1/../../../../arm-none-eabi/lib/thumb/v8-m.main+fp/hard\libcr_c.a(stdlib.o)
                              ./source/lcd.o (abs)
c:/nxp/mcuxpressoide_11.9.0_2144/ide/plugins/com.nxp.mcuxpresso.tools.win32_11.9.0.202307121226/tools/bin/../lib/gcc/arm-none-eabi/12.3.1/../../../../arm-none-eabi/lib/thumb/v8-m.main+fp/hard\libcr_c.a(strlen.o)
                              ./utilities/fsl_str.o (strlen)
c:/nxp/mcuxpressoide_11.9.0_2144/ide/plugins/com.nxp.mcuxpresso.tools.win32_11.9.0.202307121226/tools/bin/../lib/gcc/arm-none-eabi/12.3.1/../../../../arm-none-eabi/lib/thumb/v8-m.main+fp/hard\libcr_c.a(ungetc.o)
                              c:/nxp/mcuxpressoide_11.9.0_2144/ide/plugins/com.nxp.mcuxpresso.tools.win32_11.9.0.202307121226/tools/bin/../lib/gcc/arm-none-eabi/12.3.1/../../../../arm-none-eabi/lib/thumb/v8-m.main+fp/hard\libcr_c.a(scanf.o) (ungetc)
c:/nxp/mcuxpressoide_11.9.0_2144/ide/plugins/com.nxp.mcuxpresso.tools.win32_11.9.0.202307121226/tools/bin/../lib/gcc/arm-none-eabi/12.3.1/../../../../arm-none-eabi/lib/thumb/v8-m.main+fp/hard\libcr_c.a(_sincosf.o)
                              c:/nxp/mcuxpressoide_11.9.0_2144/ide/plugins/com.nxp.mcuxpresso.tools.win32_11.9.0.202307121226/tools/bin/../lib/gcc/arm-none-eabi/12.3.1/../../../../arm-none-eabi/lib/thumb/v8-m.main+fp/hard\libcr_c.a(cosf.o) (_sincosf)
c:/nxp/mcuxpressoide_11.9.0_2144/ide/plugins/com.nxp.mcuxpresso.tools.win32_11.9.0.202307121226/tools/bin/../lib/gcc/arm-none-eabi/12.3.1/../../../../arm-none-eabi/lib/thumb/v8-m.main+fp/hard\libcr_c.a(fabsf.o)
[...]
Memory Configuration

Name             Origin             Length             Attributes
PROGRAM_FLASH    0x00000000         0x0009d800         xr
SRAM             0x20000000         0x00040000         xrw
SRAMX            0x04000000         0x00008000         xrw
USB_RAM          0x40100000         0x00004000         xrw
SRAM4            0x20040000         0x00004000         xrw
*default*        0x00000000         0xffffffff

Linker script and memory map

LOAD ./utilities/fsl_assert.o
LOAD ./utilities/fsl_debug_console.o
LOAD ./utilities/fsl_str.o
LOAD ./startup/boot_multicore_slave.o
LOAD ./startup/startup_lpc55s69_cm33_core0.o
LOAD ./source/PSM2_ToF.o
LOAD ./source/colorConverter.o
LOAD ./source/interpolation.o
LOAD ./source/lcd.o
LOAD ./source/platform.o
LOAD ./source/semihost_hardfault.o
LOAD ./source/vl53l5cx_api.o
LOAD ./drivers/fsl_clock.o
LOAD ./drivers/fsl_common.o
LOAD ./drivers/fsl_common_arm.o
LOAD ./drivers/fsl_ctimer.o
LOAD ./drivers/fsl_flexcomm.o
LOAD ./drivers/fsl_gpio.o
LOAD ./drivers/fsl_i2c.o
LOAD ./drivers/fsl_inputmux.o
LOAD ./drivers/fsl_pint.o
LOAD ./drivers/fsl_power.o
LOAD ./drivers/fsl_reset.o
LOAD ./drivers/fsl_spi.o
LOAD ./drivers/fsl_usart.o
LOAD ./device/system_LPC55S69_cm33_core0.o
LOAD ./component/uart/fsl_adapter_usart.o
LOAD ./component/serial_manager/fsl_component_serial_manager.o
LOAD ./component/serial_manager/fsl_component_serial_port_uart.o
LOAD ./component/lists/fsl_component_generic_list.o
LOAD ./board/board.o
LOAD ./board/clock_config.o
LOAD ./board/peripherals.o
LOAD ./board/pin_mux.o
START GROUP
LOAD c:/nxp/mcuxpressoide_11.9.0_2144/ide/plugins/com.nxp.mcuxpresso.tools.win32_11.9.0.202307121226/tools/bin/../lib/gcc/arm-none-eabi/12.3.1/../../../../arm-none-eabi/lib/thumb/v8-m.main+fp/hard\libcr_nohost_nf.a
LOAD c:/nxp/mcuxpressoide_11.9.0_2144/ide/plugins/com.nxp.mcuxpresso.tools.win32_11.9.0.202307121226/tools/bin/../lib/gcc/arm-none-eabi/12.3.1/../../../../arm-none-eabi/lib/thumb/v8-m.main+fp/hard\libcr_c.a
LOAD c:/nxp/mcuxpressoide_11.9.0_2144/ide/plugins/com.nxp.mcuxpresso.tools.win32_11.9.0.202307121226/tools/bin/../lib/gcc/arm-none-eabi/12.3.1/thumb/v8-m.main+fp/hard\libcr_eabihelpers.a
LOAD c:/nxp/mcuxpressoide_11.9.0_2144/ide/plugins/com.nxp.mcuxpresso.tools.win32_11.9.0.202307121226/tools/bin/../lib/gcc/arm-none-eabi/12.3.1/thumb/v8-m.main+fp/hard\libgcc.a
END GROUP
                0x00000000                        __base_PROGRAM_FLASH = 0x0
                0x00000000                        __base_Flash = 0x0
                0x0009d800                        __top_PROGRAM_FLASH = 0x9d800
                0x0009d800                        __top_Flash = 0x9d800
                0x20000000                        __base_SRAM = 0x20000000
                0x20000000                        __base_RAM = 0x20000000
                0x20040000                        __top_SRAM = 0x20040000
                0x20040000                        __top_RAM = 0x20040000
                0x04000000                        __base_SRAMX = 0x4000000
                0x04000000                        __base_RAM2 = 0x4000000
                0x04008000                        __top_SRAMX = 0x4008000
                0x04008000                        __top_RAM2 = 0x4008000
                0x40100000                        __base_USB_RAM = 0x40100000
                0x40100000                        __base_RAM3 = 0x40100000
                0x40104000                        __top_USB_RAM = 0x40104000
                0x40104000                        __top_RAM3 = 0x40104000
                0x20040000                        __base_SRAM4 = 0x20040000
                0x20040000                        __base_RAM4 = 0x20040000
                0x20044000                        __top_SRAM4 = 0x20044000
                0x20044000                        __top_RAM4 = 0x20044000

.text           0x00000000    0x1db48
 FILL mask 0xff
                0x00000000                        __vectors_start__ = ABSOLUTE (.)
 *(SORT_BY_ALIGNMENT(.isr_vector))
 .isr_vector    0x00000000      0x130 ./startup/startup_lpc55s69_cm33_core0.o
                0x00000000                g_pfnVectors
                0x00000000                __Vectors
                0x00000130                        . = ALIGN (0x4)
                0x00000130                        __section_table_start = .
                0x00000130                        __data_section_table = .
                0x00000130        0x4 LONG 0x1db48 LOADADDR (.data)
                0x00000134        0x4 LONG 0x20000000 ADDR (.data)
                0x00000138        0x4 LONG 0x8 SIZEOF (.data)
                0x0000013c        0x4 LONG 0x1db48 LOADADDR (.data_RAM2)
                0x00000140        0x4 LONG 0x4000000 ADDR (.data_RAM2)
                0x00000144        0x4 LONG 0x0 SIZEOF (.data_RAM2)
                0x00000148        0x4 LONG 0x1db48 LOADADDR (.data_RAM3)
                0x0000014c        0x4 LONG 0x40100000 ADDR (.data_RAM3)
                0x00000150        0x4 LONG 0x0 SIZEOF (.data_RAM3)
                0x00000154        0x4 LONG 0x1db48 LOADADDR (.data_RAM4)
                0x00000158        0x4 LONG 0x20040000 ADDR (.data_RAM4)
                0x0000015c        0x4 LONG 0x0 SIZEOF (.data_RAM4)
                0x00000160                        __data_section_table_end = .
                0x00000160                        __bss_section_table = .
                0x00000160        0x4 LONG 0x20000008 ADDR (.bss)
                0x00000164        0x4 LONG 0x15214 SIZEOF (.bss)
                0x00000168        0x4 LONG 0x4000000 ADDR (.bss_RAM2)
                0x0000016c        0x4 LONG 0x0 SIZEOF (.bss_RAM2)
                0x00000170        0x4 LONG 0x40100000 ADDR (.bss_RAM3)
                0x00000174        0x4 LONG 0x0 SIZEOF (.bss_RAM3)
                0x00000178        0x4 LONG 0x20040000 ADDR (.bss_RAM4)
                0x0000017c        0x4 LONG 0x0 SIZEOF (.bss_RAM4)
                0x00000180                        __bss_section_table_end = .
                0x00000180                        __section_table_end = .
 *(SORT_BY_ALIGNMENT(.after_vectors*))
 .after_vectors.reset
                0x00000180       0x68 ./startup/startup_lpc55s69_cm33_core0.o
                0x00000180                ResetISR
 .after_vectors.init_data
                0x000001e8       0x1e ./startup/startup_lpc55s69_cm33_core0.o
                0x000001e8                data_init
 .after_vectors.init_bss
                0x00000206       0x12 ./startup/startup_lpc55s69_cm33_core0.o
                0x00000206                bss_init
 .after_vectors
                0x00000218       0x16 ./startup/startup_lpc55s69_cm33_core0.o
                0x00000218                NMI_Handler
                0x0000021c                MemManage_Handler
                0x0000021e                BusFault_Handler
                0x00000220                UsageFault_Handler
                0x00000222                SecureFault_Handler
                0x00000224                SVC_Handler
                0x00000226                DebugMon_Handler
                0x00000228                PendSV_Handler
                0x0000022a                SysTick_Handler
                0x0000022c                Reserved42_DriverIRQHandler
                0x0000022c                IntDefaultHandler
                0x0000022c                USB0_DriverIRQHandler
                0x0000022c                CASER_DriverIRQHandler
                0x0000022c                MRT0_DriverIRQHandler
                0x0000022c                UTICK0_DriverIRQHandler
                0x0000022c                Reserved41_DriverIRQHandler
                0x0000022c                GINT1_DriverIRQHandler
                0x0000022c                Reserved55_DriverIRQHandler
                0x0000022c                HASHCRYPT_DriverIRQHandler
                0x0000022c                USB0_NEEDCLK_DriverIRQHandler
                0x0000022c                DMA0_DriverIRQHandler
                0x0000022c                PQ_DriverIRQHandler
                0x0000022c                SEC_VIO_DriverIRQHandler
                0x0000022c                Reserved61_DriverIRQHandler
                0x0000022c                PUF_DriverIRQHandler
                0x0000022c                RTC_DriverIRQHandler
                0x0000022c                Reserved39_DriverIRQHandler
                0x0000022c                Reserved56_DriverIRQHandler
                0x0000022c                USB1_DriverIRQHandler
                0x0000022c                Reserved60_DriverIRQHandler
                0x0000022c                DMA1_DriverIRQHandler
                0x0000022c                ADC0_DriverIRQHandler
                0x0000022c                USB1_NEEDCLK_DriverIRQHandler
                0x0000022c                Reserved59_DriverIRQHandler
                0x0000022c                SDIO_DriverIRQHandler
                0x0000022c                GINT0_DriverIRQHandler
                0x0000022c                USB1_PHY_DriverIRQHandler
                0x0000022c                ACMP_DriverIRQHandler
                0x0000022c                Reserved57_DriverIRQHandler
                0x0000022c                MAILBOX_DriverIRQHandler
                0x0000022c                Reserved46_DriverIRQHandler
                0x0000022c                WDT_BOD_DriverIRQHandler
                0x0000022c                SCT0_DriverIRQHandler
                0x0000022c                PLU_DriverIRQHandler
                0x0000022c                OS_EVENT_DriverIRQHandler
                0x0000022c                SEC_HYPERVISOR_CALL_DriverIRQHandler
 *(SORT_BY_ALIGNMENT(.text*))
 *fill*         0x0000022e        0x2 ff
 .text.__assertion_failed
                0x00000230       0x18 ./utilities/fsl_assert.o
                0x00000230                __assertion_failed
 .text.DbgConsole_SendDataReliable
                0x00000248       0x54 ./utilities/fsl_debug_console.o
                0x00000248                DbgConsole_SendDataReliable
 .text.DbgConsole_Init
                0x0000029c      0x138 ./utilities/fsl_debug_console.o
                0x0000029c                DbgConsole_Init
 .text.DbgConsole_Vprintf
                0x000003d4       0x6c ./utilities/fsl_debug_console.o
                0x000003d4                DbgConsole_Vprintf
 .text.delay_ms
                0x00000440       0x34 ./source/PSM2_ToF.o
                0x00000440                delay_ms
 .text.cbToF_Ready
                0x00000474       0xa8 ./source/PSM2_ToF.o
                0x00000474                cbToF_Ready
 .text.detectedSW
                0x0000051c       0x40 ./source/PSM2_ToF.o
                0x0000051c                detectedSW
 .text.drawGreyBilinear
                0x0000055c       0xb0 ./source/PSM2_ToF.o
                0x0000055c                drawGreyBilinear
 .text.drawGreyNearest
                0x0000060c       0x9c ./source/PSM2_ToF.o
                0x0000060c                drawGreyNearest
 .text.drawColorBilinear
                0x000006a8       0xb0 ./source/PSM2_ToF.o
                0x000006a8                drawColorBilinear
 .text.drawColorNearest
                0x00000758       0x9c ./source/PSM2_ToF.o
                0x00000758                drawColorNearest
 .text.main     0x000007f4      0x1fc ./source/PSM2_ToF.o
                0x000007f4                main
 .text.convertToGreyscale
                0x000009f0       0x88 ./source/colorConverter.o
                0x000009f0                convertToGreyscale
 .text.SPI_Write_Byte
                0x00000a78       0x7c ./source/lcd.o
 .text.SPI_Write_Words
                0x00000af4       0xd4 ./source/lcd.o
 .text.LCD_WriteReg
                0x00000bc8       0x4c ./source/lcd.o
 .text.LCD_WriteData_8Bit
                0x00000c14       0x4c ./source/lcd.o
 .text.LCD_GramRefresh
                0x00000c60       0x38 ./source/lcd.o
                0x00000c60                LCD_GramRefresh
 .text.LCD_Init
                0x00000c98       0x8c ./source/lcd.o
                0x00000c98                LCD_Init
 .text.LCD_Clear
                0x00000d24       0x40 ./source/lcd.o
                0x00000d24                LCD_Clear
 .text.LCD_Set_Icon
                0x00000d64       0x88 ./source/lcd.o
                0x00000d64                LCD_Set_Icon
 .text.LCD_Draw_Point
                0x00000dec       0x4c ./source/lcd.o
                0x00000dec                LCD_Draw_Point
 .text.LCD_Puts
                0x00000e38      0x10c ./source/lcd.o
                0x00000e38                LCD_Puts
 .text._vl53l5cx_send_offset_data
                0x00000f44      0x370 ./source/vl53l5cx_api.o
 .text._vl53l5cx_send_xtalk_data
                0x000012b4      0x29c ./source/vl53l5cx_api.o
 .text.vl53l5cx_init
                0x00001550      0x7f4 ./source/vl53l5cx_api.o
                0x00001550                vl53l5cx_init
 .text.vl53l5cx_start_ranging
                0x00001d44      0x2b4 ./source/vl53l5cx_api.o
                0x00001d44                vl53l5cx_start_ranging
 .text.vl53l5cx_get_ranging_data
                0x00001ff8      0x37c ./source/vl53l5cx_api.o
                0x00001ff8                vl53l5cx_get_ranging_data
 .text.vl53l5cx_dci_read_data
                0x00002374      0x114 ./source/vl53l5cx_api.o
                0x00002374                vl53l5cx_dci_read_data
 .text.POWER_EnablePD
                0x00002488       0x20 ./drivers/fsl_clock.o
 .text.POWER_DisablePD
                0x000024a8       0x20 ./drivers/fsl_clock.o
 .text.CLOCK_AttachClk
                0x000024c8       0xa0 ./drivers/fsl_clock.o
                0x000024c8                CLOCK_AttachClk
 .text.CLOCK_SetClkDiv
                0x00002568       0x80 ./drivers/fsl_clock.o
                0x00002568                CLOCK_SetClkDiv
 .text.CLOCK_SetupFROClocking
                0x000025e8       0x80 ./drivers/fsl_clock.o
                0x000025e8                CLOCK_SetupFROClocking
 .text.CLOCK_SetFLASHAccessCyclesForFreq
                0x00002668      0x17c ./drivers/fsl_clock.o
                0x00002668                CLOCK_SetFLASHAccessCyclesForFreq
 .text.CLOCK_SetupExtClocking
                0x000027e4       0x50 ./drivers/fsl_clock.o
                0x000027e4                CLOCK_SetupExtClocking
 .text.CLOCK_GetFro1MFreq
                0x00002834       0x28 ./drivers/fsl_clock.o
                0x00002834                CLOCK_GetFro1MFreq
 .text.CLOCK_GetExtClkFreq
                0x0000285c       0x2c ./drivers/fsl_clock.o
                0x0000285c                CLOCK_GetExtClkFreq
 .text.CLOCK_GetOsc32KFreq
                0x00002888       0x58 ./drivers/fsl_clock.o
                0x00002888                CLOCK_GetOsc32KFreq
 .text.CLOCK_GetPLL0InClockRate
                0x000028e0       0x64 ./drivers/fsl_clock.o
                0x000028e0                CLOCK_GetPLL0InClockRate
 .text.CLOCK_SetPLL0Freq
                0x00002944      0x14c ./drivers/fsl_clock.o
                0x00002944                CLOCK_SetPLL0Freq
 .text.SDK_DelayAtLeastUs
                0x00002a90       0x8c ./drivers/fsl_common_arm.o
                0x00002a90                SDK_DelayAtLeastUs
 .text.CTIMER_GenericIRQHandler
                0x00002b1c       0xb4 ./drivers/fsl_ctimer.o
 .text.FLEXCOMM_GetInstance
                0x00002bd0       0x50 ./drivers/fsl_flexcomm.o
                0x00002bd0                FLEXCOMM_GetInstance
 .text.FLEXCOMM_Init
                0x00002c20       0x50 ./drivers/fsl_flexcomm.o
                0x00002c20                FLEXCOMM_Init
 .text.FLEXCOMM0_DriverIRQHandler
                0x00002c70       0x5c ./drivers/fsl_flexcomm.o
                0x00002c70                FLEXCOMM0_DriverIRQHandler
 .text.FLEXCOMM1_DriverIRQHandler
                0x00002ccc       0x5c ./drivers/fsl_flexcomm.o
                0x00002ccc                FLEXCOMM1_DriverIRQHandler
 .text.FLEXCOMM2_DriverIRQHandler
                0x00002d28       0x5c ./drivers/fsl_flexcomm.o
                0x00002d28                FLEXCOMM2_DriverIRQHandler
 .text.FLEXCOMM3_DriverIRQHandler
                0x00002d84       0x5c ./drivers/fsl_flexcomm.o
                0x00002d84                FLEXCOMM3_DriverIRQHandler
 .text.FLEXCOMM4_DriverIRQHandler
                0x00002de0       0x5c ./drivers/fsl_flexcomm.o
                0x00002de0                FLEXCOMM4_DriverIRQHandler
 .text.FLEXCOMM5_DriverIRQHandler
                0x00002e3c       0x5c ./drivers/fsl_flexcomm.o
                0x00002e3c                FLEXCOMM5_DriverIRQHandler
 .text.FLEXCOMM6_DriverIRQHandler
                0x00002e98       0x5c ./drivers/fsl_flexcomm.o
                0x00002e98                FLEXCOMM6_DriverIRQHandler
 .text.FLEXCOMM7_DriverIRQHandler
                0x00002ef4       0x5c ./drivers/fsl_flexcomm.o
                0x00002ef4                FLEXCOMM7_DriverIRQHandler
 .text.FLEXCOMM8_DriverIRQHandler
                0x00002f50       0x5c ./drivers/fsl_flexcomm.o
                0x00002f50                FLEXCOMM8_DriverIRQHandler
 .text.GPIO_EnablePortClock
                0x00002fac       0x34 ./drivers/fsl_gpio.o
 .text.I2C_ClearStatusFlags
                0x00002fe0       0x2c ./drivers/fsl_i2c.o
 .text.I2C_MasterSetBaudRate
                0x0000300c      0x13c ./drivers/fsl_i2c.o
                0x0000300c                I2C_MasterSetBaudRate
 .text.I2C_MasterSetTimeoutValue
                0x00003148       0x84 ./drivers/fsl_i2c.o
                0x00003148                I2C_MasterSetTimeoutValue
 .text.I2C_PendingStatusWait
                0x000031cc       0x74 ./drivers/fsl_i2c.o
 .text.I2C_MasterWriteBlocking
                0x00003240       0xe4 ./drivers/fsl_i2c.o
                0x00003240                I2C_MasterWriteBlocking
 .text.I2C_MasterReadBlocking
                0x00003324       0xcc ./drivers/fsl_i2c.o
                0x00003324                I2C_MasterReadBlocking
 .text.__NVIC_EnableIRQ
                0x000033f0       0x3c ./drivers/fsl_pint.o
 .text.__NVIC_ClearPendingIRQ
                0x0000342c       0x3c ./drivers/fsl_pint.o
 .text.PINT_Init
                0x00003468       0xd4 ./drivers/fsl_pint.o
                0x00003468                PINT_Init
 .text.PINT_PinInterruptConfig
                0x0000353c       0xd0 ./drivers/fsl_pint.o
                0x0000353c                PINT_PinInterruptConfig
 .text.PINT_EnableCallbackByIndex
                0x0000360c       0x5c ./drivers/fsl_pint.o
                0x0000360c                PINT_EnableCallbackByIndex
 .text.SEC_GPIO_INT0_IRQ0_DriverIRQHandler
                0x00003668       0x48 ./drivers/fsl_pint.o
                0x00003668                SEC_GPIO_INT0_IRQ0_DriverIRQHandler
 .text.SEC_GPIO_INT0_IRQ1_DriverIRQHandler
                0x000036b0       0x44 ./drivers/fsl_pint.o
                0x000036b0                SEC_GPIO_INT0_IRQ1_DriverIRQHandler
 .text.PIN_INT0_DriverIRQHandler
                0x000036f4       0x48 ./drivers/fsl_pint.o
                0x000036f4                PIN_INT0_DriverIRQHandler
 .text.PIN_INT1_DriverIRQHandler
                0x0000373c       0x48 ./drivers/fsl_pint.o
                0x0000373c                PIN_INT1_DriverIRQHandler
 .text.PIN_INT2_DriverIRQHandler
                0x00003784       0x48 ./drivers/fsl_pint.o
                0x00003784                PIN_INT2_DriverIRQHandler
 .text.PIN_INT3_DriverIRQHandler
                0x000037cc       0x48 ./drivers/fsl_pint.o
                0x000037cc                PIN_INT3_DriverIRQHandler
 .text.PIN_INT4_DriverIRQHandler
                0x00003814       0x48 ./drivers/fsl_pint.o
                0x00003814                PIN_INT4_DriverIRQHandler
 .text.PIN_INT5_DriverIRQHandler
                0x0000385c       0x48 ./drivers/fsl_pint.o
                0x0000385c                PIN_INT5_DriverIRQHandler
 .text.PIN_INT6_DriverIRQHandler
                0x000038a4       0x48 ./drivers/fsl_pint.o
                0x000038a4                PIN_INT6_DriverIRQHandler
 .text.PIN_INT7_DriverIRQHandler
                0x000038ec       0x48 ./drivers/fsl_pint.o
                0x000038ec                PIN_INT7_DriverIRQHandler
 .text.lowpower_set_system_voltage
                0x00003934      0x154 ./drivers/fsl_power.o
 .text.lowpower_set_dcdc_power_profile
                0x00003a88       0xec ./drivers/fsl_power.o
 .text.lowpower_get_part_process_corner
                0x00003b74       0x94 ./drivers/fsl_power.o
 .text.POWER_SetVoltageForFreq
                0x00003c08       0x50 ./drivers/fsl_power.o
                0x00003c08                POWER_SetVoltageForFreq
 .text.RESET_SetPeripheralReset
                0x00003c58       0x5c ./drivers/fsl_reset.o
                0x00003c58                RESET_SetPeripheralReset
 .text.RESET_ClearPeripheralReset
                0x00003cb4       0x60 ./drivers/fsl_reset.o
                0x00003cb4                RESET_ClearPeripheralReset
 .text.SPI_SetTransferDelay
                0x00003d14       0x60 ./drivers/fsl_spi.o
 .text.SPI_GetInstance
                0x00003d74       0x4c ./drivers/fsl_spi.o
                0x00003d74                SPI_GetInstance
 .text.SPI_SetDummyData
                0x00003dc0       0x2c ./drivers/fsl_spi.o
                0x00003dc0                SPI_SetDummyData
 .text.SPI_GetConfig
                0x00003dec       0x24 ./drivers/fsl_spi.o
                0x00003dec                SPI_GetConfig
 .text.SPI_MasterInit
                0x00003e10      0x190 ./drivers/fsl_spi.o
                0x00003e10                SPI_MasterInit
 .text.SPI_MasterSetBaud
                0x00003fa0       0x9c ./drivers/fsl_spi.o
                0x00003fa0                SPI_MasterSetBaud
 .text.USART_Init
                0x0000403c      0x1cc ./drivers/fsl_usart.o
                0x0000403c                USART_Init
 .text.USART_GetDefaultConfig
                0x00004208       0x80 ./drivers/fsl_usart.o
                0x00004208                USART_GetDefaultConfig
 .text.USART_SetBaudRate
                0x00004288      0x18c ./drivers/fsl_usart.o
                0x00004288                USART_SetBaudRate
 .text.USART_WriteBlocking
                0x00004414       0x8c ./drivers/fsl_usart.o
                0x00004414                USART_WriteBlocking
 .text.SystemInit
                0x000044a0       0x64 ./device/system_LPC55S69_cm33_core0.o
                0x000044a0                SystemInit
 .text.HAL_UartInitCommon
                0x00004504      0x110 ./component/uart/fsl_adapter_usart.o
 .text.HAL_UartSendBlocking
                0x00004614       0x64 ./component/uart/fsl_adapter_usart.o
                0x00004614                HAL_UartSendBlocking
 .text.BOARD_InitDebugConsole
                0x00004678       0x38 ./board/board.o
                0x00004678                BOARD_InitDebugConsole
 .text.POWER_DisablePD
                0x000046b0       0x20 ./board/clock_config.o
 .text.BOARD_BootClockPLL150M
                0x000046d0      0x118 ./board/clock_config.o
                0x000046d0                BOARD_BootClockPLL150M
 .text.__NVIC_SetPriority
                0x000047e8       0x54 ./board/peripherals.o
 .text.FLEXCOMM4_init
                0x0000483c       0x20 ./board/peripherals.o
 .text.PINT_init
                0x0000485c       0x90 ./board/peripherals.o
 .text.FLEXCOMM3_init
                0x000048ec       0x20 ./board/peripherals.o
 .text.BOARD_InitDEBUG_UARTPins
                0x0000490c       0x3c ./board/pin_mux.o
                0x0000490c                BOARD_InitDEBUG_UARTPins
 .text.BOARD_ToFCamPins
                0x00004948       0xfc ./board/pin_mux.o
                0x00004948                BOARD_ToFCamPins
 .text.BOARD_InitPMODPins
                0x00004a44       0xc4 ./board/pin_mux.o
                0x00004a44                BOARD_InitPMODPins
 .text.BOARD_InitENCPins
                0x00004b08      0x124 ./board/pin_mux.o
                0x00004b08                BOARD_InitENCPins
 .text._initio  0x00004c2c       0x78 c:/nxp/mcuxpressoide_11.9.0_2144/ide/plugins/com.nxp.mcuxpresso.tools.win32_11.9.0.202307121226/tools/bin/../lib/gcc/arm-none-eabi/12.3.1/../../../../arm-none-eabi/lib/thumb/v8-m.main+fp/hard\libcr_c.a(initio.o)
                0x00004c2c                _initio
 .text._Cwritebuf
                0x00004ca4       0x6c c:/nxp/mcuxpressoide_11.9.0_2144/ide/plugins/com.nxp.mcuxpresso.tools.win32_11.9.0.202307121226/tools/bin/../lib/gcc/arm-none-eabi/12.3.1/../../../../arm-none-eabi/lib/thumb/v8-m.main+fp/hard\libcr_c.a(_writebuf.o)
                0x00004ca4                _Cwritebuf
 .text.fflush   0x00004d10       0x3c c:/nxp/mcuxpressoide_11.9.0_2144/ide/plugins/com.nxp.mcuxpresso.tools.win32_11.9.0.202307121226/tools/bin/../lib/gcc/arm-none-eabi/12.3.1/../../../../arm-none-eabi/lib/thumb/v8-m.main+fp/hard\libcr_c.a(fflush.o)
                0x00004d10                fflush
 .text.fseek    0x00004d4c       0xf8 c:/nxp/mcuxpressoide_11.9.0_2144/ide/plugins/com.nxp.mcuxpresso.tools.win32_11.9.0.202307121226/tools/bin/../lib/gcc/arm-none-eabi/12.3.1/../../../../arm-none-eabi/lib/thumb/v8-m.main+fp/hard\libcr_c.a(fseek.o)
                0x00004d4c                fseek
 .text.ftell    0x00004e44       0x44 c:/nxp/mcuxpressoide_11.9.0_2144/ide/plugins/com.nxp.mcuxpresso.tools.win32_11.9.0.202307121226/tools/bin/../lib/gcc/arm-none-eabi/12.3.1/../../../../arm-none-eabi/lib/thumb/v8-m.main+fp/hard\libcr_c.a(ftell.o)
                0x00004e44                ftell
 .text.__aeabi_dsub
                0x00004e88      0x1b4 c:/nxp/mcuxpressoide_11.9.0_2144/ide/plugins/com.nxp.mcuxpresso.tools.win32_11.9.0.202307121226/tools/bin/../lib/gcc/arm-none-eabi/12.3.1/thumb/v8-m.main+fp/hard\libcr_eabihelpers.a(double.o)
                0x00004e88                __aeabi_dsub
 .text.__aeabi_dadd
                0x0000503c      0x13c c:/nxp/mcuxpressoide_11.9.0_2144/ide/plugins/com.nxp.mcuxpresso.tools.win32_11.9.0.202307121226/tools/bin/../lib/gcc/arm-none-eabi/12.3.1/thumb/v8-m.main+fp/hard\libcr_eabihelpers.a(double.o)
                0x0000503c                __aeabi_dadd
 .text.__aeabi_f2d
                0x00005178       0x38 c:/nxp/mcuxpressoide_11.9.0_2144/ide/plugins/com.nxp.mcuxpresso.tools.win32_11.9.0.202307121226/tools/bin/../lib/gcc/arm-none-eabi/12.3.1/thumb/v8-m.main+fp/hard\libcr_eabihelpers.a(float.o)
                0x00005178                __aeabi_f2d
 .text.DbgConsole_PrintCallback
                0x000051b0       0x66 ./utilities/fsl_debug_console.o
 .text.DbgConsole_Printf
                0x00005216       0x2c ./utilities/fsl_debug_console.o
                0x00005216                DbgConsole_Printf
 .text.PrintGetWidth
                0x00005242       0x6a ./utilities/fsl_str.o
 .text.PrintGetPrecision
                0x000052ac       0x8c ./utilities/fsl_str.o
 .text.PrintIsobpu
                0x00005338       0x38 ./utilities/fsl_str.o
 .text.PrintIsdi
                0x00005370       0x2c ./utilities/fsl_str.o
 .text.PrintOutputdifFobpu
                0x0000539c       0x44 ./utilities/fsl_str.o
 .text.PrintOutputxX
                0x000053e0       0x44 ./utilities/fsl_str.o
 .text.PrintIsfF
                0x00005424       0x2c ./utilities/fsl_str.o
 .text.PrintIsxX
                0x00005450       0x2c ./utilities/fsl_str.o
 .text.PrintFilterLengthFlag
                0x0000547c       0x3e ./utilities/fsl_str.o
 .text.PrintGetRadixFromobpu
                0x000054ba       0x40 ./utilities/fsl_str.o
 .text.ConvertRadixNumToString
                0x000054fa       0xc2 ./utilities/fsl_str.o
 .text.StrFormatPrintf
                0x000055bc      0x2ac ./utilities/fsl_str.o
                0x000055bc                StrFormatPrintf
 .text.WDT_BOD_IRQHandler
                0x00005868        0x8 ./startup/startup_lpc55s69_cm33_core0.o
                0x00005868                WDT_BOD_IRQHandler
 .text.DMA0_IRQHandler
                0x00005870        0x8 ./startup/startup_lpc55s69_cm33_core0.o
                0x00005870                DMA0_IRQHandler
 .text.GINT0_IRQHandler
                0x00005878        0x8 ./startup/startup_lpc55s69_cm33_core0.o
                0x00005878                GINT0_IRQHandler
 .text.GINT1_IRQHandler
                0x00005880        0x8 ./startup/startup_lpc55s69_cm33_core0.o
                0x00005880                GINT1_IRQHandler
 .text.PIN_INT0_IRQHandler
                0x00005888        0x8 ./startup/startup_lpc55s69_cm33_core0.o
                0x00005888                PIN_INT0_IRQHandler
 .text.PIN_INT1_IRQHandler
                0x00005890        0x8 ./startup/startup_lpc55s69_cm33_core0.o
                0x00005890                PIN_INT1_IRQHandler
 .text.PIN_INT2_IRQHandler
                0x00005898        0x8 ./startup/startup_lpc55s69_cm33_core0.o
                0x00005898                PIN_INT2_IRQHandler
 .text.PIN_INT3_IRQHandler
                0x000058a0        0x8 ./startup/startup_lpc55s69_cm33_core0.o
                0x000058a0                PIN_INT3_IRQHandler
 .text.UTICK0_IRQHandler
                0x000058a8        0x8 ./startup/startup_lpc55s69_cm33_core0.o
                0x000058a8                UTICK0_IRQHandler
 .text.MRT0_IRQHandler
                0x000058b0        0x8 ./startup/startup_lpc55s69_cm33_core0.o
                0x000058b0                MRT0_IRQHandler
 .text.CTIMER0_IRQHandler
                0x000058b8        0x8 ./startup/startup_lpc55s69_cm33_core0.o
                0x000058b8                CTIMER0_IRQHandler
 .text.CTIMER1_IRQHandler
                0x000058c0        0x8 ./startup/startup_lpc55s69_cm33_core0.o
                0x000058c0                CTIMER1_IRQHandler
 .text.SCT0_IRQHandler
                0x000058c8        0x8 ./startup/startup_lpc55s69_cm33_core0.o
                0x000058c8                SCT0_IRQHandler
 .text.CTIMER3_IRQHandler
                0x000058d0        0x8 ./startup/startup_lpc55s69_cm33_core0.o
                0x000058d0                CTIMER3_IRQHandler
 .text.FLEXCOMM0_IRQHandler
                0x000058d8        0x8 ./startup/startup_lpc55s69_cm33_core0.o
                0x000058d8                FLEXCOMM0_IRQHandler
 .text.FLEXCOMM1_IRQHandler
                0x000058e0        0x8 ./startup/startup_lpc55s69_cm33_core0.o
                0x000058e0                FLEXCOMM1_IRQHandler
 .text.FLEXCOMM2_IRQHandler
                0x000058e8        0x8 ./startup/startup_lpc55s69_cm33_core0.o
                0x000058e8                FLEXCOMM2_IRQHandler
 .text.FLEXCOMM3_IRQHandler
                0x000058f0        0x8 ./startup/startup_lpc55s69_cm33_core0.o
                0x000058f0                FLEXCOMM3_IRQHandler
 .text.FLEXCOMM4_IRQHandler
                0x000058f8        0x8 ./startup/startup_lpc55s69_cm33_core0.o
                0x000058f8                FLEXCOMM4_IRQHandler
 .text.FLEXCOMM5_IRQHandler
                0x00005900        0x8 ./startup/startup_lpc55s69_cm33_core0.o
                0x00005900                FLEXCOMM5_IRQHandler
 .text.FLEXCOMM6_IRQHandler
                0x00005908        0x8 ./startup/startup_lpc55s69_cm33_core0.o
                0x00005908                FLEXCOMM6_IRQHandler
 .text.FLEXCOMM7_IRQHandler
                0x00005910        0x8 ./startup/startup_lpc55s69_cm33_core0.o
                0x00005910                FLEXCOMM7_IRQHandler
 .text.ADC0_IRQHandler
                0x00005918        0x8 ./startup/startup_lpc55s69_cm33_core0.o
                0x00005918                ADC0_IRQHandler
 .text.Reserved39_IRQHandler
                0x00005920        0x8 ./startup/startup_lpc55s69_cm33_core0.o
                0x00005920                Reserved39_IRQHandler
 .text.ACMP_IRQHandler
                0x00005928        0x8 ./startup/startup_lpc55s69_cm33_core0.o
                0x00005928                ACMP_IRQHandler
 .text.Reserved41_IRQHandler
                0x00005930        0x8 ./startup/startup_lpc55s69_cm33_core0.o
                0x00005930                Reserved41_IRQHandler
 .text.Reserved42_IRQHandler
                0x00005938        0x8 ./startup/startup_lpc55s69_cm33_core0.o
                0x00005938                Reserved42_IRQHandler
 .text.USB0_NEEDCLK_IRQHandler
                0x00005940        0x8 ./startup/startup_lpc55s69_cm33_core0.o
                0x00005940                USB0_NEEDCLK_IRQHandler
 .text.USB0_IRQHandler
                0x00005948        0x8 ./startup/startup_lpc55s69_cm33_core0.o
                0x00005948                USB0_IRQHandler
 .text.RTC_IRQHandler
                0x00005950        0x8 ./startup/startup_lpc55s69_cm33_core0.o
                0x00005950                RTC_IRQHandler
 .text.Reserved46_IRQHandler
                0x00005958        0x8 ./startup/startup_lpc55s69_cm33_core0.o
                0x00005958                Reserved46_IRQHandler
 .text.MAILBOX_IRQHandler
                0x00005960        0x8 ./startup/startup_lpc55s69_cm33_core0.o
                0x00005960                MAILBOX_IRQHandler
 .text.PIN_INT4_IRQHandler
                0x00005968        0x8 ./startup/startup_lpc55s69_cm33_core0.o
                0x00005968                PIN_INT4_IRQHandler
 .text.PIN_INT5_IRQHandler
                0x00005970        0x8 ./startup/startup_lpc55s69_cm33_core0.o
                0x00005970                PIN_INT5_IRQHandler
 .text.PIN_INT6_IRQHandler
                0x00005978        0x8 ./startup/startup_lpc55s69_cm33_core0.o
                0x00005978                PIN_INT6_IRQHandler
 .text.PIN_INT7_IRQHandler
                0x00005980        0x8 ./startup/startup_lpc55s69_cm33_core0.o
                0x00005980                PIN_INT7_IRQHandler
 .text.CTIMER2_IRQHandler
                0x00005988        0x8 ./startup/startup_lpc55s69_cm33_core0.o
                0x00005988                CTIMER2_IRQHandler
 .text.CTIMER4_IRQHandler
                0x00005990        0x8 ./startup/startup_lpc55s69_cm33_core0.o
                0x00005990                CTIMER4_IRQHandler
 .text.OS_EVENT_IRQHandler
                0x00005998        0x8 ./startup/startup_lpc55s69_cm33_core0.o
                0x00005998                OS_EVENT_IRQHandler
 .text.Reserved55_IRQHandler
                0x000059a0        0x8 ./startup/startup_lpc55s69_cm33_core0.o
                0x000059a0                Reserved55_IRQHandler
 .text.Reserved56_IRQHandler
                0x000059a8        0x8 ./startup/startup_lpc55s69_cm33_core0.o
                0x000059a8                Reserved56_IRQHandler
 .text.Reserved57_IRQHandler
                0x000059b0        0x8 ./startup/startup_lpc55s69_cm33_core0.o
                0x000059b0                Reserved57_IRQHandler
 .text.SDIO_IRQHandler
                0x000059b8        0x8 ./startup/startup_lpc55s69_cm33_core0.o
                0x000059b8                SDIO_IRQHandler
 .text.Reserved59_IRQHandler
                0x000059c0        0x8 ./startup/startup_lpc55s69_cm33_core0.o
                0x000059c0                Reserved59_IRQHandler
 .text.Reserved60_IRQHandler
                0x000059c8        0x8 ./startup/startup_lpc55s69_cm33_core0.o
                0x000059c8                Reserved60_IRQHandler
 .text.Reserved61_IRQHandler
                0x000059d0        0x8 ./startup/startup_lpc55s69_cm33_core0.o
                0x000059d0                Reserved61_IRQHandler
 .text.USB1_PHY_IRQHandler
                0x000059d8        0x8 ./startup/startup_lpc55s69_cm33_core0.o
                0x000059d8                USB1_PHY_IRQHandler
 .text.USB1_IRQHandler
                0x000059e0        0x8 ./startup/startup_lpc55s69_cm33_core0.o
                0x000059e0                USB1_IRQHandler
 .text.USB1_NEEDCLK_IRQHandler
                0x000059e8        0x8 ./startup/startup_lpc55s69_cm33_core0.o
                0x000059e8                USB1_NEEDCLK_IRQHandler
 .text.SEC_HYPERVISOR_CALL_IRQHandler
                0x000059f0        0x8 ./startup/startup_lpc55s69_cm33_core0.o
                0x000059f0                SEC_HYPERVISOR_CALL_IRQHandler
 .text.SEC_GPIO_INT0_IRQ0_IRQHandler
                0x000059f8        0x8 ./startup/startup_lpc55s69_cm33_core0.o
                0x000059f8                SEC_GPIO_INT0_IRQ0_IRQHandler
 .text.SEC_GPIO_INT0_IRQ1_IRQHandler
                0x00005a00        0x8 ./startup/startup_lpc55s69_cm33_core0.o
                0x00005a00                SEC_GPIO_INT0_IRQ1_IRQHandler
 .text.PLU_IRQHandler
                0x00005a08        0x8 ./startup/startup_lpc55s69_cm33_core0.o
                0x00005a08                PLU_IRQHandler
 .text.SEC_VIO_IRQHandler
                0x00005a10        0x8 ./startup/startup_lpc55s69_cm33_core0.o
                0x00005a10                SEC_VIO_IRQHandler
 .text.HASHCRYPT_IRQHandler
                0x00005a18        0x8 ./startup/startup_lpc55s69_cm33_core0.o
                0x00005a18                HASHCRYPT_IRQHandler
 .text.CASER_IRQHandler
                0x00005a20        0x8 ./startup/startup_lpc55s69_cm33_core0.o
                0x00005a20                CASER_IRQHandler
 .text.PUF_IRQHandler
                0x00005a28        0x8 ./startup/startup_lpc55s69_cm33_core0.o
                0x00005a28                PUF_IRQHandler
 .text.PQ_IRQHandler
                0x00005a30        0x8 ./startup/startup_lpc55s69_cm33_core0.o
                0x00005a30                PQ_IRQHandler
 .text.DMA1_IRQHandler
                0x00005a38        0x8 ./startup/startup_lpc55s69_cm33_core0.o
                0x00005a38                DMA1_IRQHandler
 .text.FLEXCOMM8_IRQHandler
                0x00005a40        0x8 ./startup/startup_lpc55s69_cm33_core0.o
                0x00005a40                FLEXCOMM8_IRQHandler
 .text.GPIO_PinWrite
                0x00005a48       0x2a ./source/PSM2_ToF.o
 .text.detectedSIA
                0x00005a72       0x18 ./source/PSM2_ToF.o
                0x00005a72                detectedSIA
 .text.detectedSIB
                0x00005a8a       0x18 ./source/PSM2_ToF.o
                0x00005a8a                detectedSIB
 .text.convertToColor
                0x00005aa2       0x86 ./source/colorConverter.o
                0x00005aa2                convertToColor
 .text.nearestNeighbor
                0x00005b28       0xc4 ./source/interpolation.o
                0x00005b28                nearestNeighbor
 .text.bilinear
                0x00005bec      0x20e ./source/interpolation.o
                0x00005bec                bilinear
 .text.GPIO_PinWrite
                0x00005dfa       0x2a ./source/lcd.o
 .text.Driver_Delay_ms
                0x00005e24       0x30 ./source/lcd.o
                0x00005e24                Driver_Delay_ms
 .text.LCD_InitReg
                0x00005e54      0x1d0 ./source/lcd.o
 .text.LCD_SetHome
                0x00006024       0x4a ./source/lcd.o
 .text.I2C_MasterRepeatedStart
                0x0000606e       0x26 ./source/platform.o
 .text.RdByte   0x00006094       0x90 ./source/platform.o
                0x00006094                RdByte
 .text.WrByte   0x00006124       0x6c ./source/platform.o
                0x00006124                WrByte
 .text.WrMulti  0x00006190       0x7c ./source/platform.o
                0x00006190                WrMulti
 .text.RdMulti  0x0000620c       0x92 ./source/platform.o
                0x0000620c                RdMulti
 .text.SwapBuffer
                0x0000629e       0x70 ./source/platform.o
                0x0000629e                SwapBuffer
 .text.WaitMs   0x0000630e       0x36 ./source/platform.o
                0x0000630e                WaitMs
 .text.HardFault_Handler
                0x00006344       0x36 ./source/semihost_hardfault.o
                0x00006344                HardFault_Handler
 .text._vl53l5cx_poll_for_answer
                0x0000637a       0xa4 ./source/vl53l5cx_api.o
 .text.vl53l5cx_is_alive
                0x0000641e       0x92 ./source/vl53l5cx_api.o
                0x0000641e                vl53l5cx_is_alive
 .text.vl53l5cx_get_resolution
                0x000064b0       0x4a ./source/vl53l5cx_api.o
                0x000064b0                vl53l5cx_get_resolution
 .text.vl53l5cx_set_resolution
                0x000064fa      0x1a8 ./source/vl53l5cx_api.o
                0x000064fa                vl53l5cx_set_resolution
 .text.vl53l5cx_set_ranging_frequency_hz
                0x000066a2       0x42 ./source/vl53l5cx_api.o
                0x000066a2                vl53l5cx_set_ranging_frequency_hz
 .text.vl53l5cx_set_ranging_mode
                0x000066e4       0xae ./source/vl53l5cx_api.o
                0x000066e4                vl53l5cx_set_ranging_mode
 .text.vl53l5cx_dci_write_data
                0x00006792      0x146 ./source/vl53l5cx_api.o
                0x00006792                vl53l5cx_dci_write_data
 .text.vl53l5cx_dci_replace_data
                0x000068d8       0x58 ./source/vl53l5cx_api.o
                0x000068d8                vl53l5cx_dci_replace_data
 .text.CLOCK_IsPLL0Locked
                0x00006930       0x24 ./drivers/fsl_clock.o
 .text.findPll0PreDiv
                0x00006954       0x3e ./drivers/fsl_clock.o
 .text.DelayLoop
                0x00006992       0x20 ./drivers/fsl_common_arm.o
 .text.CTIMER_GetStatusFlags
                0x000069b2       0x18 ./drivers/fsl_ctimer.o
 .text.CTIMER_ClearStatusFlags
                0x000069ca       0x1c ./drivers/fsl_ctimer.o
 .text.CTIMER0_DriverIRQHandler
                0x000069e6        0xe ./drivers/fsl_ctimer.o
                0x000069e6                CTIMER0_DriverIRQHandler
 .text.CTIMER1_DriverIRQHandler
                0x000069f4        0xe ./drivers/fsl_ctimer.o
                0x000069f4                CTIMER1_DriverIRQHandler
 .text.CTIMER2_DriverIRQHandler
                0x00006a02        0xe ./drivers/fsl_ctimer.o
                0x00006a02                CTIMER2_DriverIRQHandler
 .text.CTIMER3_DriverIRQHandler
                0x00006a10        0xe ./drivers/fsl_ctimer.o
                0x00006a10                CTIMER3_DriverIRQHandler
 .text.CTIMER4_DriverIRQHandler
                0x00006a1e        0xe ./drivers/fsl_ctimer.o
                0x00006a1e                CTIMER4_DriverIRQHandler
 .text.CLOCK_EnableClock
                0x00006a2c       0x30 ./drivers/fsl_flexcomm.o
 .text.FLEXCOMM_PeripheralIsPresent
                0x00006a5c       0x64 ./drivers/fsl_flexcomm.o
 .text.FLEXCOMM_SetPeriph
                0x00006ac0       0x74 ./drivers/fsl_flexcomm.o
 .text.CLOCK_EnableClock
                0x00006b34       0x30 ./drivers/fsl_gpio.o
 .text.GPIO_PinInit
                0x00006b64       0xa4 ./drivers/fsl_gpio.o
                0x00006b64                GPIO_PinInit
 .text.I2C_MasterEnable
                0x00006c08       0x44 ./drivers/fsl_i2c.o
 .text.I2C_MasterInit
                0x00006c4c       0x6e ./drivers/fsl_i2c.o
                0x00006c4c                I2C_MasterInit
 .text.I2C_GetStatusFlags
                0x00006cba       0x88 ./drivers/fsl_i2c.o
                0x00006cba                I2C_GetStatusFlags
 .text.I2C_MasterStart
                0x00006d42       0x46 ./drivers/fsl_i2c.o
                0x00006d42                I2C_MasterStart
 .text.I2C_MasterStop
                0x00006d88       0x2c ./drivers/fsl_i2c.o
                0x00006d88                I2C_MasterStop
 .text.INPUTMUX_AttachSignal
                0x00006db4       0x38 ./drivers/fsl_inputmux.o
                0x00006db4                INPUTMUX_AttachSignal
 .text.CLOCK_EnableClock
                0x00006dec       0x30 ./drivers/fsl_pint.o
 .text.EnableIRQ
                0x00006e1c       0x32 ./drivers/fsl_pint.o
 .text.PINT_PinInterruptClrFallFlag
                0x00006e4e       0x22 ./drivers/fsl_pint.o
 .text.PINT_PinInterruptClrRiseFlag
                0x00006e70       0x22 ./drivers/fsl_pint.o
 .text.PINT_PatternMatchResetDetectLogic
                0x00006e92       0x34 ./drivers/fsl_pint.o
                0x00006e92                PINT_PatternMatchResetDetectLogic
 .text.PINT_PinInterruptClrStatus
                0x00006ec6       0x4e ./drivers/fsl_pint.o
                0x00006ec6                PINT_PinInterruptClrStatus
 .text.lowpower_set_voltage_for_process
                0x00006f14       0xaa ./drivers/fsl_power.o
 .text.RESET_PeripheralReset
                0x00006fbe       0x1c ./drivers/fsl_reset.o
                0x00006fbe                RESET_PeripheralReset
 .text.SPI_Enable
                0x00006fda       0x40 ./drivers/fsl_spi.o
 .text.USART_EnableContinuousSCLK
                0x0000701a       0x38 ./drivers/fsl_usart.o
 .text.SystemInitHook
                0x00007052        0xe ./device/system_LPC55S69_cm33_core0.o
                0x00007052                SystemInitHook
 .text.HAL_UartGetStatus
                0x00007060       0x22 ./component/uart/fsl_adapter_usart.o
 .text.HAL_UartInit
                0x00007082       0x36 ./component/uart/fsl_adapter_usart.o
                0x00007082                HAL_UartInit
 .text.DisableGlobalIRQ
                0x000070b8       0x22 ./component/serial_manager/fsl_component_serial_manager.o
 .text.EnableGlobalIRQ
                0x000070da       0x20 ./component/serial_manager/fsl_component_serial_manager.o
 .text.SerialManager_StartWriting
                0x000070fa       0x38 ./component/serial_manager/fsl_component_serial_manager.o
 .text.SerialManager_Write
                0x00007132       0x44 ./component/serial_manager/fsl_component_serial_manager.o
 .text.SerialManager_Init
                0x00007176       0x60 ./component/serial_manager/fsl_component_serial_manager.o
                0x00007176                SerialManager_Init
 .text.SerialManager_OpenWriteHandle
                0x000071d6       0x50 ./component/serial_manager/fsl_component_serial_manager.o
                0x000071d6                SerialManager_OpenWriteHandle
 .text.SerialManager_OpenReadHandle
                0x00007226       0x60 ./component/serial_manager/fsl_component_serial_manager.o
                0x00007226                SerialManager_OpenReadHandle
 .text.SerialManager_WriteBlocking
                0x00007286       0x20 ./component/serial_manager/fsl_component_serial_manager.o
                0x00007286                SerialManager_WriteBlocking
 .text.Serial_UartInit
                0x000072a6       0x3e ./component/serial_manager/fsl_component_serial_port_uart.o
                0x000072a6                Serial_UartInit
 .text.Serial_UartWrite
                0x000072e4       0x38 ./component/serial_manager/fsl_component_serial_port_uart.o
                0x000072e4                Serial_UartWrite
 .text.BOARD_InitBootClocks
                0x0000731c        0xc ./board/clock_config.o
                0x0000731c                BOARD_InitBootClocks
 .text.BOARD_InitPeripherals_cm33_core0
                0x00007328       0x14 ./board/peripherals.o
                0x00007328                BOARD_InitPeripherals_cm33_core0
 .text.BOARD_InitBootPeripherals
                0x0000733c        0xc ./board/peripherals.o
                0x0000733c                BOARD_InitBootPeripherals
 .text.Chip_GetVersion
                0x00007348       0x36 ./board/pin_mux.o
 .text.CLOCK_EnableClock
                0x0000737e       0x30 ./board/pin_mux.o
 .text.IOCON_PinMuxSet
                0x000073ae       0x2e ./board/pin_mux.o
 .text.BOARD_InitBootPins
                0x000073dc       0x18 ./board/pin_mux.o
                0x000073dc                BOARD_InitBootPins
 .text.__main   0x000073f4        0xe c:/nxp/mcuxpressoide_11.9.0_2144/ide/plugins/com.nxp.mcuxpresso.tools.win32_11.9.0.202307121226/tools/bin/../lib/gcc/arm-none-eabi/12.3.1/../../../../arm-none-eabi/lib/thumb/v8-m.main+fp/hard\libcr_nohost_nf.a(_cr__main.o)
                0x000073f4                __main
 .text.memcpy   0x00007402        0x4 c:/nxp/mcuxpressoide_11.9.0_2144/ide/plugins/com.nxp.mcuxpresso.tools.win32_11.9.0.202307121226/tools/bin/../lib/gcc/arm-none-eabi/12.3.1/../../../../arm-none-eabi/lib/thumb/v8-m.main+fp/hard\libcr_c.a(memcpy.o)
                0x00007402                memcpy
 .text.memset   0x00007406        0x4 c:/nxp/mcuxpressoide_11.9.0_2144/ide/plugins/com.nxp.mcuxpresso.tools.win32_11.9.0.202307121226/tools/bin/../lib/gcc/arm-none-eabi/12.3.1/../../../../arm-none-eabi/lib/thumb/v8-m.main+fp/hard\libcr_c.a(memset.o)
                0x00007406                memset
 .text.free     0x0000740a       0x30 c:/nxp/mcuxpressoide_11.9.0_2144/ide/plugins/com.nxp.mcuxpresso.tools.win32_11.9.0.202307121226/tools/bin/../lib/gcc/arm-none-eabi/12.3.1/../../../../arm-none-eabi/lib/thumb/v8-m.main+fp/hard\libcr_c.a(alloc.o)
                0x0000740a                free
 .text.setvbuf  0x0000743a       0x3e c:/nxp/mcuxpressoide_11.9.0_2144/ide/plugins/com.nxp.mcuxpresso.tools.win32_11.9.0.202307121226/tools/bin/../lib/gcc/arm-none-eabi/12.3.1/../../../../arm-none-eabi/lib/thumb/v8-m.main+fp/hard\libcr_c.a(setvbuf.o)
                0x0000743a                setvbuf
 .text.strlen   0x00007478       0x4e c:/nxp/mcuxpressoide_11.9.0_2144/ide/plugins/com.nxp.mcuxpresso.tools.win32_11.9.0.202307121226/tools/bin/../lib/gcc/arm-none-eabi/12.3.1/../../../../arm-none-eabi/lib/thumb/v8-m.main+fp/hard\libcr_c.a(strlen.o)
                0x00007478                strlen
 .text._deferredlazyseek
                0x000074c6       0x40 c:/nxp/mcuxpressoide_11.9.0_2144/ide/plugins/com.nxp.mcuxpresso.tools.win32_11.9.0.202307121226/tools/bin/../lib/gcc/arm-none-eabi/12.3.1/../../../../arm-none-eabi/lib/thumb/v8-m.main+fp/hard\libcr_c.a(_deferredlazyseek.o)
                0x000074c6                _deferredlazyseek
 .text._fdopen  0x00007506       0x68 c:/nxp/mcuxpressoide_11.9.0_2144/ide/plugins/com.nxp.mcuxpresso.tools.win32_11.9.0.202307121226/tools/bin/../lib/gcc/arm-none-eabi/12.3.1/../../../../arm-none-eabi/lib/thumb/v8-m.main+fp/hard\libcr_c.a(_fdopen.o)
                0x00007506                _fdopen
 .text._fflush  0x0000756e       0x52 c:/nxp/mcuxpressoide_11.9.0_2144/ide/plugins/com.nxp.mcuxpresso.tools.win32_11.9.0.202307121226/tools/bin/../lib/gcc/arm-none-eabi/12.3.1/../../../../arm-none-eabi/lib/thumb/v8-m.main+fp/hard\libcr_c.a(_fflush.o)
                0x0000756e                _fflush
 .text.fclose   0x000075c0       0x58 c:/nxp/mcuxpressoide_11.9.0_2144/ide/plugins/com.nxp.mcuxpresso.tools.win32_11.9.0.202307121226/tools/bin/../lib/gcc/arm-none-eabi/12.3.1/../../../../arm-none-eabi/lib/thumb/v8-m.main+fp/hard\libcr_c.a(fclose.o)
                0x000075c0                fclose
 .text.remove   0x00007618       0x14 c:/nxp/mcuxpressoide_11.9.0_2144/ide/plugins/com.nxp.mcuxpresso.tools.win32_11.9.0.202307121226/tools/bin/../lib/gcc/arm-none-eabi/12.3.1/../../../../arm-none-eabi/lib/thumb/v8-m.main+fp/hard\libcr_c.a(remove.o)
                0x00007618                remove
 .text._do_fflush
                0x0000762c       0x40 c:/nxp/mcuxpressoide_11.9.0_2144/ide/plugins/com.nxp.mcuxpresso.tools.win32_11.9.0.202307121226/tools/bin/../lib/gcc/arm-none-eabi/12.3.1/../../../../arm-none-eabi/lib/thumb/v8-m.main+fp/hard\libcr_c.a(_do_fflush.o)
                0x0000762c                _do_fflush
 .text.__aeabi_division_uldivmod
                0x0000766c      0x174 c:/nxp/mcuxpressoide_11.9.0_2144/ide/plugins/com.nxp.mcuxpresso.tools.win32_11.9.0.202307121226/tools/bin/../lib/gcc/arm-none-eabi/12.3.1/thumb/v8-m.main+fp/hard\libcr_eabihelpers.a(division_64.o)
                0x0000766c                __aeabi_uldivmod
                0x00007670                __bhs_ldivmod1
 .text.__aeabi_division_idiv0
                0x000077e0        0x2 c:/nxp/mcuxpressoide_11.9.0_2144/ide/plugins/com.nxp.mcuxpresso.tools.win32_11.9.0.202307121226/tools/bin/../lib/gcc/arm-none-eabi/12.3.1/thumb/v8-m.main+fp/hard\libcr_eabihelpers.a(division_idiv0.o)
                0x000077e0                __aeabi_idiv0
 .text.__aeabi_d2iz
                0x000077e2       0x42 c:/nxp/mcuxpressoide_11.9.0_2144/ide/plugins/com.nxp.mcuxpresso.tools.win32_11.9.0.202307121226/tools/bin/../lib/gcc/arm-none-eabi/12.3.1/thumb/v8-m.main+fp/hard\libcr_eabihelpers.a(double.o)
                0x000077e2                __aeabi_d2iz
 .text.__aeabi_memcpy
                0x00007824       0x34 c:/nxp/mcuxpressoide_11.9.0_2144/ide/plugins/com.nxp.mcuxpresso.tools.win32_11.9.0.202307121226/tools/bin/../lib/gcc/arm-none-eabi/12.3.1/thumb/v8-m.main+fp/hard\libcr_eabihelpers.a(memcpy.o)
                0x00007824                __aeabi_memcpy
                0x0000782e                __aeabi_memcpy8
                0x0000782e                __aeabi_memcpy4
 .text.__aeabi_memset_lowlevel
                0x00007858       0x32 c:/nxp/mcuxpressoide_11.9.0_2144/ide/plugins/com.nxp.mcuxpresso.tools.win32_11.9.0.202307121226/tools/bin/../lib/gcc/arm-none-eabi/12.3.1/thumb/v8-m.main+fp/hard\libcr_eabihelpers.a(memcpy.o)
                0x00007858                __aeabi_lowlevel_memset
 .text.__sys_close
                0x0000788a        0x6 c:/nxp/mcuxpressoide_11.9.0_2144/ide/plugins/com.nxp.mcuxpresso.tools.win32_11.9.0.202307121226/tools/bin/../lib/gcc/arm-none-eabi/12.3.1/../../../../arm-none-eabi/lib/thumb/v8-m.main+fp/hard\libcr_nohost_nf.a(__sys_close.o)
                0x0000788a                __sys_close
 .text.__sys_flen
                0x00007890        0x6 c:/nxp/mcuxpressoide_11.9.0_2144/ide/plugins/com.nxp.mcuxpresso.tools.win32_11.9.0.202307121226/tools/bin/../lib/gcc/arm-none-eabi/12.3.1/../../../../arm-none-eabi/lib/thumb/v8-m.main+fp/hard\libcr_nohost_nf.a(__sys_flen.o)
                0x00007890                __sys_flen
 .text.__sys_istty
                0x00007896        0x6 c:/nxp/mcuxpressoide_11.9.0_2144/ide/plugins/com.nxp.mcuxpresso.tools.win32_11.9.0.202307121226/tools/bin/../lib/gcc/arm-none-eabi/12.3.1/../../../../arm-none-eabi/lib/thumb/v8-m.main+fp/hard\libcr_nohost_nf.a(__sys_istty.o)
                0x00007896                __sys_istty
 .text.__sys_remove
                0x0000789c        0x6 c:/nxp/mcuxpressoide_11.9.0_2144/ide/plugins/com.nxp.mcuxpresso.tools.win32_11.9.0.202307121226/tools/bin/../lib/gcc/arm-none-eabi/12.3.1/../../../../arm-none-eabi/lib/thumb/v8-m.main+fp/hard\libcr_nohost_nf.a(__sys_remove.o)
                0x0000789c                __sys_remove
 .text.__sys_seek
                0x000078a2        0x6 c:/nxp/mcuxpressoide_11.9.0_2144/ide/plugins/com.nxp.mcuxpresso.tools.win32_11.9.0.202307121226/tools/bin/../lib/gcc/arm-none-eabi/12.3.1/../../../../arm-none-eabi/lib/thumb/v8-m.main+fp/hard\libcr_nohost_nf.a(__sys_seek.o)
                0x000078a2                __sys_seek
 .text.__sys_tmpnam
                0x000078a8        0x6 c:/nxp/mcuxpressoide_11.9.0_2144/ide/plugins/com.nxp.mcuxpresso.tools.win32_11.9.0.202307121226/tools/bin/../lib/gcc/arm-none-eabi/12.3.1/../../../../arm-none-eabi/lib/thumb/v8-m.main+fp/hard\libcr_nohost_nf.a(__sys_tmpnam.o)
                0x000078a8                __sys_tmpnam
 .text.__sys_write
                0x000078ae        0x4 c:/nxp/mcuxpressoide_11.9.0_2144/ide/plugins/com.nxp.mcuxpresso.tools.win32_11.9.0.202307121226/tools/bin/../lib/gcc/arm-none-eabi/12.3.1/../../../../arm-none-eabi/lib/thumb/v8-m.main+fp/hard\libcr_nohost_nf.a(__sys_write.o)
                0x000078ae                __sys_write
 *(SORT_BY_ALIGNMENT(.rodata) SORT_BY_ALIGNMENT(.rodata.*) SORT_BY_ALIGNMENT(.constdata) SORT_BY_ALIGNMENT(.constdata.*))
 *fill*         0x000078b2        0x2 ff
 .rodata.__assertion_failed.str1.4
                0x000078b4       0x14 ./utilities/fsl_assert.o
 .rodata.main.str1.4
                0x000078c8       0xdf ./source/PSM2_ToF.o
 *fill*         0x000079a7        0x1 ff
 .rodata.fontSystem5x8
                0x000079a8      0x1ef ./source/lcd.o
                0x000079a8                fontSystem5x8
 *fill*         0x00007b97        0x1 ff
 .rodata.VL53L5CX_FIRMWARE
                0x00007b98    0x15000 ./source/vl53l5cx_api.o
                0x00007b98                VL53L5CX_FIRMWARE
 .rodata.VL53L5CX_DEFAULT_CONFIGURATION
                0x0001cb98      0x3cc ./source/vl53l5cx_api.o
                0x0001cb98                VL53L5CX_DEFAULT_CONFIGURATION
 .rodata.VL53L5CX_DEFAULT_XTALK
                0x0001cf64      0x308 ./source/vl53l5cx_api.o
                0x0001cf64                VL53L5CX_DEFAULT_XTALK
 .rodata.VL53L5CX_GET_NVM_CMD
                0x0001d26c       0x28 ./source/vl53l5cx_api.o
                0x0001d26c                VL53L5CX_GET_NVM_CMD
 .rodata        0x0001d294       0x64 ./source/vl53l5cx_api.o
 .rodata._vl53l5cx_send_xtalk_data.str1.4
                0x0001d2f8        0x9 ./source/vl53l5cx_api.o
 *fill*         0x0001d301        0x3 ff
 .rodata.SDK_DelayAtLeastUs.str1.4
                0x0001d304       0x2b ./drivers/fsl_common_arm.o
 *fill*         0x0001d32f        0x1 ff
 .rodata.s_ctimerBases
                0x0001d330       0x14 ./drivers/fsl_ctimer.o
 .rodata.s_flexcommBaseAddrs
                0x0001d344       0x24 ./drivers/fsl_flexcomm.o
 .rodata.s_flexcommClocks
                0x0001d368       0x12 ./drivers/fsl_flexcomm.o
 *fill*         0x0001d37a        0x2 ff
 .rodata.s_flexcommResets
                0x0001d37c       0x24 ./drivers/fsl_flexcomm.o
 .rodata.FLEXCOMM_GetInstance.str1.4
                0x0001d3a0       0x42 ./drivers/fsl_flexcomm.o
 *fill*         0x0001d3e2        0x2 ff
 .rodata.FLEXCOMM0_DriverIRQHandler.str1.4
                0x0001d3e4       0x3c ./drivers/fsl_flexcomm.o
 .rodata.FLEXCOMM1_DriverIRQHandler.str1.4
                0x0001d420       0x3c ./drivers/fsl_flexcomm.o
 .rodata.FLEXCOMM2_DriverIRQHandler.str1.4
                0x0001d45c       0x3c ./drivers/fsl_flexcomm.o
 .rodata.FLEXCOMM3_DriverIRQHandler.str1.4
                0x0001d498       0x3c ./drivers/fsl_flexcomm.o
 .rodata.FLEXCOMM4_DriverIRQHandler.str1.4
                0x0001d4d4       0x3c ./drivers/fsl_flexcomm.o
 .rodata.FLEXCOMM5_DriverIRQHandler.str1.4
                0x0001d510       0x3c ./drivers/fsl_flexcomm.o
 .rodata.FLEXCOMM6_DriverIRQHandler.str1.4
                0x0001d54c       0x3c ./drivers/fsl_flexcomm.o
 .rodata.FLEXCOMM7_DriverIRQHandler.str1.4
                0x0001d588       0x3c ./drivers/fsl_flexcomm.o
 .rodata.FLEXCOMM8_DriverIRQHandler.str1.4
                0x0001d5c4       0x3c ./drivers/fsl_flexcomm.o
 .rodata.s_gpioClockName
                0x0001d600        0x8 ./drivers/fsl_gpio.o
 .rodata.GPIO_EnablePortClock.str1.4
                0x0001d608       0x33 ./drivers/fsl_gpio.o
 *fill*         0x0001d63b        0x1 ff
 .rodata.I2C_MasterSetTimeoutValue.str1.4
                0x0001d63c       0x3a ./drivers/fsl_i2c.o
 *fill*         0x0001d676        0x2 ff
 .rodata.I2C_MasterWriteBlocking.str1.4
                0x0001d678       0x1f ./drivers/fsl_i2c.o
 *fill*         0x0001d697        0x1 ff
 .rodata.I2C_MasterReadBlocking.str1.4
                0x0001d698       0x1f ./drivers/fsl_i2c.o
 *fill*         0x0001d6b7        0x1 ff
 .rodata.s_pintIRQ
                0x0001d6b8        0xa ./drivers/fsl_pint.o
 *fill*         0x0001d6c2        0x2 ff
 .rodata.PINT_Init.str1.4
                0x0001d6c4       0x1d ./drivers/fsl_pint.o
 *fill*         0x0001d6e1        0x3 ff
 .rodata.PINT_PinInterruptConfig.str1.4
                0x0001d6e4       0x1e ./drivers/fsl_pint.o
 *fill*         0x0001d702        0x2 ff
 .rodata.PINT_EnableCallbackByIndex.str1.4
                0x0001d704       0x1e ./drivers/fsl_pint.o
 *fill*         0x0001d722        0x2 ff
 .rodata.RESET_SetPeripheralReset.str1.4
                0x0001d724       0x1e ./drivers/fsl_reset.o
 *fill*         0x0001d742        0x2 ff
 .rodata.RESET_ClearPeripheralReset.str1.4
                0x0001d744       0x1e ./drivers/fsl_reset.o
 *fill*         0x0001d762        0x2 ff
 .rodata.SPI_SetTransferDelay.str1.4
                0x0001d764       0x3f ./drivers/fsl_spi.o
 *fill*         0x0001d7a3        0x1 ff
 .rodata.s_spiBaseAddrs
                0x0001d7a4       0x24 ./drivers/fsl_spi.o
 .rodata.SPI_GetInstance.str1.4
                0x0001d7c8       0x37 ./drivers/fsl_spi.o
 *fill*         0x0001d7ff        0x1 ff
 .rodata.SPI_MasterInit.str1.4
                0x0001d800       0x4d ./drivers/fsl_spi.o
 *fill*         0x0001d84d        0x3 ff
 .rodata.SPI_MasterSetBaud.str1.4
                0x0001d850       0x51 ./drivers/fsl_spi.o
 *fill*         0x0001d8a1        0x3 ff
 .rodata.USART_Init.str1.4
                0x0001d8a4       0x4f ./drivers/fsl_usart.o
 *fill*         0x0001d8f3        0x1 ff
 .rodata.USART_GetDefaultConfig.str1.4
                0x0001d8f4       0x21 ./drivers/fsl_usart.o
 *fill*         0x0001d915        0x3 ff
 .rodata.USART_SetBaudRate.str1.4
                0x0001d918       0x53 ./drivers/fsl_usart.o
 *fill*         0x0001d96b        0x1 ff
 .rodata.USART_WriteBlocking.str1.4
                0x0001d96c       0x36 ./drivers/fsl_usart.o
 *fill*         0x0001d9a2        0x2 ff
 .rodata.s_UsartAdapterBase
                0x0001d9a4       0x20 ./component/uart/fsl_adapter_usart.o
 .rodata.HAL_UartInitCommon.str1.4
                0x0001d9c4       0xeb ./component/uart/fsl_adapter_usart.o
 *fill*         0x0001daaf        0x1 ff
 .rodata.HAL_UartSendBlocking.str1.4
                0x0001dab0       0x65 ./component/uart/fsl_adapter_usart.o
 *fill*         0x0001db15        0x3 ff
 .rodata.FLEXCOMM4_config
                0x0001db18        0xc ./board/peripherals.o
                0x0001db18                FLEXCOMM4_config
 .rodata.FLEXCOMM3_config
                0x0001db24       0x18 ./board/peripherals.o
                0x0001db24                FLEXCOMM3_config
 .rodata        0x0001db3c        0x2 ./board/pin_mux.o
 *fill*         0x0001db3e        0x2 ff
 .rodata.__num_Ciob_streams
                0x0001db40        0x4 c:/nxp/mcuxpressoide_11.9.0_2144/ide/plugins/com.nxp.mcuxpresso.tools.win32_11.9.0.202307121226/tools/bin/../lib/gcc/arm-none-eabi/12.3.1/../../../../arm-none-eabi/lib/thumb/v8-m.main+fp/hard\libcr_nohost_nf.a(__ciob.o)
                0x0001db40                __num_Ciob_streams
 .rodata._initio.str1.1
                0x0001db44        0x4 c:/nxp/mcuxpressoide_11.9.0_2144/ide/plugins/com.nxp.mcuxpresso.tools.win32_11.9.0.202307121226/tools/bin/../lib/gcc/arm-none-eabi/12.3.1/../../../../arm-none-eabi/lib/thumb/v8-m.main+fp/hard\libcr_c.a(initio.o)
                0x0001db48                        . = ALIGN (0x4)

.glue_7         0x0001db48        0x0
 .glue_7        0x0001db48        0x0 linker stubs

.glue_7t        0x0001db48        0x0
 .glue_7t       0x0001db48        0x0 linker stubs

.vfp11_veneer   0x0001db48        0x0
 .vfp11_veneer  0x0001db48        0x0 linker stubs

.v4_bx          0x0001db48        0x0
 .v4_bx         0x0001db48        0x0 linker stubs

.iplt           0x0001db48        0x0
 .iplt          0x0001db48        0x0 ./utilities/fsl_assert.o

.rel.dyn        0x0001db48        0x0
 .rel.iplt      0x0001db48        0x0 ./utilities/fsl_assert.o

.ARM.extab
 *(SORT_BY_ALIGNMENT(.ARM.extab*) SORT_BY_ALIGNMENT(.gnu.linkonce.armextab.*))

.ARM.exidx      0x0001db48        0x0
                0x0001db48                        __exidx_start = .
 *(SORT_BY_ALIGNMENT(.ARM.exidx*) SORT_BY_ALIGNMENT(.gnu.linkonce.armexidx.*))
                0x0001db48                        __exidx_end = .
                0x0001db48                        _etext = .

.m_usb_data
 *(SORT_BY_ALIGNMENT(m_usb_global))

.data_RAM2      0x04000000        0x0 load address 0x0001db48
 FILL mask 0xff
                [!provide]                        PROVIDE (__start_data_RAM2 = .)
                [!provide]                        PROVIDE (__start_data_SRAMX = .)
 *(SORT_BY_ALIGNMENT(.ramfunc.$RAM2))
 *(SORT_BY_ALIGNMENT(.ramfunc.$SRAMX))
 *(SORT_BY_ALIGNMENT(.data.$RAM2))
 *(SORT_BY_ALIGNMENT(.data.$SRAMX))
 *(SORT_BY_ALIGNMENT(.data.$RAM2.*))
 *(SORT_BY_ALIGNMENT(.data.$SRAMX.*))
                0x04000000                        . = ALIGN (0x4)
                [!provide]                        PROVIDE (__end_data_RAM2 = .)
                [!provide]                        PROVIDE (__end_data_SRAMX = .)

.data_RAM3      0x40100000        0x0 load address 0x0001db48
 FILL mask 0xff
                [!provide]                        PROVIDE (__start_data_RAM3 = .)
                [!provide]                        PROVIDE (__start_data_USB_RAM = .)
 *(SORT_BY_ALIGNMENT(.ramfunc.$RAM3))
 *(SORT_BY_ALIGNMENT(.ramfunc.$USB_RAM))
 *(SORT_BY_ALIGNMENT(.data.$RAM3))
 *(SORT_BY_ALIGNMENT(.data.$USB_RAM))
 *(SORT_BY_ALIGNMENT(.data.$RAM3.*))
 *(SORT_BY_ALIGNMENT(.data.$USB_RAM.*))
                0x40100000                        . = ALIGN (0x4)
                [!provide]                        PROVIDE (__end_data_RAM3 = .)
                [!provide]                        PROVIDE (__end_data_USB_RAM = .)

.data_RAM4      0x20040000        0x0 load address 0x0001db48
 FILL mask 0xff
                [!provide]                        PROVIDE (__start_data_RAM4 = .)
                [!provide]                        PROVIDE (__start_data_SRAM4 = .)
 *(SORT_BY_ALIGNMENT(.ramfunc.$RAM4))
 *(SORT_BY_ALIGNMENT(.ramfunc.$SRAM4))
 *(SORT_BY_ALIGNMENT(.data.$RAM4))
 *(SORT_BY_ALIGNMENT(.data.$SRAM4))
 *(SORT_BY_ALIGNMENT(.data.$RAM4.*))
 *(SORT_BY_ALIGNMENT(.data.$SRAM4.*))
                0x20040000                        . = ALIGN (0x4)
                [!provide]                        PROVIDE (__end_data_RAM4 = .)
                [!provide]                        PROVIDE (__end_data_SRAM4 = .)

.uninit_RESERVED
                0x20000000        0x0
                0x20000000                        _start_uninit_RESERVED = .
 *(SORT_BY_ALIGNMENT(.bss.$RESERVED*))
                0x20000000                        . = ALIGN (0x4)
                0x20000000                        _end_uninit_RESERVED = .

.data           0x20000000        0x8 load address 0x0001db48
 FILL mask 0xff
                0x20000000                        _data = .
                [!provide]                        PROVIDE (__start_data_RAM = .)
                [!provide]                        PROVIDE (__start_data_SRAM = .)
 *(SORT_BY_ALIGNMENT(vtable))
 *(SORT_BY_ALIGNMENT(.ramfunc*))
 *(SORT_BY_ALIGNMENT(CodeQuickAccess))
 *(SORT_BY_ALIGNMENT(DataQuickAccess))
 *(SORT_BY_ALIGNMENT(RamFunction))
 *(SORT_BY_ALIGNMENT(.data*))
 .data.s_Ext_Clk_Freq
                0x20000000        0x4 ./drivers/fsl_clock.o
 .data.SystemCoreClock
                0x20000004        0x4 ./device/system_LPC55S69_cm33_core0.o
                0x20000004                SystemCoreClock
                0x20000008                        . = ALIGN (0x4)
                0x20000008                        _edata = .
                [!provide]                        PROVIDE (__end_data_RAM = .)
                [!provide]                        PROVIDE (__end_data_SRAM = .)

.igot.plt       0x20000008        0x0 load address 0x0001db50
 .igot.plt      0x20000008        0x0 ./utilities/fsl_assert.o

.bss_RAM2       0x04000000        0x0
                [!provide]                        PROVIDE (__start_bss_RAM2 = .)
                [!provide]                        PROVIDE (__start_bss_SRAMX = .)
 *(SORT_BY_ALIGNMENT(.bss.$RAM2))
 *(SORT_BY_ALIGNMENT(.bss.$SRAMX))
 *(SORT_BY_ALIGNMENT(.bss.$RAM2.*))
 *(SORT_BY_ALIGNMENT(.bss.$SRAMX.*))
                0x04000000                        . = ALIGN ((. != 0x0)?0x4:0x1)
                [!provide]                        PROVIDE (__end_bss_RAM2 = .)
                [!provide]                        PROVIDE (__end_bss_SRAMX = .)

.bss_RAM3       0x40100000        0x0
                [!provide]                        PROVIDE (__start_bss_RAM3 = .)
                [!provide]                        PROVIDE (__start_bss_USB_RAM = .)
 *(SORT_BY_ALIGNMENT(.bss.$RAM3))
 *(SORT_BY_ALIGNMENT(.bss.$USB_RAM))
 *(SORT_BY_ALIGNMENT(.bss.$RAM3.*))
 *(SORT_BY_ALIGNMENT(.bss.$USB_RAM.*))
                0x40100000                        . = ALIGN ((. != 0x0)?0x4:0x1)
                [!provide]                        PROVIDE (__end_bss_RAM3 = .)
                [!provide]                        PROVIDE (__end_bss_USB_RAM = .)

.bss_RAM4       0x20040000        0x0
                [!provide]                        PROVIDE (__start_bss_RAM4 = .)
                [!provide]                        PROVIDE (__start_bss_SRAM4 = .)
 *(SORT_BY_ALIGNMENT(.bss.$RAM4))
 *(SORT_BY_ALIGNMENT(.bss.$SRAM4))
 *(SORT_BY_ALIGNMENT(.bss.$RAM4.*))
 *(SORT_BY_ALIGNMENT(.bss.$SRAM4.*))
                0x20040000                        . = ALIGN ((. != 0x0)?0x4:0x1)
                [!provide]                        PROVIDE (__end_bss_RAM4 = .)
                [!provide]                        PROVIDE (__end_bss_SRAM4 = .)

.bss            0x20000008    0x15214
                0x20000008                        _bss = .
                [!provide]                        PROVIDE (__start_bss_RAM = .)
                [!provide]                        PROVIDE (__start_bss_SRAM = .)
 *(SORT_BY_ALIGNMENT(.bss*))
 .bss.s_debugConsoleState
                0x20000008       0x20 ./utilities/fsl_debug_console.o
 .bss.g_serialHandle
                0x20000028        0x4 ./utilities/fsl_debug_console.o
                0x20000028                g_serialHandle
 .bss.status    0x2000002c        0x4 ./source/PSM2_ToF.o
                0x2000002c                status
 .bss.pixelArr  0x20000030       0x80 ./source/PSM2_ToF.o
                0x20000030                pixelArr
 .bss.interpArr
                0x200000b0     0x2000 ./source/PSM2_ToF.o
                0x200000b0                interpArr
 .bss.interpArr128
                0x200020b0     0x8000 ./source/PSM2_ToF.o
                0x200020b0                interpArr128
 .bss.Dev       0x2000a0b0      0xaa8 ./source/PSM2_ToF.o
                0x2000a0b0                Dev
 .bss.Results   0x2000ab58      0x54c ./source/PSM2_ToF.o
                0x2000ab58                Results
 .bss.SPI_base  0x2000b0a4        0x4 ./source/lcd.o
                0x2000b0a4                SPI_base
 .bss.frameBuffer
                0x2000b0a8     0xa000 ./source/lcd.o
                0x2000b0a8                frameBuffer
 .bss.linearFrameBuffer
                0x200150a8        0x4 ./source/lcd.o
                0x200150a8                linearFrameBuffer
 .bss.s_Pll0_Freq
                0x200150ac        0x4 ./drivers/fsl_clock.o
 .bss.s_ctimerCallback
                0x200150b0       0x14 ./drivers/fsl_ctimer.o
 .bss.ctimerCallbackType
                0x200150c4        0x5 ./drivers/fsl_ctimer.o
 *fill*         0x200150c9        0x3 
 .bss.s_flexcommIrqHandler
                0x200150cc       0x24 ./drivers/fsl_flexcomm.o
 .bss.s_flexcommHandle
                0x200150f0       0x24 ./drivers/fsl_flexcomm.o
 .bss.s_secpintCallback
                0x20015114        0x8 ./drivers/fsl_pint.o
 .bss.s_pintCallback
                0x2001511c       0x20 ./drivers/fsl_pint.o
 .bss.g_configs
                0x2001513c       0x12 ./drivers/fsl_spi.o
 *fill*         0x2001514e        0x2 
 .bss.s_dummyData
                0x20015150        0x9 ./drivers/fsl_spi.o
                0x20015150                s_dummyData
 *fill*         0x20015159        0x3 
 .bss.errno     0x2001515c        0x4 c:/nxp/mcuxpressoide_11.9.0_2144/ide/plugins/com.nxp.mcuxpresso.tools.win32_11.9.0.202307121226/tools/bin/../lib/gcc/arm-none-eabi/12.3.1/../../../../arm-none-eabi/lib/thumb/v8-m.main+fp/hard\libcr_c.a(errno.o)
                0x2001515c                errno
 .bss.__Ciob    0x20015160       0xb4 c:/nxp/mcuxpressoide_11.9.0_2144/ide/plugins/com.nxp.mcuxpresso.tools.win32_11.9.0.202307121226/tools/bin/../lib/gcc/arm-none-eabi/12.3.1/../../../../arm-none-eabi/lib/thumb/v8-m.main+fp/hard\libcr_nohost_nf.a(__ciob.o)
                0x20015160                __Ciob
 .bss.colorMode
                0x20015214        0x2 ./source/PSM2_ToF.o
                0x20015214                colorMode
 .bss.s_debugConsoleReadWaitSemaphore
                0x20015216        0x1 ./utilities/fsl_debug_console.o
 .bss.resolution
                0x20015217        0x1 ./source/PSM2_ToF.o
                0x20015217                resolution
 .bss.isAlive   0x20015218        0x1 ./source/PSM2_ToF.o
                0x20015218                isAlive
 *(SORT_BY_ALIGNMENT(COMMON))
                0x2001521c                        . = ALIGN (0x4)
 *fill*         0x20015219        0x3 
                0x2001521c                        _ebss = .
                [!provide]                        PROVIDE (__end_bss_RAM = .)
                [!provide]                        PROVIDE (__end_bss_SRAM = .)
                [!provide]                        PROVIDE (end = .)

.noinit_RAM2    0x04000000        0x0
                [!provide]                        PROVIDE (__start_noinit_RAM2 = .)
                [!provide]                        PROVIDE (__start_noinit_SRAMX = .)
 *(SORT_BY_ALIGNMENT(.noinit.$RAM2))
 *(SORT_BY_ALIGNMENT(.noinit.$SRAMX))
 *(SORT_BY_ALIGNMENT(.noinit.$RAM2.*))
 *(SORT_BY_ALIGNMENT(.noinit.$SRAMX.*))
                0x04000000                        . = ALIGN (0x4)
                [!provide]                        PROVIDE (__end_noinit_RAM2 = .)
                [!provide]                        PROVIDE (__end_noinit_SRAMX = .)

.noinit_RAM3    0x40100000        0x0
                [!provide]                        PROVIDE (__start_noinit_RAM3 = .)
                [!provide]                        PROVIDE (__start_noinit_USB_RAM = .)
 *(SORT_BY_ALIGNMENT(.noinit.$RAM3))
 *(SORT_BY_ALIGNMENT(.noinit.$USB_RAM))
 *(SORT_BY_ALIGNMENT(.noinit.$RAM3.*))
 *(SORT_BY_ALIGNMENT(.noinit.$USB_RAM.*))
                0x40100000                        . = ALIGN (0x4)
                [!provide]                        PROVIDE (__end_noinit_RAM3 = .)
                [!provide]                        PROVIDE (__end_noinit_USB_RAM = .)

.noinit_RAM4    0x20040000        0x0
                [!provide]                        PROVIDE (__start_noinit_RAM4 = .)
                [!provide]                        PROVIDE (__start_noinit_SRAM4 = .)
 *(SORT_BY_ALIGNMENT(.noinit.$RAM4))
 *(SORT_BY_ALIGNMENT(.noinit.$SRAM4))
 *(SORT_BY_ALIGNMENT(.noinit.$RAM4.*))
 *(SORT_BY_ALIGNMENT(.noinit.$SRAM4.*))
                0x20040000                        . = ALIGN (0x4)
                [!provide]                        PROVIDE (__end_noinit_RAM4 = .)
                [!provide]                        PROVIDE (__end_noinit_SRAM4 = .)

.noinit         0x2001521c        0x0
                0x2001521c                        _noinit = .
                [!provide]                        PROVIDE (__start_noinit_RAM = .)
                [!provide]                        PROVIDE (__start_noinit_SRAM = .)
 *(SORT_BY_ALIGNMENT(.noinit*))
                0x2001521c                        . = ALIGN (0x4)
                0x2001521c                        _end_noinit = .
                [!provide]                        PROVIDE (__end_noinit_RAM = .)
                [!provide]                        PROVIDE (__end_noinit_SRAM = .)
                0x00001000                        _HeapSize = 0x1000

.heap           0x2001521c     0x1000
                0x2001521c                        _pvHeapStart = .
                0x2001621c                        . = (. + _HeapSize)
 *fill*         0x2001521c     0x1000 
                0x2001621c                        . = ALIGN (0x4)
                0x2001621c                        _pvHeapLimit = .
                0x00001000                        _StackSize = 0x1000

.heap2stackfill
                0x2001621c     0x1000
                0x2001721c                        . = (. + _StackSize)
 *fill*         0x2001621c     0x1000 

.stack          0x2003f000        0x0
                0x2003f000                        _vStackBase = .
                0x2003f000                        . = ALIGN (0x4)
                0x20040000                        _vStackTop = (. + _StackSize)
                [!provide]                        PROVIDE (__valid_user_code_checksum = (0x0 - ((((((_vStackTop + (ResetISR + 0x1)) + (NMI_Handler + 0x1)) + (HardFault_Handler + 0x1)) + (DEFINED (MemManage_Handler)?MemManage_Handler:0x0 + 0x1)) + (DEFINED (BusFault_Handler)?BusFault_Handler:0x0 + 0x1)) + (DEFINED (UsageFault_Handler)?UsageFault_Handler:0x0 + 0x1))))
                0x00000000                        _image_start = LOADADDR (.text)
                0x0001db50                        _image_end = (LOADADDR (.data) + SIZEOF (.data))
                0x0001db50                        _image_size = (_image_end - _image_start)
OUTPUT(PSM2_ToF.axf elf32-littlearm)
LOAD linker stubs

.debug_info     0x00000000    0x2c685
 .debug_info    0x00000000       0xcc ./utilities/fsl_assert.o
 .debug_info    0x000000cc      0xe6f ./utilities/fsl_debug_console.o
 .debug_info    0x00000f3b      0xb80 ./utilities/fsl_str.o
 .debug_info    0x00001abb      0x9c9 ./startup/startup_lpc55s69_cm33_core0.o
 .debug_info    0x00002484     0x142e ./source/PSM2_ToF.o
 .debug_info    0x000038b2      0x15f ./source/colorConverter.o
 .debug_info    0x00003a11      0x2e5 ./source/interpolation.o
 .debug_info    0x00003cf6     0x14a1 ./source/lcd.o
 .debug_info    0x00005197      0x75e ./source/platform.o
 .debug_info    0x000058f5       0x3c ./source/semihost_hardfault.o
 .debug_info    0x00005931     0x15cd ./source/vl53l5cx_api.o
 .debug_info    0x00006efe     0x341f ./drivers/fsl_clock.o
 .debug_info    0x0000a31d      0x623 ./drivers/fsl_common_arm.o
 .debug_info    0x0000a940     0x22f2 ./drivers/fsl_ctimer.o
 .debug_info    0x0000cc32     0x1b47 ./drivers/fsl_flexcomm.o
 .debug_info    0x0000e779     0x17bf ./drivers/fsl_gpio.o
 .debug_info    0x0000ff38     0x232e ./drivers/fsl_i2c.o
 .debug_info    0x00012266     0x1e53 ./drivers/fsl_inputmux.o
 .debug_info    0x000140b9     0x2387 ./drivers/fsl_pint.o
 .debug_info    0x00016440     0x2ade ./drivers/fsl_power.o
 .debug_info    0x00018f1e      0xf02 ./drivers/fsl_reset.o
 .debug_info    0x00019e20     0x1a52 ./drivers/fsl_spi.o
 .debug_info    0x0001b872     0x188c ./drivers/fsl_usart.o
 .debug_info    0x0001d0fe     0x14be ./device/system_LPC55S69_cm33_core0.o
 .debug_info    0x0001e5bc      0xd50 ./component/uart/fsl_adapter_usart.o
 .debug_info    0x0001f30c      0xde3 ./component/serial_manager/fsl_component_serial_manager.o
 .debug_info    0x000200ef      0x551 ./component/serial_manager/fsl_component_serial_port_uart.o
 .debug_info    0x00020640      0x8d0 ./board/board.o
 .debug_info    0x00020f10     0x181d ./board/clock_config.o
 .debug_info    0x0002272d     0x14bf ./board/peripherals.o
 .debug_info    0x00023bec     0x24c5 ./board/pin_mux.o
 .debug_info    0x000260b1       0x85 c:/nxp/mcuxpressoide_11.9.0_2144/ide/plugins/com.nxp.mcuxpresso.tools.win32_11.9.0.202307121226/tools/bin/../lib/gcc/arm-none-eabi/12.3.1/../../../../arm-none-eabi/lib/thumb/v8-m.main+fp/hard\libcr_nohost_nf.a(_cr__main.o)
 .debug_info    0x00026136      0x119 c:/nxp/mcuxpressoide_11.9.0_2144/ide/plugins/com.nxp.mcuxpresso.tools.win32_11.9.0.202307121226/tools/bin/../lib/gcc/arm-none-eabi/12.3.1/../../../../arm-none-eabi/lib/thumb/v8-m.main+fp/hard\libcr_c.a(memcpy.o)
 .debug_info    0x0002624f       0xe3 c:/nxp/mcuxpressoide_11.9.0_2144/ide/plugins/com.nxp.mcuxpresso.tools.win32_11.9.0.202307121226/tools/bin/../lib/gcc/arm-none-eabi/12.3.1/../../../../arm-none-eabi/lib/thumb/v8-m.main+fp/hard\libcr_c.a(memset.o)
 .debug_info    0x00026332      0x506 c:/nxp/mcuxpressoide_11.9.0_2144/ide/plugins/com.nxp.mcuxpresso.tools.win32_11.9.0.202307121226/tools/bin/../lib/gcc/arm-none-eabi/12.3.1/../../../../arm-none-eabi/lib/thumb/v8-m.main+fp/hard\libcr_c.a(alloc.o)
 .debug_info    0x00026838       0x44 c:/nxp/mcuxpressoide_11.9.0_2144/ide/plugins/com.nxp.mcuxpresso.tools.win32_11.9.0.202307121226/tools/bin/../lib/gcc/arm-none-eabi/12.3.1/../../../../arm-none-eabi/lib/thumb/v8-m.main+fp/hard\libcr_c.a(errno.o)
 .debug_info    0x0002687c      0x339 c:/nxp/mcuxpressoide_11.9.0_2144/ide/plugins/com.nxp.mcuxpresso.tools.win32_11.9.0.202307121226/tools/bin/../lib/gcc/arm-none-eabi/12.3.1/../../../../arm-none-eabi/lib/thumb/v8-m.main+fp/hard\libcr_c.a(initio.o)
 .debug_info    0x00026bb5      0x1f6 c:/nxp/mcuxpressoide_11.9.0_2144/ide/plugins/com.nxp.mcuxpresso.tools.win32_11.9.0.202307121226/tools/bin/../lib/gcc/arm-none-eabi/12.3.1/../../../../arm-none-eabi/lib/thumb/v8-m.main+fp/hard\libcr_c.a(setvbuf.o)
 .debug_info    0x00026dab       0xda c:/nxp/mcuxpressoide_11.9.0_2144/ide/plugins/com.nxp.mcuxpresso.tools.win32_11.9.0.202307121226/tools/bin/../lib/gcc/arm-none-eabi/12.3.1/../../../../arm-none-eabi/lib/thumb/v8-m.main+fp/hard\libcr_c.a(strlen.o)
 .debug_info    0x00026e85      0x362 c:/nxp/mcuxpressoide_11.9.0_2144/ide/plugins/com.nxp.mcuxpresso.tools.win32_11.9.0.202307121226/tools/bin/../lib/gcc/arm-none-eabi/12.3.1/../../../../arm-none-eabi/lib/thumb/v8-m.main+fp/hard\libcr_c.a(_deferredlazyseek.o)
 .debug_info    0x000271e7      0x244 c:/nxp/mcuxpressoide_11.9.0_2144/ide/plugins/com.nxp.mcuxpresso.tools.win32_11.9.0.202307121226/tools/bin/../lib/gcc/arm-none-eabi/12.3.1/../../../../arm-none-eabi/lib/thumb/v8-m.main+fp/hard\libcr_c.a(_fdopen.o)
 .debug_info    0x0002742b      0x1e3 c:/nxp/mcuxpressoide_11.9.0_2144/ide/plugins/com.nxp.mcuxpresso.tools.win32_11.9.0.202307121226/tools/bin/../lib/gcc/arm-none-eabi/12.3.1/../../../../arm-none-eabi/lib/thumb/v8-m.main+fp/hard\libcr_c.a(_fflush.o)
 .debug_info    0x0002760e      0x282 c:/nxp/mcuxpressoide_11.9.0_2144/ide/plugins/com.nxp.mcuxpresso.tools.win32_11.9.0.202307121226/tools/bin/../lib/gcc/arm-none-eabi/12.3.1/../../../../arm-none-eabi/lib/thumb/v8-m.main+fp/hard\libcr_c.a(_writebuf.o)
 .debug_info    0x00027890      0x318 c:/nxp/mcuxpressoide_11.9.0_2144/ide/plugins/com.nxp.mcuxpresso.tools.win32_11.9.0.202307121226/tools/bin/../lib/gcc/arm-none-eabi/12.3.1/../../../../arm-none-eabi/lib/thumb/v8-m.main+fp/hard\libcr_c.a(fclose.o)
 .debug_info    0x00027ba8      0x202 c:/nxp/mcuxpressoide_11.9.0_2144/ide/plugins/com.nxp.mcuxpresso.tools.win32_11.9.0.202307121226/tools/bin/../lib/gcc/arm-none-eabi/12.3.1/../../../../arm-none-eabi/lib/thumb/v8-m.main+fp/hard\libcr_c.a(fflush.o)
 .debug_info    0x00027daa      0x276 c:/nxp/mcuxpressoide_11.9.0_2144/ide/plugins/com.nxp.mcuxpresso.tools.win32_11.9.0.202307121226/tools/bin/../lib/gcc/arm-none-eabi/12.3.1/../../../../arm-none-eabi/lib/thumb/v8-m.main+fp/hard\libcr_c.a(fseek.o)
 .debug_info    0x00028020      0x190 c:/nxp/mcuxpressoide_11.9.0_2144/ide/plugins/com.nxp.mcuxpresso.tools.win32_11.9.0.202307121226/tools/bin/../lib/gcc/arm-none-eabi/12.3.1/../../../../arm-none-eabi/lib/thumb/v8-m.main+fp/hard\libcr_c.a(ftell.o)
 .debug_info    0x000281b0      0x1ca c:/nxp/mcuxpressoide_11.9.0_2144/ide/plugins/com.nxp.mcuxpresso.tools.win32_11.9.0.202307121226/tools/bin/../lib/gcc/arm-none-eabi/12.3.1/../../../../arm-none-eabi/lib/thumb/v8-m.main+fp/hard\libcr_c.a(remove.o)
 .debug_info    0x0002837a      0x23a c:/nxp/mcuxpressoide_11.9.0_2144/ide/plugins/com.nxp.mcuxpresso.tools.win32_11.9.0.202307121226/tools/bin/../lib/gcc/arm-none-eabi/12.3.1/../../../../arm-none-eabi/lib/thumb/v8-m.main+fp/hard\libcr_c.a(_do_fflush.o)
 .debug_info    0x000285b4     0x2161 c:/nxp/mcuxpressoide_11.9.0_2144/ide/plugins/com.nxp.mcuxpresso.tools.win32_11.9.0.202307121226/tools/bin/../lib/gcc/arm-none-eabi/12.3.1/thumb/v8-m.main+fp/hard\libcr_eabihelpers.a(double.o)
 .debug_info    0x0002a715     0x1ae1 c:/nxp/mcuxpressoide_11.9.0_2144/ide/plugins/com.nxp.mcuxpresso.tools.win32_11.9.0.202307121226/tools/bin/../lib/gcc/arm-none-eabi/12.3.1/thumb/v8-m.main+fp/hard\libcr_eabihelpers.a(float.o)
 .debug_info    0x0002c1f6      0x18b c:/nxp/mcuxpressoide_11.9.0_2144/ide/plugins/com.nxp.mcuxpresso.tools.win32_11.9.0.202307121226/tools/bin/../lib/gcc/arm-none-eabi/12.3.1/../../../../arm-none-eabi/lib/thumb/v8-m.main+fp/hard\libcr_nohost_nf.a(__ciob.o)
 .debug_info    0x0002c381       0x5c c:/nxp/mcuxpressoide_11.9.0_2144/ide/plugins/com.nxp.mcuxpresso.tools.win32_11.9.0.202307121226/tools/bin/../lib/gcc/arm-none-eabi/12.3.1/../../../../arm-none-eabi/lib/thumb/v8-m.main+fp/hard\libcr_nohost_nf.a(__sys_close.o)
 .debug_info    0x0002c3dd       0x5c c:/nxp/mcuxpressoide_11.9.0_2144/ide/plugins/com.nxp.mcuxpresso.tools.win32_11.9.0.202307121226/tools/bin/../lib/gcc/arm-none-eabi/12.3.1/../../../../arm-none-eabi/lib/thumb/v8-m.main+fp/hard\libcr_nohost_nf.a(__sys_flen.o)
 .debug_info    0x0002c439       0x5c c:/nxp/mcuxpressoide_11.9.0_2144/ide/plugins/com.nxp.mcuxpresso.tools.win32_11.9.0.202307121226/tools/bin/../lib/gcc/arm-none-eabi/12.3.1/../../../../arm-none-eabi/lib/thumb/v8-m.main+fp/hard\libcr_nohost_nf.a(__sys_istty.o)
 .debug_info    0x0002c495       0x7c c:/nxp/mcuxpressoide_11.9.0_2144/ide/plugins/com.nxp.mcuxpresso.tools.win32_11.9.0.202307121226/tools/bin/../lib/gcc/arm-none-eabi/12.3.1/../../../../arm-none-eabi/lib/thumb/v8-m.main+fp/hard\libcr_nohost_nf.a(__sys_remove.o)
 .debug_info    0x0002c511       0x6a c:/nxp/mcuxpressoide_11.9.0_2144/ide/plugins/com.nxp.mcuxpresso.tools.win32_11.9.0.202307121226/tools/bin/../lib/gcc/arm-none-eabi/12.3.1/../../../../arm-none-eabi/lib/thumb/v8-m.main+fp/hard\libcr_nohost_nf.a(__sys_seek.o)
 .debug_info    0x0002c57b       0x85 c:/nxp/mcuxpressoide_11.9.0_2144/ide/plugins/com.nxp.mcuxpresso.tools.win32_11.9.0.202307121226/tools/bin/../lib/gcc/arm-none-eabi/12.3.1/../../../../arm-none-eabi/lib/thumb/v8-m.main+fp/hard\libcr_nohost_nf.a(__sys_tmpnam.o)
 .debug_info    0x0002c600       0x85 c:/nxp/mcuxpressoide_11.9.0_2144/ide/plugins/com.nxp.mcuxpresso.tools.win32_11.9.0.202307121226/tools/bin/../lib/gcc/arm-none-eabi/12.3.1/../../../../arm-none-eabi/lib/thumb/v8-m.main+fp/hard\libcr_nohost_nf.a(__sys_write.o)

.debug_abbrev   0x00000000     0x62ec
 .debug_abbrev  0x00000000       0x90 ./utilities/fsl_assert.o
 .debug_abbrev  0x00000090      0x270 ./utilities/fsl_debug_console.o
 .debug_abbrev  0x00000300      0x270 ./utilities/fsl_str.o
 .debug_abbrev  0x00000570      0x147 ./startup/startup_lpc55s69_cm33_core0.o
 .debug_abbrev  0x000006b7      0x29d ./source/PSM2_ToF.o
 .debug_abbrev  0x00000954       0xb0 ./source/colorConverter.o
 .debug_abbrev  0x00000a04       0xd1 ./source/interpolation.o
 .debug_abbrev  0x00000ad5      0x30f ./source/lcd.o
 .debug_abbrev  0x00000de4      0x228 ./source/platform.o
 .debug_abbrev  0x0000100c       0x31 ./source/semihost_hardfault.o
 .debug_abbrev  0x0000103d      0x2e5 ./source/vl53l5cx_api.o
 .debug_abbrev  0x00001322      0x3a8 ./drivers/fsl_clock.o
 .debug_abbrev  0x000016ca      0x17b ./drivers/fsl_common_arm.o
 .debug_abbrev  0x00001845      0x3cd ./drivers/fsl_ctimer.o
 .debug_abbrev  0x00001c12      0x2ed ./drivers/fsl_flexcomm.o
 .debug_abbrev  0x00001eff      0x244 ./drivers/fsl_gpio.o
 .debug_abbrev  0x00002143      0x395 ./drivers/fsl_i2c.o
 .debug_abbrev  0x000024d8      0x1d7 ./drivers/fsl_inputmux.o
 .debug_abbrev  0x000026af      0x32c ./drivers/fsl_pint.o
 .debug_abbrev  0x000029db      0x368 ./drivers/fsl_power.o
 .debug_abbrev  0x00002d43      0x182 ./drivers/fsl_reset.o
 .debug_abbrev  0x00002ec5      0x34b ./drivers/fsl_spi.o
 .debug_abbrev  0x00003210      0x34f ./drivers/fsl_usart.o
 .debug_abbrev  0x0000355f      0x216 ./device/system_LPC55S69_cm33_core0.o
 .debug_abbrev  0x00003775      0x249 ./component/uart/fsl_adapter_usart.o
 .debug_abbrev  0x000039be      0x2bb ./component/serial_manager/fsl_component_serial_manager.o
 .debug_abbrev  0x00003c79      0x18c ./component/serial_manager/fsl_component_serial_port_uart.o
 .debug_abbrev  0x00003e05      0x113 ./board/board.o
 .debug_abbrev  0x00003f18      0x226 ./board/clock_config.o
 .debug_abbrev  0x0000413e      0x22c ./board/peripherals.o
 .debug_abbrev  0x0000436a      0x2a3 ./board/pin_mux.o
 .debug_abbrev  0x0000460d       0x70 c:/nxp/mcuxpressoide_11.9.0_2144/ide/plugins/com.nxp.mcuxpresso.tools.win32_11.9.0.202307121226/tools/bin/../lib/gcc/arm-none-eabi/12.3.1/../../../../arm-none-eabi/lib/thumb/v8-m.main+fp/hard\libcr_nohost_nf.a(_cr__main.o)
 .debug_abbrev  0x0000467d       0xb6 c:/nxp/mcuxpressoide_11.9.0_2144/ide/plugins/com.nxp.mcuxpresso.tools.win32_11.9.0.202307121226/tools/bin/../lib/gcc/arm-none-eabi/12.3.1/../../../../arm-none-eabi/lib/thumb/v8-m.main+fp/hard\libcr_c.a(memcpy.o)
 .debug_abbrev  0x00004733       0xa8 c:/nxp/mcuxpressoide_11.9.0_2144/ide/plugins/com.nxp.mcuxpresso.tools.win32_11.9.0.202307121226/tools/bin/../lib/gcc/arm-none-eabi/12.3.1/../../../../arm-none-eabi/lib/thumb/v8-m.main+fp/hard\libcr_c.a(memset.o)
 .debug_abbrev  0x000047db      0x284 c:/nxp/mcuxpressoide_11.9.0_2144/ide/plugins/com.nxp.mcuxpresso.tools.win32_11.9.0.202307121226/tools/bin/../lib/gcc/arm-none-eabi/12.3.1/../../../../arm-none-eabi/lib/thumb/v8-m.main+fp/hard\libcr_c.a(alloc.o)
 .debug_abbrev  0x00004a5f       0x44 c:/nxp/mcuxpressoide_11.9.0_2144/ide/plugins/com.nxp.mcuxpresso.tools.win32_11.9.0.202307121226/tools/bin/../lib/gcc/arm-none-eabi/12.3.1/../../../../arm-none-eabi/lib/thumb/v8-m.main+fp/hard\libcr_c.a(errno.o)
 .debug_abbrev  0x00004aa3      0x169 c:/nxp/mcuxpressoide_11.9.0_2144/ide/plugins/com.nxp.mcuxpresso.tools.win32_11.9.0.202307121226/tools/bin/../lib/gcc/arm-none-eabi/12.3.1/../../../../arm-none-eabi/lib/thumb/v8-m.main+fp/hard\libcr_c.a(initio.o)
 .debug_abbrev  0x00004c0c       0xe1 c:/nxp/mcuxpressoide_11.9.0_2144/ide/plugins/com.nxp.mcuxpresso.tools.win32_11.9.0.202307121226/tools/bin/../lib/gcc/arm-none-eabi/12.3.1/../../../../arm-none-eabi/lib/thumb/v8-m.main+fp/hard\libcr_c.a(setvbuf.o)
 .debug_abbrev  0x00004ced       0xa7 c:/nxp/mcuxpressoide_11.9.0_2144/ide/plugins/com.nxp.mcuxpresso.tools.win32_11.9.0.202307121226/tools/bin/../lib/gcc/arm-none-eabi/12.3.1/../../../../arm-none-eabi/lib/thumb/v8-m.main+fp/hard\libcr_c.a(strlen.o)
 .debug_abbrev  0x00004d94      0x152 c:/nxp/mcuxpressoide_11.9.0_2144/ide/plugins/com.nxp.mcuxpresso.tools.win32_11.9.0.202307121226/tools/bin/../lib/gcc/arm-none-eabi/12.3.1/../../../../arm-none-eabi/lib/thumb/v8-m.main+fp/hard\libcr_c.a(_deferredlazyseek.o)
 .debug_abbrev  0x00004ee6      0x119 c:/nxp/mcuxpressoide_11.9.0_2144/ide/plugins/com.nxp.mcuxpresso.tools.win32_11.9.0.202307121226/tools/bin/../lib/gcc/arm-none-eabi/12.3.1/../../../../arm-none-eabi/lib/thumb/v8-m.main+fp/hard\libcr_c.a(_fdopen.o)
 .debug_abbrev  0x00004fff       0xf1 c:/nxp/mcuxpressoide_11.9.0_2144/ide/plugins/com.nxp.mcuxpresso.tools.win32_11.9.0.202307121226/tools/bin/../lib/gcc/arm-none-eabi/12.3.1/../../../../arm-none-eabi/lib/thumb/v8-m.main+fp/hard\libcr_c.a(_fflush.o)
 .debug_abbrev  0x000050f0      0x126 c:/nxp/mcuxpressoide_11.9.0_2144/ide/plugins/com.nxp.mcuxpresso.tools.win32_11.9.0.202307121226/tools/bin/../lib/gcc/arm-none-eabi/12.3.1/../../../../arm-none-eabi/lib/thumb/v8-m.main+fp/hard\libcr_c.a(_writebuf.o)
 .debug_abbrev  0x00005216      0x155 c:/nxp/mcuxpressoide_11.9.0_2144/ide/plugins/com.nxp.mcuxpresso.tools.win32_11.9.0.202307121226/tools/bin/../lib/gcc/arm-none-eabi/12.3.1/../../../../arm-none-eabi/lib/thumb/v8-m.main+fp/hard\libcr_c.a(fclose.o)
 .debug_abbrev  0x0000536b      0x125 c:/nxp/mcuxpressoide_11.9.0_2144/ide/plugins/com.nxp.mcuxpresso.tools.win32_11.9.0.202307121226/tools/bin/../lib/gcc/arm-none-eabi/12.3.1/../../../../arm-none-eabi/lib/thumb/v8-m.main+fp/hard\libcr_c.a(fflush.o)
 .debug_abbrev  0x00005490      0x11b c:/nxp/mcuxpressoide_11.9.0_2144/ide/plugins/com.nxp.mcuxpresso.tools.win32_11.9.0.202307121226/tools/bin/../lib/gcc/arm-none-eabi/12.3.1/../../../../arm-none-eabi/lib/thumb/v8-m.main+fp/hard\libcr_c.a(fseek.o)
 .debug_abbrev  0x000055ab       0xc2 c:/nxp/mcuxpressoide_11.9.0_2144/ide/plugins/com.nxp.mcuxpresso.tools.win32_11.9.0.202307121226/tools/bin/../lib/gcc/arm-none-eabi/12.3.1/../../../../arm-none-eabi/lib/thumb/v8-m.main+fp/hard\libcr_c.a(ftell.o)
 .debug_abbrev  0x0000566d       0xfb c:/nxp/mcuxpressoide_11.9.0_2144/ide/plugins/com.nxp.mcuxpresso.tools.win32_11.9.0.202307121226/tools/bin/../lib/gcc/arm-none-eabi/12.3.1/../../../../arm-none-eabi/lib/thumb/v8-m.main+fp/hard\libcr_c.a(remove.o)
 .debug_abbrev  0x00005768      0x12c c:/nxp/mcuxpressoide_11.9.0_2144/ide/plugins/com.nxp.mcuxpresso.tools.win32_11.9.0.202307121226/tools/bin/../lib/gcc/arm-none-eabi/12.3.1/../../../../arm-none-eabi/lib/thumb/v8-m.main+fp/hard\libcr_c.a(_do_fflush.o)
 .debug_abbrev  0x00005894      0x364 c:/nxp/mcuxpressoide_11.9.0_2144/ide/plugins/com.nxp.mcuxpresso.tools.win32_11.9.0.202307121226/tools/bin/../lib/gcc/arm-none-eabi/12.3.1/thumb/v8-m.main+fp/hard\libcr_eabihelpers.a(double.o)
 .debug_abbrev  0x00005bf8      0x381 c:/nxp/mcuxpressoide_11.9.0_2144/ide/plugins/com.nxp.mcuxpresso.tools.win32_11.9.0.202307121226/tools/bin/../lib/gcc/arm-none-eabi/12.3.1/thumb/v8-m.main+fp/hard\libcr_eabihelpers.a(float.o)
 .debug_abbrev  0x00005f79       0xb5 c:/nxp/mcuxpressoide_11.9.0_2144/ide/plugins/com.nxp.mcuxpresso.tools.win32_11.9.0.202307121226/tools/bin/../lib/gcc/arm-none-eabi/12.3.1/../../../../arm-none-eabi/lib/thumb/v8-m.main+fp/hard\libcr_nohost_nf.a(__ciob.o)
 .debug_abbrev  0x0000602e       0x51 c:/nxp/mcuxpressoide_11.9.0_2144/ide/plugins/com.nxp.mcuxpresso.tools.win32_11.9.0.202307121226/tools/bin/../lib/gcc/arm-none-eabi/12.3.1/../../../../arm-none-eabi/lib/thumb/v8-m.main+fp/hard\libcr_nohost_nf.a(__sys_close.o)
 .debug_abbrev  0x0000607f       0x51 c:/nxp/mcuxpressoide_11.9.0_2144/ide/plugins/com.nxp.mcuxpresso.tools.win32_11.9.0.202307121226/tools/bin/../lib/gcc/arm-none-eabi/12.3.1/../../../../arm-none-eabi/lib/thumb/v8-m.main+fp/hard\libcr_nohost_nf.a(__sys_flen.o)
 .debug_abbrev  0x000060d0       0x51 c:/nxp/mcuxpressoide_11.9.0_2144/ide/plugins/com.nxp.mcuxpresso.tools.win32_11.9.0.202307121226/tools/bin/../lib/gcc/arm-none-eabi/12.3.1/../../../../arm-none-eabi/lib/thumb/v8-m.main+fp/hard\libcr_nohost_nf.a(__sys_istty.o)
 .debug_abbrev  0x00006121       0x7d c:/nxp/mcuxpressoide_11.9.0_2144/ide/plugins/com.nxp.mcuxpresso.tools.win32_11.9.0.202307121226/tools/bin/../lib/gcc/arm-none-eabi/12.3.1/../../../../arm-none-eabi/lib/thumb/v8-m.main+fp/hard\libcr_nohost_nf.a(__sys_remove.o)
 .debug_abbrev  0x0000619e       0x62 c:/nxp/mcuxpressoide_11.9.0_2144/ide/plugins/com.nxp.mcuxpresso.tools.win32_11.9.0.202307121226/tools/bin/../lib/gcc/arm-none-eabi/12.3.1/../../../../arm-none-eabi/lib/thumb/v8-m.main+fp/hard\libcr_nohost_nf.a(__sys_seek.o)
 .debug_abbrev  0x00006200       0x76 c:/nxp/mcuxpressoide_11.9.0_2144/ide/plugins/com.nxp.mcuxpresso.tools.win32_11.9.0.202307121226/tools/bin/../lib/gcc/arm-none-eabi/12.3.1/../../../../arm-none-eabi/lib/thumb/v8-m.main+fp/hard\libcr_nohost_nf.a(__sys_tmpnam.o)