Archive member included to satisfy reference by file (symbol)

/Applications/MCUXpressoIDE_11.7.0_9198/ide/plugins/com.nxp.mcuxpresso.tools.macosx_11.7.0.202209140929/tools/bin/../lib/gcc/arm-none-eabi/10.3.1/../../../../arm-none-eabi/lib/thumb/v8-m.main+fp/hard/libcr_nohost_nf.a(_cr__main.o)
                              ./startup/startup_lpc55s69_cm33_core0.o (__main)
/Applications/MCUXpressoIDE_11.7.0_9198/ide/plugins/com.nxp.mcuxpresso.tools.macosx_11.7.0.202209140929/tools/bin/../lib/gcc/arm-none-eabi/10.3.1/../../../../arm-none-eabi/lib/thumb/v8-m.main+fp/hard/libcr_c.a(memcpy.o)
                              ./utilities/fsl_str.o (memcpy)
/Applications/MCUXpressoIDE_11.7.0_9198/ide/plugins/com.nxp.mcuxpresso.tools.macosx_11.7.0.202209140929/tools/bin/../lib/gcc/arm-none-eabi/10.3.1/../../../../arm-none-eabi/lib/thumb/v8-m.main+fp/hard/libcr_c.a(memset.o)
                              ./utilities/fsl_debug_console.o (memset)
/Applications/MCUXpressoIDE_11.7.0_9198/ide/plugins/com.nxp.mcuxpresso.tools.macosx_11.7.0.202209140929/tools/bin/../lib/gcc/arm-none-eabi/10.3.1/../../../../arm-none-eabi/lib/thumb/v8-m.main+fp/hard/libcr_c.a(alloc.o)
                              ./drivers/fsl_common.o (malloc)
/Applications/MCUXpressoIDE_11.7.0_9198/ide/plugins/com.nxp.mcuxpresso.tools.macosx_11.7.0.202209140929/tools/bin/../lib/gcc/arm-none-eabi/10.3.1/../../../../arm-none-eabi/lib/thumb/v8-m.main+fp/hard/libcr_c.a(errno.o)
                              ./utilities/fsl_str.o (errno)
/Applications/MCUXpressoIDE_11.7.0_9198/ide/plugins/com.nxp.mcuxpresso.tools.macosx_11.7.0.202209140929/tools/bin/../lib/gcc/arm-none-eabi/10.3.1/../../../../arm-none-eabi/lib/thumb/v8-m.main+fp/hard/libcr_c.a(initio.o)
                              /Applications/MCUXpressoIDE_11.7.0_9198/ide/plugins/com.nxp.mcuxpresso.tools.macosx_11.7.0.202209140929/tools/bin/../lib/gcc/arm-none-eabi/10.3.1/../../../../arm-none-eabi/lib/thumb/v8-m.main+fp/hard/libcr_nohost_nf.a(_cr__main.o) (_initio)
/Applications/MCUXpressoIDE_11.7.0_9198/ide/plugins/com.nxp.mcuxpresso.tools.macosx_11.7.0.202209140929/tools/bin/../lib/gcc/arm-none-eabi/10.3.1/../../../../arm-none-eabi/lib/thumb/v8-m.main+fp/hard/libcr_c.a(scanf.o)
                              ./utilities/fsl_str.o (strtoul)
/Applications/MCUXpressoIDE_11.7.0_9198/ide/plugins/com.nxp.mcuxpresso.tools.macosx_11.7.0.202209140929/tools/bin/../lib/gcc/arm-none-eabi/10.3.1/../../../../arm-none-eabi/lib/thumb/v8-m.main+fp/hard/libcr_c.a(setvbuf.o)
                              /Applications/MCUXpressoIDE_11.7.0_9198/ide/plugins/com.nxp.mcuxpresso.tools.macosx_11.7.0.202209140929/tools/bin/../lib/gcc/arm-none-eabi/10.3.1/../../../../arm-none-eabi/lib/thumb/v8-m.main+fp/hard/libcr_c.a(initio.o) (setvbuf)
/Applications/MCUXpressoIDE_11.7.0_9198/ide/plugins/com.nxp.mcuxpresso.tools.macosx_11.7.0.202209140929/tools/bin/../lib/gcc/arm-none-eabi/10.3.1/../../../../arm-none-eabi/lib/thumb/v8-m.main+fp/hard/libcr_c.a(strlen.o)
                              ./utilities/fsl_str.o (strlen)
/Applications/MCUXpressoIDE_11.7.0_9198/ide/plugins/com.nxp.mcuxpresso.tools.macosx_11.7.0.202209140929/tools/bin/../lib/gcc/arm-none-eabi/10.3.1/../../../../arm-none-eabi/lib/thumb/v8-m.main+fp/hard/libcr_c.a(ungetc.o)
                              /Applications/MCUXpressoIDE_11.7.0_9198/ide/plugins/com.nxp.mcuxpresso.tools.macosx_11.7.0.202209140929/tools/bin/../lib/gcc/arm-none-eabi/10.3.1/../../../../arm-none-eabi/lib/thumb/v8-m.main+fp/hard/libcr_c.a(scanf.o) (ungetc)
/Applications/MCUXpressoIDE_11.7.0_9198/ide/plugins/com.nxp.mcuxpresso.tools.macosx_11.7.0.202209140929/tools/bin/../lib/gcc/arm-none-eabi/10.3.1/../../../../arm-none-eabi/lib/thumb/v8-m.main+fp/hard/libcr_c.a(__fillbuf.o)
                              /Applications/MCUXpressoIDE_11.7.0_9198/ide/plugins/com.nxp.mcuxpresso.tools.macosx_11.7.0.202209140929/tools/bin/../lib/gcc/arm-none-eabi/10.3.1/../../../../arm-none-eabi/lib/thumb/v8-m.main+fp/hard/libcr_c.a(scanf.o) (__filbuf)
/Applications/MCUXpressoIDE_11.7.0_9198/ide/plugins/com.nxp.mcuxpresso.tools.macosx_11.7.0.202209140929/tools/bin/../lib/gcc/arm-none-eabi/10.3.1/../../../../arm-none-eabi/lib/thumb/v8-m.main+fp/hard/libcr_c.a(__init_alloc.o)
                              /Applications/MCUXpressoIDE_11.7.0_9198/ide/plugins/com.nxp.mcuxpresso.tools.macosx_11.7.0.202209140929/tools/bin/../lib/gcc/arm-none-eabi/10.3.1/../../../../arm-none-eabi/lib/thumb/v8-m.main+fp/hard/libcr_c.a(alloc.o) (__heaps)
/Applications/MCUXpressoIDE_11.7.0_9198/ide/plugins/com.nxp.mcuxpresso.tools.macosx_11.7.0.202209140929/tools/bin/../lib/gcc/arm-none-eabi/10.3.1/../../../../arm-none-eabi/lib/thumb/v8-m.main+fp/hard/libcr_c.a(_cr_sbrk.o)
                              /Applications/MCUXpressoIDE_11.7.0_9198/ide/plugins/com.nxp.mcuxpresso.tools.macosx_11.7.0.202209140929/tools/bin/../lib/gcc/arm-none-eabi/10.3.1/../../../../arm-none-eabi/lib/thumb/v8-m.main+fp/hard/libcr_c.a(alloc.o) (_sbrk)
[...]
Memory Configuration

Name             Origin             Length             Attributes
PROGRAM_FLASH    0x0000000000000000 0x000000000009d800 xr
SRAM             0x0000000020000000 0x0000000000040000 xrw
SRAMX            0x0000000004000000 0x0000000000008000 xrw
USB_RAM          0x0000000040100000 0x0000000000004000 xrw
SRAM4            0x0000000020040000 0x0000000000004000 xrw
*default*        0x0000000000000000 0xffffffffffffffff

Linker script and memory map

LOAD ./utilities/fsl_assert.o
LOAD ./utilities/fsl_debug_console.o
LOAD ./utilities/fsl_str.o
LOAD ./startup/boot_multicore_slave.o
LOAD ./startup/startup_lpc55s69_cm33_core0.o
LOAD ./source/ToF_3DCam.o
LOAD ./source/platform.o
LOAD ./source/semihost_hardfault.o
LOAD ./source/vl53l5cx_api.o
LOAD ./drivers/fsl_clock.o
LOAD ./drivers/fsl_common.o
LOAD ./drivers/fsl_common_arm.o
LOAD ./drivers/fsl_flexcomm.o
LOAD ./drivers/fsl_gpio.o
LOAD ./drivers/fsl_i2c.o
LOAD ./drivers/fsl_inputmux.o
LOAD ./drivers/fsl_pint.o
LOAD ./drivers/fsl_power.o
LOAD ./drivers/fsl_reset.o
LOAD ./drivers/fsl_usart.o
LOAD ./device/system_LPC55S69_cm33_core0.o
LOAD ./component/uart/fsl_adapter_usart.o
LOAD ./component/serial_manager/fsl_component_serial_manager.o
LOAD ./component/serial_manager/fsl_component_serial_port_uart.o
LOAD ./component/lists/fsl_component_generic_list.o
LOAD ./board/board.o
LOAD ./board/clock_config.o
LOAD ./board/peripherals.o
LOAD ./board/pin_mux.o
START GROUP
LOAD /Applications/MCUXpressoIDE_11.7.0_9198/ide/plugins/com.nxp.mcuxpresso.tools.macosx_11.7.0.202209140929/tools/bin/../lib/gcc/arm-none-eabi/10.3.1/../../../../arm-none-eabi/lib/thumb/v8-m.main+fp/hard/libcr_nohost_nf.a
LOAD /Applications/MCUXpressoIDE_11.7.0_9198/ide/plugins/com.nxp.mcuxpresso.tools.macosx_11.7.0.202209140929/tools/bin/../lib/gcc/arm-none-eabi/10.3.1/../../../../arm-none-eabi/lib/thumb/v8-m.main+fp/hard/libcr_c.a
LOAD /Applications/MCUXpressoIDE_11.7.0_9198/ide/plugins/com.nxp.mcuxpresso.tools.macosx_11.7.0.202209140929/tools/bin/../lib/gcc/arm-none-eabi/10.3.1/thumb/v8-m.main+fp/hard/libcr_eabihelpers.a
LOAD /Applications/MCUXpressoIDE_11.7.0_9198/ide/plugins/com.nxp.mcuxpresso.tools.macosx_11.7.0.202209140929/tools/bin/../lib/gcc/arm-none-eabi/10.3.1/thumb/v8-m.main+fp/hard/libgcc.a
END GROUP
                0x0000000000000000                __base_PROGRAM_FLASH = 0x0
                0x0000000000000000                __base_Flash = 0x0
                0x000000000009d800                __top_PROGRAM_FLASH = 0x9d800
                0x000000000009d800                __top_Flash = 0x9d800
                0x0000000020000000                __base_SRAM = 0x20000000
                0x0000000020000000                __base_RAM = 0x20000000
                0x0000000020040000                __top_SRAM = 0x20040000
                0x0000000020040000                __top_RAM = 0x20040000
                0x0000000004000000                __base_SRAMX = 0x4000000
                0x0000000004000000                __base_RAM2 = 0x4000000
                0x0000000004008000                __top_SRAMX = 0x4008000
                0x0000000004008000                __top_RAM2 = 0x4008000
                0x0000000040100000                __base_USB_RAM = 0x40100000
                0x0000000040100000                __base_RAM3 = 0x40100000
                0x0000000040104000                __top_USB_RAM = 0x40104000
                0x0000000040104000                __top_RAM3 = 0x40104000
                0x0000000020040000                __base_SRAM4 = 0x20040000
                0x0000000020040000                __base_RAM4 = 0x20040000
                0x0000000020044000                __top_SRAM4 = 0x20044000
                0x0000000020044000                __top_RAM4 = 0x20044000

.text           0x0000000000000000    0x18df0
 FILL mask 0xff
                0x0000000000000000                __vectors_start__ = ABSOLUTE (.)
 *(SORT_BY_ALIGNMENT(.isr_vector))
 .isr_vector    0x0000000000000000      0x130 ./startup/startup_lpc55s69_cm33_core0.o
                0x0000000000000000                __Vectors
                0x0000000000000000                g_pfnVectors
                0x0000000000000130                . = ALIGN (0x4)
                0x0000000000000130                __section_table_start = .
                0x0000000000000130                __data_section_table = .
                0x0000000000000130        0x4 LONG 0x18df0 LOADADDR (.data)
                0x0000000000000134        0x4 LONG 0x20000000 ADDR (.data)
                0x0000000000000138        0x4 LONG 0x8 SIZEOF (.data)
                0x000000000000013c        0x4 LONG 0x18df0 LOADADDR (.data_RAM2)
                0x0000000000000140        0x4 LONG 0x4000000 ADDR (.data_RAM2)
                0x0000000000000144        0x4 LONG 0x0 SIZEOF (.data_RAM2)
                0x0000000000000148        0x4 LONG 0x18df0 LOADADDR (.data_RAM3)
                0x000000000000014c        0x4 LONG 0x40100000 ADDR (.data_RAM3)
                0x0000000000000150        0x4 LONG 0x0 SIZEOF (.data_RAM3)
                0x0000000000000154        0x4 LONG 0x18df0 LOADADDR (.data_RAM4)
                0x0000000000000158        0x4 LONG 0x20040000 ADDR (.data_RAM4)
                0x000000000000015c        0x4 LONG 0x0 SIZEOF (.data_RAM4)
                0x0000000000000160                __data_section_table_end = .
                0x0000000000000160                __bss_section_table = .
                0x0000000000000160        0x4 LONG 0x20000008 ADDR (.bss)
                0x0000000000000164        0x4 LONG 0x114c SIZEOF (.bss)
                0x0000000000000168        0x4 LONG 0x4000000 ADDR (.bss_RAM2)
                0x000000000000016c        0x4 LONG 0x0 SIZEOF (.bss_RAM2)
                0x0000000000000170        0x4 LONG 0x40100000 ADDR (.bss_RAM3)
                0x0000000000000174        0x4 LONG 0x0 SIZEOF (.bss_RAM3)
                0x0000000000000178        0x4 LONG 0x20040000 ADDR (.bss_RAM4)
                0x000000000000017c        0x4 LONG 0x0 SIZEOF (.bss_RAM4)
                0x0000000000000180                __bss_section_table_end = .
                0x0000000000000180                __section_table_end = .
 *(SORT_BY_ALIGNMENT(.after_vectors*))
 .after_vectors.reset
                0x0000000000000180       0x64 ./startup/startup_lpc55s69_cm33_core0.o
                0x0000000000000180                ResetISR
 .after_vectors
                0x00000000000001e4       0x16 ./startup/startup_lpc55s69_cm33_core0.o
                0x00000000000001e4                NMI_Handler
                0x00000000000001e8                MemManage_Handler
                0x00000000000001ea                BusFault_Handler
                0x00000000000001ec                UsageFault_Handler
                0x00000000000001ee                SecureFault_Handler
                0x00000000000001f0                SVC_Handler
                0x00000000000001f2                DebugMon_Handler
                0x00000000000001f4                PendSV_Handler
                0x00000000000001f6                SysTick_Handler
                0x00000000000001f8                CASER_DriverIRQHandler
                0x00000000000001f8                MRT0_DriverIRQHandler
                0x00000000000001f8                UTICK0_DriverIRQHandler
                0x00000000000001f8                Reserved41_DriverIRQHandler
                0x00000000000001f8                CTIMER4_DriverIRQHandler
                0x00000000000001f8                GINT1_DriverIRQHandler
                0x00000000000001f8                Reserved55_DriverIRQHandler
                0x00000000000001f8                HASHCRYPT_DriverIRQHandler
                0x00000000000001f8                USB0_NEEDCLK_DriverIRQHandler
                0x00000000000001f8                CTIMER0_DriverIRQHandler
                0x00000000000001f8                CTIMER1_DriverIRQHandler
                0x00000000000001f8                PQ_DriverIRQHandler
                0x00000000000001f8                MAILBOX_DriverIRQHandler
                0x00000000000001f8                CTIMER3_DriverIRQHandler
                0x00000000000001f8                Reserved61_DriverIRQHandler
                0x00000000000001f8                PUF_DriverIRQHandler
                0x00000000000001f8                RTC_DriverIRQHandler
                0x00000000000001f8                USB1_DriverIRQHandler
                0x00000000000001f8                Reserved60_DriverIRQHandler
                0x00000000000001f8                DMA1_DriverIRQHandler
                0x00000000000001f8                ADC0_DriverIRQHandler
                0x00000000000001f8                USB1_NEEDCLK_DriverIRQHandler
                0x00000000000001f8                Reserved59_DriverIRQHandler
                0x00000000000001f8                SDIO_DriverIRQHandler
                0x00000000000001f8                GINT0_DriverIRQHandler
                0x00000000000001f8                USB1_PHY_DriverIRQHandler
                0x00000000000001f8                ACMP_DriverIRQHandler
                0x00000000000001f8                Reserved57_DriverIRQHandler
                0x00000000000001f8                Reserved46_DriverIRQHandler
                0x00000000000001f8                WDT_BOD_DriverIRQHandler
                0x00000000000001f8                SCT0_DriverIRQHandler
                0x00000000000001f8                PLU_DriverIRQHandler
                0x00000000000001f8                OS_EVENT_DriverIRQHandler
                0x00000000000001f8                SEC_HYPERVISOR_CALL_DriverIRQHandler
                0x00000000000001f8                Reserved39_DriverIRQHandler
                0x00000000000001f8                DMA0_DriverIRQHandler
                0x00000000000001f8                Reserved42_DriverIRQHandler
                0x00000000000001f8                SEC_VIO_DriverIRQHandler
                0x00000000000001f8                Reserved56_DriverIRQHandler
                0x00000000000001f8                CTIMER2_DriverIRQHandler
                0x00000000000001f8                IntDefaultHandler
                0x00000000000001f8                USB0_DriverIRQHandler
 .after_vectors.init_data
                0x00000000000001fa       0x12 ./startup/startup_lpc55s69_cm33_core0.o
                0x00000000000001fa                data_init
 .after_vectors.init_bss
                0x000000000000020c       0x10 ./startup/startup_lpc55s69_cm33_core0.o
                0x000000000000020c                bss_init
 *(SORT_BY_ALIGNMENT(.text*))
 .text.DbgConsole_SendDataReliable
                0x000000000000021c       0x30 ./utilities/fsl_debug_console.o
                0x000000000000021c                DbgConsole_SendDataReliable
 .text.DbgConsole_Init
                0x000000000000024c       0x88 ./utilities/fsl_debug_console.o
                0x000000000000024c                DbgConsole_Init
 .text.DbgConsole_Vprintf
                0x00000000000002d4       0x3c ./utilities/fsl_debug_console.o
                0x00000000000002d4                DbgConsole_Vprintf
 .text.delay_ms
                0x0000000000000310       0x20 ./source/ToF_3DCam.o
                0x0000000000000310                delay_ms
 .text.cbToF_Ready
                0x0000000000000330       0x7c ./source/ToF_3DCam.o
                0x0000000000000330                cbToF_Ready
 .text.startup.main
                0x00000000000003ac       0xf0 ./source/ToF_3DCam.o
                0x00000000000003ac                main
 .text._vl53l5cx_send_offset_data
                0x000000000000049c      0x16c ./source/vl53l5cx_api.o
 .text._vl53l5cx_send_xtalk_data
                0x0000000000000608      0x120 ./source/vl53l5cx_api.o
 .text.vl53l5cx_dci_read_data
                0x0000000000000728       0xb0 ./source/vl53l5cx_api.o
                0x0000000000000728                vl53l5cx_dci_read_data
 .text.vl53l5cx_init
                0x00000000000007d8      0x5c8 ./source/vl53l5cx_api.o
                0x00000000000007d8                vl53l5cx_init
 .text.vl53l5cx_start_ranging
                0x0000000000000da0      0x144 ./source/vl53l5cx_api.o
                0x0000000000000da0                vl53l5cx_start_ranging
 .text.CLOCK_AttachClk
                0x0000000000000ee4       0x50 ./drivers/fsl_clock.o
                0x0000000000000ee4                CLOCK_AttachClk
 .text.CLOCK_SetupFROClocking
                0x0000000000000f34       0x5c ./drivers/fsl_clock.o
                0x0000000000000f34                CLOCK_SetupFROClocking
 .text.CLOCK_SetFLASHAccessCyclesForFreq
                0x0000000000000f90       0xe8 ./drivers/fsl_clock.o
                0x0000000000000f90                CLOCK_SetFLASHAccessCyclesForFreq
 .text.CLOCK_SetupExtClocking
                0x0000000000001078       0x40 ./drivers/fsl_clock.o
                0x0000000000001078                CLOCK_SetupExtClocking
 .text.CLOCK_GetFro1MFreq
                0x00000000000010b8       0x18 ./drivers/fsl_clock.o
                0x00000000000010b8                CLOCK_GetFro1MFreq
 .text.CLOCK_GetExtClkFreq
                0x00000000000010d0       0x18 ./drivers/fsl_clock.o
                0x00000000000010d0                CLOCK_GetExtClkFreq
 .text.CLOCK_GetOsc32KFreq
                0x00000000000010e8       0x38 ./drivers/fsl_clock.o
                0x00000000000010e8                CLOCK_GetOsc32KFreq
 .text.CLOCK_GetPLL0InClockRate
                0x0000000000001120       0x30 ./drivers/fsl_clock.o
                0x0000000000001120                CLOCK_GetPLL0InClockRate
 .text.CLOCK_SetPLL0Freq
                0x0000000000001150       0xb8 ./drivers/fsl_clock.o
                0x0000000000001150                CLOCK_SetPLL0Freq
 .text.SDK_DelayAtLeastUs
                0x0000000000001208       0x20 ./drivers/fsl_common_arm.o
                0x0000000000001208                SDK_DelayAtLeastUs
 .text.FLEXCOMM_GetInstance
                0x0000000000001228       0x1c ./drivers/fsl_flexcomm.o
                0x0000000000001228                FLEXCOMM_GetInstance
 .text.FLEXCOMM_Init
                0x0000000000001244       0x7c ./drivers/fsl_flexcomm.o
                0x0000000000001244                FLEXCOMM_Init
 .text.FLEXCOMM0_DriverIRQHandler
                0x00000000000012c0       0x30 ./drivers/fsl_flexcomm.o
                0x00000000000012c0                FLEXCOMM0_DriverIRQHandler
 .text.FLEXCOMM1_DriverIRQHandler
                0x00000000000012f0       0x30 ./drivers/fsl_flexcomm.o
                0x00000000000012f0                FLEXCOMM1_DriverIRQHandler
 .text.FLEXCOMM2_DriverIRQHandler
                0x0000000000001320       0x30 ./drivers/fsl_flexcomm.o
                0x0000000000001320                FLEXCOMM2_DriverIRQHandler
 .text.FLEXCOMM3_DriverIRQHandler
                0x0000000000001350       0x30 ./drivers/fsl_flexcomm.o
                0x0000000000001350                FLEXCOMM3_DriverIRQHandler
 .text.FLEXCOMM4_DriverIRQHandler
                0x0000000000001380       0x30 ./drivers/fsl_flexcomm.o
                0x0000000000001380                FLEXCOMM4_DriverIRQHandler
 .text.FLEXCOMM5_DriverIRQHandler
                0x00000000000013b0       0x30 ./drivers/fsl_flexcomm.o
                0x00000000000013b0                FLEXCOMM5_DriverIRQHandler
 .text.FLEXCOMM6_DriverIRQHandler
                0x00000000000013e0       0x30 ./drivers/fsl_flexcomm.o
                0x00000000000013e0                FLEXCOMM6_DriverIRQHandler
 .text.FLEXCOMM7_DriverIRQHandler
                0x0000000000001410       0x30 ./drivers/fsl_flexcomm.o
                0x0000000000001410                FLEXCOMM7_DriverIRQHandler
 .text.FLEXCOMM8_DriverIRQHandler
                0x0000000000001440       0x30 ./drivers/fsl_flexcomm.o
                0x0000000000001440                FLEXCOMM8_DriverIRQHandler
 .text.GPIO_PinInit
                0x0000000000001470       0x58 ./drivers/fsl_gpio.o
                0x0000000000001470                GPIO_PinInit
 .text.I2C_PendingStatusWait
                0x00000000000014c8       0x4c ./drivers/fsl_i2c.o
 .text.I2C_MasterSetBaudRate
                0x0000000000001514       0xb4 ./drivers/fsl_i2c.o
                0x0000000000001514                I2C_MasterSetBaudRate
 .text.__NVIC_ClearPendingIRQ
                0x00000000000015c8       0x20 ./drivers/fsl_pint.o
 .text.EnableIRQ.isra.0
                0x00000000000015e8       0x1c ./drivers/fsl_pint.o
 .text.PINT_Init
                0x0000000000001604       0x78 ./drivers/fsl_pint.o
                0x0000000000001604                PINT_Init
 .text.PINT_PinInterruptConfig
                0x000000000000167c       0x4c ./drivers/fsl_pint.o
                0x000000000000167c                PINT_PinInterruptConfig
 .text.PINT_EnableCallbackByIndex
                0x00000000000016c8       0x34 ./drivers/fsl_pint.o
                0x00000000000016c8                PINT_EnableCallbackByIndex
 .text.SEC_GPIO_INT0_IRQ0_DriverIRQHandler
                0x00000000000016fc       0x30 ./drivers/fsl_pint.o
                0x00000000000016fc                SEC_GPIO_INT0_IRQ0_DriverIRQHandler
 .text.SEC_GPIO_INT0_IRQ1_DriverIRQHandler
                0x000000000000172c       0x30 ./drivers/fsl_pint.o
                0x000000000000172c                SEC_GPIO_INT0_IRQ1_DriverIRQHandler
 .text.PIN_INT0_DriverIRQHandler
                0x000000000000175c       0x30 ./drivers/fsl_pint.o
                0x000000000000175c                PIN_INT0_DriverIRQHandler
 .text.PIN_INT1_DriverIRQHandler
                0x000000000000178c       0x30 ./drivers/fsl_pint.o
                0x000000000000178c                PIN_INT1_DriverIRQHandler
 .text.PIN_INT2_DriverIRQHandler
                0x00000000000017bc       0x30 ./drivers/fsl_pint.o
                0x00000000000017bc                PIN_INT2_DriverIRQHandler
 .text.PIN_INT3_DriverIRQHandler
                0x00000000000017ec       0x30 ./drivers/fsl_pint.o
                0x00000000000017ec                PIN_INT3_DriverIRQHandler
 .text.PIN_INT4_DriverIRQHandler
                0x000000000000181c       0x30 ./drivers/fsl_pint.o
                0x000000000000181c                PIN_INT4_DriverIRQHandler
 .text.PIN_INT5_DriverIRQHandler
                0x000000000000184c       0x30 ./drivers/fsl_pint.o
                0x000000000000184c                PIN_INT5_DriverIRQHandler
 .text.PIN_INT6_DriverIRQHandler
                0x000000000000187c       0x30 ./drivers/fsl_pint.o
                0x000000000000187c                PIN_INT6_DriverIRQHandler
 .text.PIN_INT7_DriverIRQHandler
                0x00000000000018ac       0x30 ./drivers/fsl_pint.o
                0x00000000000018ac                PIN_INT7_DriverIRQHandler
 .text.lowpower_set_system_voltage
                0x00000000000018dc       0xa0 ./drivers/fsl_power.o
 .text.lowpower_set_voltage_for_process
                0x000000000000197c       0x80 ./drivers/fsl_power.o
 .text.POWER_SetVoltageForFreq
                0x00000000000019fc       0x70 ./drivers/fsl_power.o
                0x00000000000019fc                POWER_SetVoltageForFreq
 .text.SystemInit
                0x0000000000001a6c       0x50 ./device/system_LPC55S69_cm33_core0.o
                0x0000000000001a6c                SystemInit
 .text.HAL_UartInit
                0x0000000000001abc       0x80 ./component/uart/fsl_adapter_usart.o
                0x0000000000001abc                HAL_UartInit
 .text.HAL_UartSendBlocking
                0x0000000000001b3c       0x18 ./component/uart/fsl_adapter_usart.o
                0x0000000000001b3c                HAL_UartSendBlocking
 .text.BOARD_InitDebugConsole
                0x0000000000001b54       0x2c ./board/board.o
                0x0000000000001b54                BOARD_InitDebugConsole
 .text.BOARD_BootClockPLL150M
                0x0000000000001b80       0xe0 ./board/clock_config.o
                0x0000000000001b80                BOARD_BootClockPLL150M
 .text.BOARD_InitPeripherals_cm33_core0
                0x0000000000001c60       0x38 ./board/peripherals.o
                0x0000000000001c60                BOARD_InitPeripherals_cm33_core0
 .text.BOARD_ToFCamPins
                0x0000000000001c98       0xd0 ./board/pin_mux.o
                0x0000000000001c98                BOARD_ToFCamPins
 .text._initio  0x0000000000001d68       0x78 /Applications/MCUXpressoIDE_11.7.0_9198/ide/plugins/com.nxp.mcuxpresso.tools.macosx_11.7.0.202209140929/tools/bin/../lib/gcc/arm-none-eabi/10.3.1/../../../../arm-none-eabi/lib/thumb/v8-m.main+fp/hard/libcr_c.a(initio.o)
                0x0000000000001d68                _initio
 .text._Cwritebuf
                0x0000000000001de0       0x6c /Applications/MCUXpressoIDE_11.7.0_9198/ide/plugins/com.nxp.mcuxpresso.tools.macosx_11.7.0.202209140929/tools/bin/../lib/gcc/arm-none-eabi/10.3.1/../../../../arm-none-eabi/lib/thumb/v8-m.main+fp/hard/libcr_c.a(_writebuf.o)
                0x0000000000001de0                _Cwritebuf
 .text.fflush   0x0000000000001e4c       0x3c /Applications/MCUXpressoIDE_11.7.0_9198/ide/plugins/com.nxp.mcuxpresso.tools.macosx_11.7.0.202209140929/tools/bin/../lib/gcc/arm-none-eabi/10.3.1/../../../../arm-none-eabi/lib/thumb/v8-m.main+fp/hard/libcr_c.a(fflush.o)
                0x0000000000001e4c                fflush
 .text.fseek    0x0000000000001e88       0xfc /Applications/MCUXpressoIDE_11.7.0_9198/ide/plugins/com.nxp.mcuxpresso.tools.macosx_11.7.0.202209140929/tools/bin/../lib/gcc/arm-none-eabi/10.3.1/../../../../arm-none-eabi/lib/thumb/v8-m.main+fp/hard/libcr_c.a(fseek.o)
                0x0000000000001e88                fseek
 .text.ftell    0x0000000000001f84       0x44 /Applications/MCUXpressoIDE_11.7.0_9198/ide/plugins/com.nxp.mcuxpresso.tools.macosx_11.7.0.202209140929/tools/bin/../lib/gcc/arm-none-eabi/10.3.1/../../../../arm-none-eabi/lib/thumb/v8-m.main+fp/hard/libcr_c.a(ftell.o)
                0x0000000000001f84                ftell
 .text.DbgConsole_PrintCallback
                0x0000000000001fc8       0x3a ./utilities/fsl_debug_console.o
 .text.DbgConsole_Printf
                0x0000000000002002       0x1a ./utilities/fsl_debug_console.o
                0x0000000000002002                DbgConsole_Printf
 .text.ConvertRadixNumToString.constprop.0
                0x000000000000201c       0x46 ./utilities/fsl_str.o
 .text.StrFormatPrintf
                0x0000000000002062      0x1c6 ./utilities/fsl_str.o
                0x0000000000002062                StrFormatPrintf
 .text.WDT_BOD_IRQHandler
                0x0000000000002228        0x8 ./startup/startup_lpc55s69_cm33_core0.o
                0x0000000000002228                WDT_BOD_IRQHandler
 .text.DMA0_IRQHandler
                0x0000000000002230        0x8 ./startup/startup_lpc55s69_cm33_core0.o
                0x0000000000002230                DMA0_IRQHandler
 .text.GINT0_IRQHandler
                0x0000000000002238        0x8 ./startup/startup_lpc55s69_cm33_core0.o
                0x0000000000002238                GINT0_IRQHandler
 .text.GINT1_IRQHandler
                0x0000000000002240        0x8 ./startup/startup_lpc55s69_cm33_core0.o
                0x0000000000002240                GINT1_IRQHandler
 .text.PIN_INT0_IRQHandler
                0x0000000000002248        0x8 ./startup/startup_lpc55s69_cm33_core0.o
                0x0000000000002248                PIN_INT0_IRQHandler
 .text.PIN_INT1_IRQHandler
                0x0000000000002250        0x8 ./startup/startup_lpc55s69_cm33_core0.o
                0x0000000000002250                PIN_INT1_IRQHandler
 .text.PIN_INT2_IRQHandler
                0x0000000000002258        0x8 ./startup/startup_lpc55s69_cm33_core0.o
                0x0000000000002258                PIN_INT2_IRQHandler
 .text.PIN_INT3_IRQHandler
                0x0000000000002260        0x8 ./startup/startup_lpc55s69_cm33_core0.o
                0x0000000000002260                PIN_INT3_IRQHandler
 .text.UTICK0_IRQHandler
                0x0000000000002268        0x8 ./startup/startup_lpc55s69_cm33_core0.o
                0x0000000000002268                UTICK0_IRQHandler
 .text.MRT0_IRQHandler
                0x0000000000002270        0x8 ./startup/startup_lpc55s69_cm33_core0.o
                0x0000000000002270                MRT0_IRQHandler
 .text.CTIMER0_IRQHandler
                0x0000000000002278        0x8 ./startup/startup_lpc55s69_cm33_core0.o
                0x0000000000002278                CTIMER0_IRQHandler
 .text.CTIMER1_IRQHandler
                0x0000000000002280        0x8 ./startup/startup_lpc55s69_cm33_core0.o
                0x0000000000002280                CTIMER1_IRQHandler
 .text.SCT0_IRQHandler
                0x0000000000002288        0x8 ./startup/startup_lpc55s69_cm33_core0.o
                0x0000000000002288                SCT0_IRQHandler
 .text.CTIMER3_IRQHandler
                0x0000000000002290        0x8 ./startup/startup_lpc55s69_cm33_core0.o
                0x0000000000002290                CTIMER3_IRQHandler
 .text.FLEXCOMM0_IRQHandler
                0x0000000000002298        0x8 ./startup/startup_lpc55s69_cm33_core0.o
                0x0000000000002298                FLEXCOMM0_IRQHandler
 .text.FLEXCOMM1_IRQHandler
                0x00000000000022a0        0x8 ./startup/startup_lpc55s69_cm33_core0.o
                0x00000000000022a0                FLEXCOMM1_IRQHandler
 .text.FLEXCOMM2_IRQHandler
                0x00000000000022a8        0x8 ./startup/startup_lpc55s69_cm33_core0.o
                0x00000000000022a8                FLEXCOMM2_IRQHandler
 .text.FLEXCOMM3_IRQHandler
                0x00000000000022b0        0x8 ./startup/startup_lpc55s69_cm33_core0.o
                0x00000000000022b0                FLEXCOMM3_IRQHandler
 .text.FLEXCOMM4_IRQHandler
                0x00000000000022b8        0x8 ./startup/startup_lpc55s69_cm33_core0.o
                0x00000000000022b8                FLEXCOMM4_IRQHandler
 .text.FLEXCOMM5_IRQHandler
                0x00000000000022c0        0x8 ./startup/startup_lpc55s69_cm33_core0.o
                0x00000000000022c0                FLEXCOMM5_IRQHandler
 .text.FLEXCOMM6_IRQHandler
                0x00000000000022c8        0x8 ./startup/startup_lpc55s69_cm33_core0.o
                0x00000000000022c8                FLEXCOMM6_IRQHandler
 .text.FLEXCOMM7_IRQHandler
                0x00000000000022d0        0x8 ./startup/startup_lpc55s69_cm33_core0.o
                0x00000000000022d0                FLEXCOMM7_IRQHandler
 .text.ADC0_IRQHandler
                0x00000000000022d8        0x8 ./startup/startup_lpc55s69_cm33_core0.o
                0x00000000000022d8                ADC0_IRQHandler
 .text.Reserved39_IRQHandler
                0x00000000000022e0        0x8 ./startup/startup_lpc55s69_cm33_core0.o
                0x00000000000022e0                Reserved39_IRQHandler
 .text.ACMP_IRQHandler
                0x00000000000022e8        0x8 ./startup/startup_lpc55s69_cm33_core0.o
                0x00000000000022e8                ACMP_IRQHandler
 .text.Reserved41_IRQHandler
                0x00000000000022f0        0x8 ./startup/startup_lpc55s69_cm33_core0.o
                0x00000000000022f0                Reserved41_IRQHandler
 .text.Reserved42_IRQHandler
                0x00000000000022f8        0x8 ./startup/startup_lpc55s69_cm33_core0.o
                0x00000000000022f8                Reserved42_IRQHandler
 .text.USB0_NEEDCLK_IRQHandler
                0x0000000000002300        0x8 ./startup/startup_lpc55s69_cm33_core0.o
                0x0000000000002300                USB0_NEEDCLK_IRQHandler
 .text.USB0_IRQHandler
                0x0000000000002308        0x8 ./startup/startup_lpc55s69_cm33_core0.o
                0x0000000000002308                USB0_IRQHandler
 .text.RTC_IRQHandler
                0x0000000000002310        0x8 ./startup/startup_lpc55s69_cm33_core0.o
                0x0000000000002310                RTC_IRQHandler
 .text.Reserved46_IRQHandler
                0x0000000000002318        0x8 ./startup/startup_lpc55s69_cm33_core0.o
                0x0000000000002318                Reserved46_IRQHandler
 .text.MAILBOX_IRQHandler
                0x0000000000002320        0x8 ./startup/startup_lpc55s69_cm33_core0.o
                0x0000000000002320                MAILBOX_IRQHandler
 .text.PIN_INT4_IRQHandler
                0x0000000000002328        0x8 ./startup/startup_lpc55s69_cm33_core0.o
                0x0000000000002328                PIN_INT4_IRQHandler
 .text.PIN_INT5_IRQHandler
                0x0000000000002330        0x8 ./startup/startup_lpc55s69_cm33_core0.o
                0x0000000000002330                PIN_INT5_IRQHandler
 .text.PIN_INT6_IRQHandler
                0x0000000000002338        0x8 ./startup/startup_lpc55s69_cm33_core0.o
                0x0000000000002338                PIN_INT6_IRQHandler
 .text.PIN_INT7_IRQHandler
                0x0000000000002340        0x8 ./startup/startup_lpc55s69_cm33_core0.o
                0x0000000000002340                PIN_INT7_IRQHandler
 .text.CTIMER2_IRQHandler
                0x0000000000002348        0x8 ./startup/startup_lpc55s69_cm33_core0.o
                0x0000000000002348                CTIMER2_IRQHandler
 .text.CTIMER4_IRQHandler
                0x0000000000002350        0x8 ./startup/startup_lpc55s69_cm33_core0.o
                0x0000000000002350                CTIMER4_IRQHandler
 .text.OS_EVENT_IRQHandler
                0x0000000000002358        0x8 ./startup/startup_lpc55s69_cm33_core0.o
                0x0000000000002358                OS_EVENT_IRQHandler
 .text.Reserved55_IRQHandler
                0x0000000000002360        0x8 ./startup/startup_lpc55s69_cm33_core0.o
                0x0000000000002360                Reserved55_IRQHandler
 .text.Reserved56_IRQHandler
                0x0000000000002368        0x8 ./startup/startup_lpc55s69_cm33_core0.o
                0x0000000000002368                Reserved56_IRQHandler
 .text.Reserved57_IRQHandler
                0x0000000000002370        0x8 ./startup/startup_lpc55s69_cm33_core0.o
                0x0000000000002370                Reserved57_IRQHandler
 .text.SDIO_IRQHandler
                0x0000000000002378        0x8 ./startup/startup_lpc55s69_cm33_core0.o
                0x0000000000002378                SDIO_IRQHandler
 .text.Reserved59_IRQHandler
                0x0000000000002380        0x8 ./startup/startup_lpc55s69_cm33_core0.o
                0x0000000000002380                Reserved59_IRQHandler
 .text.Reserved60_IRQHandler
                0x0000000000002388        0x8 ./startup/startup_lpc55s69_cm33_core0.o
                0x0000000000002388                Reserved60_IRQHandler
 .text.Reserved61_IRQHandler
                0x0000000000002390        0x8 ./startup/startup_lpc55s69_cm33_core0.o
                0x0000000000002390                Reserved61_IRQHandler
 .text.USB1_PHY_IRQHandler
                0x0000000000002398        0x8 ./startup/startup_lpc55s69_cm33_core0.o
                0x0000000000002398                USB1_PHY_IRQHandler
 .text.USB1_IRQHandler
                0x00000000000023a0        0x8 ./startup/startup_lpc55s69_cm33_core0.o
                0x00000000000023a0                USB1_IRQHandler
 .text.USB1_NEEDCLK_IRQHandler
                0x00000000000023a8        0x8 ./startup/startup_lpc55s69_cm33_core0.o
                0x00000000000023a8                USB1_NEEDCLK_IRQHandler
 .text.SEC_HYPERVISOR_CALL_IRQHandler
                0x00000000000023b0        0x8 ./startup/startup_lpc55s69_cm33_core0.o
                0x00000000000023b0                SEC_HYPERVISOR_CALL_IRQHandler
 .text.SEC_GPIO_INT0_IRQ0_IRQHandler
                0x00000000000023b8        0x8 ./startup/startup_lpc55s69_cm33_core0.o
                0x00000000000023b8                SEC_GPIO_INT0_IRQ0_IRQHandler
 .text.SEC_GPIO_INT0_IRQ1_IRQHandler
                0x00000000000023c0        0x8 ./startup/startup_lpc55s69_cm33_core0.o
                0x00000000000023c0                SEC_GPIO_INT0_IRQ1_IRQHandler
 .text.PLU_IRQHandler
                0x00000000000023c8        0x8 ./startup/startup_lpc55s69_cm33_core0.o
                0x00000000000023c8                PLU_IRQHandler
 .text.SEC_VIO_IRQHandler
                0x00000000000023d0        0x8 ./startup/startup_lpc55s69_cm33_core0.o
                0x00000000000023d0                SEC_VIO_IRQHandler
 .text.HASHCRYPT_IRQHandler
                0x00000000000023d8        0x8 ./startup/startup_lpc55s69_cm33_core0.o
                0x00000000000023d8                HASHCRYPT_IRQHandler
 .text.CASER_IRQHandler
                0x00000000000023e0        0x8 ./startup/startup_lpc55s69_cm33_core0.o
                0x00000000000023e0                CASER_IRQHandler
 .text.PUF_IRQHandler
                0x00000000000023e8        0x8 ./startup/startup_lpc55s69_cm33_core0.o
                0x00000000000023e8                PUF_IRQHandler
 .text.PQ_IRQHandler
                0x00000000000023f0        0x8 ./startup/startup_lpc55s69_cm33_core0.o
                0x00000000000023f0                PQ_IRQHandler
 .text.DMA1_IRQHandler
                0x00000000000023f8        0x8 ./startup/startup_lpc55s69_cm33_core0.o
                0x00000000000023f8                DMA1_IRQHandler
 .text.FLEXCOMM8_IRQHandler
                0x0000000000002400        0x8 ./startup/startup_lpc55s69_cm33_core0.o
                0x0000000000002400                FLEXCOMM8_IRQHandler
 .text.RdByte   0x0000000000002408       0x54 ./source/platform.o
                0x0000000000002408                RdByte
 .text.WrByte   0x000000000000245c       0x3c ./source/platform.o
                0x000000000000245c                WrByte
 .text.WrMulti  0x0000000000002498       0x4c ./source/platform.o
                0x0000000000002498                WrMulti
 .text.RdMulti  0x00000000000024e4       0x56 ./source/platform.o
                0x00000000000024e4                RdMulti
 .text.SwapBuffer
                0x000000000000253a       0x38 ./source/platform.o
                0x000000000000253a                SwapBuffer
 .text.WaitMs   0x0000000000002572       0x1e ./source/platform.o
                0x0000000000002572                WaitMs
 .text.HardFault_Handler
                0x0000000000002590       0x2a ./source/semihost_hardfault.o
                0x0000000000002590                HardFault_Handler
 .text._vl53l5cx_poll_for_answer
                0x00000000000025ba       0x78 ./source/vl53l5cx_api.o
 .text.vl53l5cx_is_alive
                0x0000000000002632       0x60 ./source/vl53l5cx_api.o
                0x0000000000002632                vl53l5cx_is_alive
 .text.vl53l5cx_get_ranging_data
                0x0000000000002692      0x1b8 ./source/vl53l5cx_api.o
                0x0000000000002692                vl53l5cx_get_ranging_data
 .text.vl53l5cx_get_resolution
                0x000000000000284a       0x24 ./source/vl53l5cx_api.o
                0x000000000000284a                vl53l5cx_get_resolution
 .text.vl53l5cx_dci_write_data
                0x000000000000286e       0xde ./source/vl53l5cx_api.o
                0x000000000000286e                vl53l5cx_dci_write_data
 .text.vl53l5cx_set_resolution
                0x000000000000294c       0xec ./source/vl53l5cx_api.o
                0x000000000000294c                vl53l5cx_set_resolution
 .text.vl53l5cx_set_ranging_mode
                0x0000000000002a38       0x6e ./source/vl53l5cx_api.o
                0x0000000000002a38                vl53l5cx_set_ranging_mode
 .text.vl53l5cx_dci_replace_data
                0x0000000000002aa6       0x36 ./source/vl53l5cx_api.o
                0x0000000000002aa6                vl53l5cx_dci_replace_data
 .text.vl53l5cx_set_ranging_frequency_hz
                0x0000000000002adc       0x26 ./source/vl53l5cx_api.o
                0x0000000000002adc                vl53l5cx_set_ranging_frequency_hz
 .text.findPll0PreDiv
                0x0000000000002b02       0x1e ./drivers/fsl_clock.o
 .text.CLOCK_SetClkDiv
                0x0000000000002b20       0x34 ./drivers/fsl_clock.o
                0x0000000000002b20                CLOCK_SetClkDiv
 .text.I2C_GetStatusFlags
                0x0000000000002b54       0x48 ./drivers/fsl_i2c.o
                0x0000000000002b54                I2C_GetStatusFlags
 .text.I2C_MasterSetTimeoutValue
                0x0000000000002b9c       0x2e ./drivers/fsl_i2c.o
                0x0000000000002b9c                I2C_MasterSetTimeoutValue
 .text.I2C_MasterInit
                0x0000000000002bca       0x46 ./drivers/fsl_i2c.o
                0x0000000000002bca                I2C_MasterInit
 .text.I2C_MasterStart
                0x0000000000002c10       0x22 ./drivers/fsl_i2c.o
                0x0000000000002c10                I2C_MasterStart
 .text.I2C_MasterStop
                0x0000000000002c32       0x12 ./drivers/fsl_i2c.o
                0x0000000000002c32                I2C_MasterStop
 .text.I2C_MasterWriteBlocking
                0x0000000000002c44       0x6a ./drivers/fsl_i2c.o
                0x0000000000002c44                I2C_MasterWriteBlocking
 .text.I2C_MasterReadBlocking
                0x0000000000002cae       0x62 ./drivers/fsl_i2c.o
                0x0000000000002cae                I2C_MasterReadBlocking
 .text.INPUTMUX_AttachSignal
                0x0000000000002d10        0xe ./drivers/fsl_inputmux.o
                0x0000000000002d10                INPUTMUX_AttachSignal
 .text.PINT_PatternMatchResetDetectLogic
                0x0000000000002d1e        0xe ./drivers/fsl_pint.o
                0x0000000000002d1e                PINT_PatternMatchResetDetectLogic
 .text.PINT_PinInterruptClrStatus
                0x0000000000002d2c       0x16 ./drivers/fsl_pint.o
                0x0000000000002d2c                PINT_PinInterruptClrStatus
 .text.RESET_SetPeripheralReset
                0x0000000000002d42       0x1c ./drivers/fsl_reset.o
                0x0000000000002d42                RESET_SetPeripheralReset
 .text.RESET_ClearPeripheralReset
                0x0000000000002d5e       0x1e ./drivers/fsl_reset.o
                0x0000000000002d5e                RESET_ClearPeripheralReset
 .text.RESET_PeripheralReset
                0x0000000000002d7c        0xe ./drivers/fsl_reset.o
                0x0000000000002d7c                RESET_PeripheralReset
 .text.USART_GetDefaultConfig
                0x0000000000002d8a       0x22 ./drivers/fsl_usart.o
                0x0000000000002d8a                USART_GetDefaultConfig
 .text.USART_SetBaudRate
                0x0000000000002dac       0xb2 ./drivers/fsl_usart.o
                0x0000000000002dac                USART_SetBaudRate
 .text.USART_Init
                0x0000000000002e5e      0x132 ./drivers/fsl_usart.o
                0x0000000000002e5e                USART_Init
 .text.USART_WriteBlocking
                0x0000000000002f90       0x32 ./drivers/fsl_usart.o
                0x0000000000002f90                USART_WriteBlocking
 .text.SystemInitHook
                0x0000000000002fc2        0x2 ./device/system_LPC55S69_cm33_core0.o
                0x0000000000002fc2                SystemInitHook
 .text.SerialManager_Init
                0x0000000000002fc4       0x2a ./component/serial_manager/fsl_component_serial_manager.o
                0x0000000000002fc4                SerialManager_Init
 .text.SerialManager_OpenWriteHandle
                0x0000000000002fee       0x26 ./component/serial_manager/fsl_component_serial_manager.o
                0x0000000000002fee                SerialManager_OpenWriteHandle
 .text.SerialManager_OpenReadHandle
                0x0000000000003014       0x2c ./component/serial_manager/fsl_component_serial_manager.o
                0x0000000000003014                SerialManager_OpenReadHandle
 .text.SerialManager_WriteBlocking
                0x0000000000003040       0x14 ./component/serial_manager/fsl_component_serial_manager.o
                0x0000000000003040                SerialManager_WriteBlocking
 .text.Serial_UartInit
                0x0000000000003054        0x4 ./component/serial_manager/fsl_component_serial_port_uart.o
                0x0000000000003054                Serial_UartInit
 .text.Serial_UartWrite
                0x0000000000003058        0x4 ./component/serial_manager/fsl_component_serial_port_uart.o
                0x0000000000003058                Serial_UartWrite
 .text.BOARD_InitBootClocks
                0x000000000000305c        0x4 ./board/clock_config.o
                0x000000000000305c                BOARD_InitBootClocks
 .text.BOARD_InitBootPeripherals
                0x0000000000003060        0x4 ./board/peripherals.o
                0x0000000000003060                BOARD_InitBootPeripherals
 .text.BOARD_InitDEBUG_UARTPins
                0x0000000000003064       0x1a ./board/pin_mux.o
                0x0000000000003064                BOARD_InitDEBUG_UARTPins
 .text.BOARD_InitBootPins
                0x000000000000307e        0xe ./board/pin_mux.o
                0x000000000000307e                BOARD_InitBootPins
 .text.__main   0x000000000000308c        0xe /Applications/MCUXpressoIDE_11.7.0_9198/ide/plugins/com.nxp.mcuxpresso.tools.macosx_11.7.0.202209140929/tools/bin/../lib/gcc/arm-none-eabi/10.3.1/../../../../arm-none-eabi/lib/thumb/v8-m.main+fp/hard/libcr_nohost_nf.a(_cr__main.o)
                0x000000000000308c                __main
 .text.memcpy   0x000000000000309a        0x4 /Applications/MCUXpressoIDE_11.7.0_9198/ide/plugins/com.nxp.mcuxpresso.tools.macosx_11.7.0.202209140929/tools/bin/../lib/gcc/arm-none-eabi/10.3.1/../../../../arm-none-eabi/lib/thumb/v8-m.main+fp/hard/libcr_c.a(memcpy.o)
                0x000000000000309a                memcpy
 .text.memset   0x000000000000309e        0x4 /Applications/MCUXpressoIDE_11.7.0_9198/ide/plugins/com.nxp.mcuxpresso.tools.macosx_11.7.0.202209140929/tools/bin/../lib/gcc/arm-none-eabi/10.3.1/../../../../arm-none-eabi/lib/thumb/v8-m.main+fp/hard/libcr_c.a(memset.o)
                0x000000000000309e                memset
 .text.free     0x00000000000030a2       0x30 /Applications/MCUXpressoIDE_11.7.0_9198/ide/plugins/com.nxp.mcuxpresso.tools.macosx_11.7.0.202209140929/tools/bin/../lib/gcc/arm-none-eabi/10.3.1/../../../../arm-none-eabi/lib/thumb/v8-m.main+fp/hard/libcr_c.a(alloc.o)
                0x00000000000030a2                free
 .text.setvbuf  0x00000000000030d2       0x3e /Applications/MCUXpressoIDE_11.7.0_9198/ide/plugins/com.nxp.mcuxpresso.tools.macosx_11.7.0.202209140929/tools/bin/../lib/gcc/arm-none-eabi/10.3.1/../../../../arm-none-eabi/lib/thumb/v8-m.main+fp/hard/libcr_c.a(setvbuf.o)
                0x00000000000030d2                setvbuf
 .text.strlen   0x0000000000003110       0x48 /Applications/MCUXpressoIDE_11.7.0_9198/ide/plugins/com.nxp.mcuxpresso.tools.macosx_11.7.0.202209140929/tools/bin/../lib/gcc/arm-none-eabi/10.3.1/../../../../arm-none-eabi/lib/thumb/v8-m.main+fp/hard/libcr_c.a(strlen.o)
                0x0000000000003110                strlen
 .text._deferredlazyseek
                0x0000000000003158       0x40 /Applications/MCUXpressoIDE_11.7.0_9198/ide/plugins/com.nxp.mcuxpresso.tools.macosx_11.7.0.202209140929/tools/bin/../lib/gcc/arm-none-eabi/10.3.1/../../../../arm-none-eabi/lib/thumb/v8-m.main+fp/hard/libcr_c.a(_deferredlazyseek.o)
                0x0000000000003158                _deferredlazyseek
 .text._fdopen  0x0000000000003198       0x68 /Applications/MCUXpressoIDE_11.7.0_9198/ide/plugins/com.nxp.mcuxpresso.tools.macosx_11.7.0.202209140929/tools/bin/../lib/gcc/arm-none-eabi/10.3.1/../../../../arm-none-eabi/lib/thumb/v8-m.main+fp/hard/libcr_c.a(_fdopen.o)
                0x0000000000003198                _fdopen
 .text._fflush  0x0000000000003200       0x52 /Applications/MCUXpressoIDE_11.7.0_9198/ide/plugins/com.nxp.mcuxpresso.tools.macosx_11.7.0.202209140929/tools/bin/../lib/gcc/arm-none-eabi/10.3.1/../../../../arm-none-eabi/lib/thumb/v8-m.main+fp/hard/libcr_c.a(_fflush.o)
                0x0000000000003200                _fflush
 .text.fclose   0x0000000000003252       0x58 /Applications/MCUXpressoIDE_11.7.0_9198/ide/plugins/com.nxp.mcuxpresso.tools.macosx_11.7.0.202209140929/tools/bin/../lib/gcc/arm-none-eabi/10.3.1/../../../../arm-none-eabi/lib/thumb/v8-m.main+fp/hard/libcr_c.a(fclose.o)
                0x0000000000003252                fclose
 .text.remove   0x00000000000032aa       0x14 /Applications/MCUXpressoIDE_11.7.0_9198/ide/plugins/com.nxp.mcuxpresso.tools.macosx_11.7.0.202209140929/tools/bin/../lib/gcc/arm-none-eabi/10.3.1/../../../../arm-none-eabi/lib/thumb/v8-m.main+fp/hard/libcr_c.a(remove.o)
                0x00000000000032aa                remove
 .text._do_fflush
                0x00000000000032be       0x40 /Applications/MCUXpressoIDE_11.7.0_9198/ide/plugins/com.nxp.mcuxpresso.tools.macosx_11.7.0.202209140929/tools/bin/../lib/gcc/arm-none-eabi/10.3.1/../../../../arm-none-eabi/lib/thumb/v8-m.main+fp/hard/libcr_c.a(_do_fflush.o)
                0x00000000000032be                _do_fflush
 .text.__aeabi_division_uldivmod
                0x00000000000032fe      0x174 /Applications/MCUXpressoIDE_11.7.0_9198/ide/plugins/com.nxp.mcuxpresso.tools.macosx_11.7.0.202209140929/tools/bin/../lib/gcc/arm-none-eabi/10.3.1/thumb/v8-m.main+fp/hard/libcr_eabihelpers.a(division_64.o)
                0x00000000000032fe                __aeabi_uldivmod
                0x0000000000003302                __bhs_ldivmod1
 .text.__aeabi_division_idiv0
                0x0000000000003472        0x2 /Applications/MCUXpressoIDE_11.7.0_9198/ide/plugins/com.nxp.mcuxpresso.tools.macosx_11.7.0.202209140929/tools/bin/../lib/gcc/arm-none-eabi/10.3.1/thumb/v8-m.main+fp/hard/libcr_eabihelpers.a(division_idiv0.o)
                0x0000000000003472                __aeabi_idiv0
 .text.__aeabi_memcpy
                0x0000000000003474       0x34 /Applications/MCUXpressoIDE_11.7.0_9198/ide/plugins/com.nxp.mcuxpresso.tools.macosx_11.7.0.202209140929/tools/bin/../lib/gcc/arm-none-eabi/10.3.1/thumb/v8-m.main+fp/hard/libcr_eabihelpers.a(memcpy.o)
                0x0000000000003474                __aeabi_memcpy
                0x000000000000347e                __aeabi_memcpy4
                0x000000000000347e                __aeabi_memcpy8
 .text.__aeabi_memset_lowlevel
                0x00000000000034a8       0x32 /Applications/MCUXpressoIDE_11.7.0_9198/ide/plugins/com.nxp.mcuxpresso.tools.macosx_11.7.0.202209140929/tools/bin/../lib/gcc/arm-none-eabi/10.3.1/thumb/v8-m.main+fp/hard/libcr_eabihelpers.a(memcpy.o)
                0x00000000000034a8                __aeabi_lowlevel_memset
 .text.__sys_close
                0x00000000000034da        0x6 /Applications/MCUXpressoIDE_11.7.0_9198/ide/plugins/com.nxp.mcuxpresso.tools.macosx_11.7.0.202209140929/tools/bin/../lib/gcc/arm-none-eabi/10.3.1/../../../../arm-none-eabi/lib/thumb/v8-m.main+fp/hard/libcr_nohost_nf.a(__sys_close.o)
                0x00000000000034da                __sys_close
 .text.__sys_flen
                0x00000000000034e0        0x6 /Applications/MCUXpressoIDE_11.7.0_9198/ide/plugins/com.nxp.mcuxpresso.tools.macosx_11.7.0.202209140929/tools/bin/../lib/gcc/arm-none-eabi/10.3.1/../../../../arm-none-eabi/lib/thumb/v8-m.main+fp/hard/libcr_nohost_nf.a(__sys_flen.o)
                0x00000000000034e0                __sys_flen
 .text.__sys_istty
                0x00000000000034e6        0x6 /Applications/MCUXpressoIDE_11.7.0_9198/ide/plugins/com.nxp.mcuxpresso.tools.macosx_11.7.0.202209140929/tools/bin/../lib/gcc/arm-none-eabi/10.3.1/../../../../arm-none-eabi/lib/thumb/v8-m.main+fp/hard/libcr_nohost_nf.a(__sys_istty.o)
                0x00000000000034e6                __sys_istty
 .text.__sys_remove
                0x00000000000034ec        0x6 /Applications/MCUXpressoIDE_11.7.0_9198/ide/plugins/com.nxp.mcuxpresso.tools.macosx_11.7.0.202209140929/tools/bin/../lib/gcc/arm-none-eabi/10.3.1/../../../../arm-none-eabi/lib/thumb/v8-m.main+fp/hard/libcr_nohost_nf.a(__sys_remove.o)
                0x00000000000034ec                __sys_remove
 .text.__sys_seek
                0x00000000000034f2        0x6 /Applications/MCUXpressoIDE_11.7.0_9198/ide/plugins/com.nxp.mcuxpresso.tools.macosx_11.7.0.202209140929/tools/bin/../lib/gcc/arm-none-eabi/10.3.1/../../../../arm-none-eabi/lib/thumb/v8-m.main+fp/hard/libcr_nohost_nf.a(__sys_seek.o)
                0x00000000000034f2                __sys_seek
 .text.__sys_tmpnam
                0x00000000000034f8        0x6 /Applications/MCUXpressoIDE_11.7.0_9198/ide/plugins/com.nxp.mcuxpresso.tools.macosx_11.7.0.202209140929/tools/bin/../lib/gcc/arm-none-eabi/10.3.1/../../../../arm-none-eabi/lib/thumb/v8-m.main+fp/hard/libcr_nohost_nf.a(__sys_tmpnam.o)
                0x00000000000034f8                __sys_tmpnam
 .text.__sys_write
                0x00000000000034fe        0x4 /Applications/MCUXpressoIDE_11.7.0_9198/ide/plugins/com.nxp.mcuxpresso.tools.macosx_11.7.0.202209140929/tools/bin/../lib/gcc/arm-none-eabi/10.3.1/../../../../arm-none-eabi/lib/thumb/v8-m.main+fp/hard/libcr_nohost_nf.a(__sys_write.o)
                0x00000000000034fe                __sys_write
 *(SORT_BY_ALIGNMENT(.rodata) SORT_BY_ALIGNMENT(.rodata.*) SORT_BY_ALIGNMENT(.constdata) SORT_BY_ALIGNMENT(.constdata.*))
 *fill*         0x0000000000003502        0x2 ff
 .rodata        0x0000000000003504       0x64 ./source/vl53l5cx_api.o
 .rodata.s_flexcommBaseAddrs
                0x0000000000003568       0x24 ./drivers/fsl_flexcomm.o
 .rodata.s_flexcommResets
                0x000000000000358c       0x24 ./drivers/fsl_flexcomm.o
 .rodata.s_UsartAdapterBase
                0x00000000000035b0       0x20 ./component/uart/fsl_adapter_usart.o
 .rodata.FLEXCOMM4_config
                0x00000000000035d0        0xc ./board/peripherals.o
                0x00000000000035d0                FLEXCOMM4_config
 .rodata.__num_Ciob_streams
                0x00000000000035dc        0x4 /Applications/MCUXpressoIDE_11.7.0_9198/ide/plugins/com.nxp.mcuxpresso.tools.macosx_11.7.0.202209140929/tools/bin/../lib/gcc/arm-none-eabi/10.3.1/../../../../arm-none-eabi/lib/thumb/v8-m.main+fp/hard/libcr_nohost_nf.a(__ciob.o)
                0x00000000000035dc                __num_Ciob_streams
 .rodata.s_flexcommClocks
                0x00000000000035e0       0x12 ./drivers/fsl_flexcomm.o
 .rodata.s_gpioClockName
                0x00000000000035f2        0x8 ./drivers/fsl_gpio.o
 .rodata.cbToF_Ready.str1.1
                0x00000000000035fa       0x2e ./source/ToF_3DCam.o
                                         0x31 (size before relaxing)
 .rodata.main.str1.1
                0x0000000000003628       0xb3 ./source/ToF_3DCam.o
 .rodata._vl53l5cx_send_xtalk_data.str1.1
                0x00000000000036db        0x9 ./source/vl53l5cx_api.o
 .rodata.VL53L5CX_DEFAULT_CONFIGURATION
                0x00000000000036e4      0x3cc ./source/vl53l5cx_api.o
                0x00000000000036e4                VL53L5CX_DEFAULT_CONFIGURATION
 .rodata.VL53L5CX_DEFAULT_XTALK
                0x0000000000003ab0      0x308 ./source/vl53l5cx_api.o
                0x0000000000003ab0                VL53L5CX_DEFAULT_XTALK
 .rodata.VL53L5CX_FIRMWARE
                0x0000000000003db8    0x15000 ./source/vl53l5cx_api.o
                0x0000000000003db8                VL53L5CX_FIRMWARE
 .rodata.VL53L5CX_GET_NVM_CMD
                0x0000000000018db8       0x28 ./source/vl53l5cx_api.o
                0x0000000000018db8                VL53L5CX_GET_NVM_CMD
 .rodata.s_pintIRQ
                0x0000000000018de0        0xa ./drivers/fsl_pint.o
 .rodata._initio.str1.1
                0x0000000000018dea        0x4 /Applications/MCUXpressoIDE_11.7.0_9198/ide/plugins/com.nxp.mcuxpresso.tools.macosx_11.7.0.202209140929/tools/bin/../lib/gcc/arm-none-eabi/10.3.1/../../../../arm-none-eabi/lib/thumb/v8-m.main+fp/hard/libcr_c.a(initio.o)
                0x0000000000018df0                . = ALIGN (0x4)
 *fill*         0x0000000000018dee        0x2 ff

.glue_7         0x0000000000018df0        0x0
 .glue_7        0x0000000000018df0        0x0 linker stubs

.glue_7t        0x0000000000018df0        0x0
 .glue_7t       0x0000000000018df0        0x0 linker stubs

.vfp11_veneer   0x0000000000018df0        0x0
 .vfp11_veneer  0x0000000000018df0        0x0 linker stubs

.v4_bx          0x0000000000018df0        0x0
 .v4_bx         0x0000000000018df0        0x0 linker stubs

.iplt           0x0000000000018df0        0x0
 .iplt          0x0000000000018df0        0x0 ./utilities/fsl_debug_console.o

.rel.dyn        0x0000000000018df0        0x0
 .rel.iplt      0x0000000000018df0        0x0 ./utilities/fsl_debug_console.o

.ARM.extab
 *(SORT_BY_ALIGNMENT(.ARM.extab*) SORT_BY_ALIGNMENT(.gnu.linkonce.armextab.*))

.ARM.exidx      0x0000000000018df0        0x0
                0x0000000000018df0                __exidx_start = .
 *(SORT_BY_ALIGNMENT(.ARM.exidx*) SORT_BY_ALIGNMENT(.gnu.linkonce.armexidx.*))
                0x0000000000018df0                __exidx_end = .
                0x0000000000018df0                _etext = .

.m_usb_data
 *(SORT_BY_ALIGNMENT(m_usb_global))

.data_RAM2      0x0000000004000000        0x0 load address 0x0000000000018df0
 FILL mask 0xff
                [!provide]                        PROVIDE (__start_data_RAM2 = .)
                [!provide]                        PROVIDE (__start_data_SRAMX = .)
 *(SORT_BY_ALIGNMENT(.ramfunc.$RAM2))
 *(SORT_BY_ALIGNMENT(.ramfunc.$SRAMX))
 *(SORT_BY_ALIGNMENT(.data.$RAM2))
 *(SORT_BY_ALIGNMENT(.data.$SRAMX))
 *(SORT_BY_ALIGNMENT(.data.$RAM2.*))
 *(SORT_BY_ALIGNMENT(.data.$SRAMX.*))
                0x0000000004000000                . = ALIGN (0x4)
                [!provide]                        PROVIDE (__end_data_RAM2 = .)
                [!provide]                        PROVIDE (__end_data_SRAMX = .)

.data_RAM3      0x0000000040100000        0x0 load address 0x0000000000018df0
 FILL mask 0xff
                [!provide]                        PROVIDE (__start_data_RAM3 = .)
                [!provide]                        PROVIDE (__start_data_USB_RAM = .)
 *(SORT_BY_ALIGNMENT(.ramfunc.$RAM3))
 *(SORT_BY_ALIGNMENT(.ramfunc.$USB_RAM))
 *(SORT_BY_ALIGNMENT(.data.$RAM3))
 *(SORT_BY_ALIGNMENT(.data.$USB_RAM))
 *(SORT_BY_ALIGNMENT(.data.$RAM3.*))
 *(SORT_BY_ALIGNMENT(.data.$USB_RAM.*))
                0x0000000040100000                . = ALIGN (0x4)
                [!provide]                        PROVIDE (__end_data_RAM3 = .)
                [!provide]                        PROVIDE (__end_data_USB_RAM = .)

.data_RAM4      0x0000000020040000        0x0 load address 0x0000000000018df0
 FILL mask 0xff
                [!provide]                        PROVIDE (__start_data_RAM4 = .)
                [!provide]                        PROVIDE (__start_data_SRAM4 = .)
 *(SORT_BY_ALIGNMENT(.ramfunc.$RAM4))
 *(SORT_BY_ALIGNMENT(.ramfunc.$SRAM4))
 *(SORT_BY_ALIGNMENT(.data.$RAM4))
 *(SORT_BY_ALIGNMENT(.data.$SRAM4))
 *(SORT_BY_ALIGNMENT(.data.$RAM4.*))
 *(SORT_BY_ALIGNMENT(.data.$SRAM4.*))
                0x0000000020040000                . = ALIGN (0x4)
                [!provide]                        PROVIDE (__end_data_RAM4 = .)
                [!provide]                        PROVIDE (__end_data_SRAM4 = .)

.uninit_RESERVED
                0x0000000020000000        0x0
                0x0000000020000000                _start_uninit_RESERVED = .
 *(SORT_BY_ALIGNMENT(.bss.$RESERVED*))
                0x0000000020000000                . = ALIGN (0x4)
                0x0000000020000000                _end_uninit_RESERVED = .

.data           0x0000000020000000        0x8 load address 0x0000000000018df0
 FILL mask 0xff
                0x0000000020000000                _data = .
                [!provide]                        PROVIDE (__start_data_RAM = .)
                [!provide]                        PROVIDE (__start_data_SRAM = .)
 *(SORT_BY_ALIGNMENT(vtable))
 *(SORT_BY_ALIGNMENT(.ramfunc*))
 *(SORT_BY_ALIGNMENT(CodeQuickAccess))
 *(SORT_BY_ALIGNMENT(DataQuickAccess))
 *(SORT_BY_ALIGNMENT(RamFunction))
 *(SORT_BY_ALIGNMENT(.data*))
 .data.s_Ext_Clk_Freq
                0x0000000020000000        0x4 ./drivers/fsl_clock.o
 .data.SystemCoreClock
                0x0000000020000004        0x4 ./device/system_LPC55S69_cm33_core0.o
                0x0000000020000004                SystemCoreClock
                0x0000000020000008                . = ALIGN (0x4)
                0x0000000020000008                _edata = .
                [!provide]                        PROVIDE (__end_data_RAM = .)
                [!provide]                        PROVIDE (__end_data_SRAM = .)

.igot.plt       0x0000000020000008        0x0 load address 0x0000000000018df8
 .igot.plt      0x0000000020000008        0x0 ./utilities/fsl_debug_console.o

.bss_RAM2       0x0000000004000000        0x0
                [!provide]                        PROVIDE (__start_bss_RAM2 = .)
                [!provide]                        PROVIDE (__start_bss_SRAMX = .)
 *(SORT_BY_ALIGNMENT(.bss.$RAM2))
 *(SORT_BY_ALIGNMENT(.bss.$SRAMX))
 *(SORT_BY_ALIGNMENT(.bss.$RAM2.*))
 *(SORT_BY_ALIGNMENT(.bss.$SRAMX.*))
                0x0000000004000000                . = ALIGN ((. != 0x0)?0x4:0x1)
                [!provide]                        PROVIDE (__end_bss_RAM2 = .)
                [!provide]                        PROVIDE (__end_bss_SRAMX = .)

.bss_RAM3       0x0000000040100000        0x0
                [!provide]                        PROVIDE (__start_bss_RAM3 = .)
                [!provide]                        PROVIDE (__start_bss_USB_RAM = .)
 *(SORT_BY_ALIGNMENT(.bss.$RAM3))
 *(SORT_BY_ALIGNMENT(.bss.$USB_RAM))
 *(SORT_BY_ALIGNMENT(.bss.$RAM3.*))
 *(SORT_BY_ALIGNMENT(.bss.$USB_RAM.*))
                0x0000000040100000                . = ALIGN ((. != 0x0)?0x4:0x1)
                [!provide]                        PROVIDE (__end_bss_RAM3 = .)
                [!provide]                        PROVIDE (__end_bss_USB_RAM = .)

.bss_RAM4       0x0000000020040000        0x0
                [!provide]                        PROVIDE (__start_bss_RAM4 = .)
                [!provide]                        PROVIDE (__start_bss_SRAM4 = .)
 *(SORT_BY_ALIGNMENT(.bss.$RAM4))
 *(SORT_BY_ALIGNMENT(.bss.$SRAM4))
 *(SORT_BY_ALIGNMENT(.bss.$RAM4.*))
 *(SORT_BY_ALIGNMENT(.bss.$SRAM4.*))
                0x0000000020040000                . = ALIGN ((. != 0x0)?0x4:0x1)
                [!provide]                        PROVIDE (__end_bss_RAM4 = .)
                [!provide]                        PROVIDE (__end_bss_SRAM4 = .)

.bss            0x0000000020000008     0x114c
                0x0000000020000008                _bss = .
                [!provide]                        PROVIDE (__start_bss_RAM = .)
                [!provide]                        PROVIDE (__start_bss_SRAM = .)
 *(SORT_BY_ALIGNMENT(.bss*))
 .bss.g_serialHandle
                0x0000000020000008        0x4 ./utilities/fsl_debug_console.o
                0x0000000020000008                g_serialHandle
 .bss.s_debugConsoleState
                0x000000002000000c       0x20 ./utilities/fsl_debug_console.o
 .bss.Dev       0x000000002000002c      0xaa8 ./source/ToF_3DCam.o
                0x000000002000002c                Dev
 .bss.Results   0x0000000020000ad4      0x54c ./source/ToF_3DCam.o
                0x0000000020000ad4                Results
 .bss.status    0x0000000020001020        0x4 ./source/ToF_3DCam.o
                0x0000000020001020                status
 .bss.s_Pll0_Freq
                0x0000000020001024        0x4 ./drivers/fsl_clock.o
 .bss.s_flexcommHandle
                0x0000000020001028       0x24 ./drivers/fsl_flexcomm.o
 .bss.s_flexcommIrqHandler
                0x000000002000104c       0x24 ./drivers/fsl_flexcomm.o
 .bss.s_pintCallback
                0x0000000020001070       0x20 ./drivers/fsl_pint.o
 .bss.s_secpintCallback
                0x0000000020001090        0x8 ./drivers/fsl_pint.o
 .bss.errno     0x0000000020001098        0x4 /Applications/MCUXpressoIDE_11.7.0_9198/ide/plugins/com.nxp.mcuxpresso.tools.macosx_11.7.0.202209140929/tools/bin/../lib/gcc/arm-none-eabi/10.3.1/../../../../arm-none-eabi/lib/thumb/v8-m.main+fp/hard/libcr_c.a(errno.o)
                0x0000000020001098                errno
 .bss.__Ciob    0x000000002000109c       0xb4 /Applications/MCUXpressoIDE_11.7.0_9198/ide/plugins/com.nxp.mcuxpresso.tools.macosx_11.7.0.202209140929/tools/bin/../lib/gcc/arm-none-eabi/10.3.1/../../../../arm-none-eabi/lib/thumb/v8-m.main+fp/hard/libcr_nohost_nf.a(__ciob.o)
                0x000000002000109c                __Ciob
 .bss.s_debugConsoleReadWaitSemaphore
                0x0000000020001150        0x1 ./utilities/fsl_debug_console.o
 .bss.isAlive   0x0000000020001151        0x1 ./source/ToF_3DCam.o
                0x0000000020001151                isAlive
 .bss.resolution
                0x0000000020001152        0x1 ./source/ToF_3DCam.o
                0x0000000020001152                resolution
 *(SORT_BY_ALIGNMENT(COMMON))
                0x0000000020001154                . = ALIGN (0x4)
 *fill*         0x0000000020001153        0x1 
                0x0000000020001154                _ebss = .
                [!provide]                        PROVIDE (__end_bss_RAM = .)
                [!provide]                        PROVIDE (__end_bss_SRAM = .)
                [!provide]                        PROVIDE (end = .)

.noinit_RAM2    0x0000000004000000        0x0
                [!provide]                        PROVIDE (__start_noinit_RAM2 = .)
                [!provide]                        PROVIDE (__start_noinit_SRAMX = .)
 *(SORT_BY_ALIGNMENT(.noinit.$RAM2))
 *(SORT_BY_ALIGNMENT(.noinit.$SRAMX))
 *(SORT_BY_ALIGNMENT(.noinit.$RAM2.*))
 *(SORT_BY_ALIGNMENT(.noinit.$SRAMX.*))
                0x0000000004000000                . = ALIGN (0x4)
                [!provide]                        PROVIDE (__end_noinit_RAM2 = .)
                [!provide]                        PROVIDE (__end_noinit_SRAMX = .)

.noinit_RAM3    0x0000000040100000        0x0
                [!provide]                        PROVIDE (__start_noinit_RAM3 = .)
                [!provide]                        PROVIDE (__start_noinit_USB_RAM = .)
 *(SORT_BY_ALIGNMENT(.noinit.$RAM3))
 *(SORT_BY_ALIGNMENT(.noinit.$USB_RAM))
 *(SORT_BY_ALIGNMENT(.noinit.$RAM3.*))
 *(SORT_BY_ALIGNMENT(.noinit.$USB_RAM.*))
                0x0000000040100000                . = ALIGN (0x4)
                [!provide]                        PROVIDE (__end_noinit_RAM3 = .)
                [!provide]                        PROVIDE (__end_noinit_USB_RAM = .)

.noinit_RAM4    0x0000000020040000        0x0
                [!provide]                        PROVIDE (__start_noinit_RAM4 = .)
                [!provide]                        PROVIDE (__start_noinit_SRAM4 = .)
 *(SORT_BY_ALIGNMENT(.noinit.$RAM4))
 *(SORT_BY_ALIGNMENT(.noinit.$SRAM4))
 *(SORT_BY_ALIGNMENT(.noinit.$RAM4.*))
 *(SORT_BY_ALIGNMENT(.noinit.$SRAM4.*))
                0x0000000020040000                . = ALIGN (0x4)
                [!provide]                        PROVIDE (__end_noinit_RAM4 = .)
                [!provide]                        PROVIDE (__end_noinit_SRAM4 = .)

.noinit         0x0000000020001154        0x0
                0x0000000020001154                _noinit = .
                [!provide]                        PROVIDE (__start_noinit_RAM = .)
                [!provide]                        PROVIDE (__start_noinit_SRAM = .)
 *(SORT_BY_ALIGNMENT(.noinit*))
                0x0000000020001154                . = ALIGN (0x4)
                0x0000000020001154                _end_noinit = .
                [!provide]                        PROVIDE (__end_noinit_RAM = .)
                [!provide]                        PROVIDE (__end_noinit_SRAM = .)
                0x0000000000001000                _HeapSize = 0x1000

.heap           0x0000000020001154     0x1000
                0x0000000020001154                _pvHeapStart = .
                0x0000000020002154                . = (. + _HeapSize)
 *fill*         0x0000000020001154     0x1000 
                0x0000000020002154                . = ALIGN (0x4)
                0x0000000020002154                _pvHeapLimit = .
                0x0000000000001000                _StackSize = 0x1000

.heap2stackfill
                0x0000000020002154     0x1000
                0x0000000020003154                . = (. + _StackSize)
 *fill*         0x0000000020002154     0x1000 

.stack          0x000000002003f000        0x0
                0x000000002003f000                _vStackBase = .
                0x000000002003f000                . = ALIGN (0x4)
                0x0000000020040000                _vStackTop = (. + _StackSize)
                [!provide]                        PROVIDE (__valid_user_code_checksum = (0x0 - ((((((_vStackTop + (ResetISR + 0x1)) + (NMI_Handler + 0x1)) + (HardFault_Handler + 0x1)) + (DEFINED (MemManage_Handler)?MemManage_Handler:0x0 + 0x1)) + (DEFINED (BusFault_Handler)?BusFault_Handler:0x0 + 0x1)) + (DEFINED (UsageFault_Handler)?UsageFault_Handler:0x0 + 0x1))))
                0x0000000000000000                _image_start = LOADADDR (.text)
                0x0000000000018df8                _image_end = (LOADADDR (.data) + SIZEOF (.data))
                0x0000000000018df8                _image_size = (_image_end - _image_start)
OUTPUT(ToF_3DCam_L5.axf elf32-littlearm)
LOAD linker stubs

.debug_info     0x0000000000000000    0x26dc6
 .debug_info    0x0000000000000000     0x1176 ./utilities/fsl_debug_console.o
 .debug_info    0x0000000000001176     0x128a ./utilities/fsl_str.o
 .debug_info    0x0000000000002400      0x9fd ./startup/startup_lpc55s69_cm33_core0.o
 .debug_info    0x0000000000002dfd     0x10ce ./source/ToF_3DCam.o
 .debug_info    0x0000000000003ecb      0x97a ./source/platform.o
 .debug_info    0x0000000000004845       0x38 ./source/semihost_hardfault.o
 .debug_info    0x000000000000487d     0x3009 ./source/vl53l5cx_api.o
 .debug_info    0x0000000000007886     0x4651 ./drivers/fsl_clock.o
 .debug_info    0x000000000000bed7      0x12d ./drivers/fsl_common_arm.o
 .debug_info    0x000000000000c004     0x1cb1 ./drivers/fsl_flexcomm.o
 .debug_info    0x000000000000dcb5     0x1860 ./drivers/fsl_gpio.o
 .debug_info    0x000000000000f515     0x34f4 ./drivers/fsl_i2c.o
 .debug_info    0x0000000000012a09     0x1ea2 ./drivers/fsl_inputmux.o
 .debug_info    0x00000000000148ab     0x29f2 ./drivers/fsl_pint.o
 .debug_info    0x000000000001729d     0x309e ./drivers/fsl_power.o
 .debug_info    0x000000000001a33b      0xf1e ./drivers/fsl_reset.o
 .debug_info    0x000000000001b259     0x1def ./drivers/fsl_usart.o
 .debug_info    0x000000000001d048     0x168a ./device/system_LPC55S69_cm33_core0.o
 .debug_info    0x000000000001e6d2      0xda5 ./component/uart/fsl_adapter_usart.o
 .debug_info    0x000000000001f477     0x12f8 ./component/serial_manager/fsl_component_serial_manager.o
 .debug_info    0x000000000002076f      0x594 ./component/serial_manager/fsl_component_serial_port_uart.o
 .debug_info    0x0000000000020d03      0x8f3 ./board/board.o
 .debug_info    0x00000000000215f6     0x1d7c ./board/clock_config.o
 .debug_info    0x0000000000023372      0x86f ./board/peripherals.o
 .debug_info    0x0000000000023be1     0x31e5 ./board/pin_mux.o

.debug_abbrev   0x0000000000000000     0x4540
 .debug_abbrev  0x0000000000000000      0x392 ./utilities/fsl_debug_console.o
 .debug_abbrev  0x0000000000000392      0x385 ./utilities/fsl_str.o
 .debug_abbrev  0x0000000000000717      0x162 ./startup/startup_lpc55s69_cm33_core0.o
 .debug_abbrev  0x0000000000000879      0x2b2 ./source/ToF_3DCam.o
 .debug_abbrev  0x0000000000000b2b      0x26b ./source/platform.o
 .debug_abbrev  0x0000000000000d96       0x2e ./source/semihost_hardfault.o
 .debug_abbrev  0x0000000000000dc4      0x31d ./source/vl53l5cx_api.o
 .debug_abbrev  0x00000000000010e1      0x56c ./drivers/fsl_clock.o
 .debug_abbrev  0x000000000000164d       0xd9 ./drivers/fsl_common_arm.o
 .debug_abbrev  0x0000000000001726      0x36f ./drivers/fsl_flexcomm.o
 .debug_abbrev  0x0000000000001a95      0x28a ./drivers/fsl_gpio.o
 .debug_abbrev  0x0000000000001d1f      0x4bb ./drivers/fsl_i2c.o
 .debug_abbrev  0x00000000000021da      0x1eb ./drivers/fsl_inputmux.o
 .debug_abbrev  0x00000000000023c5      0x498 ./drivers/fsl_pint.o
 .debug_abbrev  0x000000000000285d      0x3fc ./drivers/fsl_power.o
 .debug_abbrev  0x0000000000002c59      0x181 ./drivers/fsl_reset.o
 .debug_abbrev  0x0000000000002dda      0x473 ./drivers/fsl_usart.o
 .debug_abbrev  0x000000000000324d      0x27c ./device/system_LPC55S69_cm33_core0.o
 .debug_abbrev  0x00000000000034c9      0x2c7 ./component/uart/fsl_adapter_usart.o
 .debug_abbrev  0x0000000000003790      0x2e1 ./component/serial_manager/fsl_component_serial_manager.o
 .debug_abbrev  0x0000000000003a71      0x1bd ./component/serial_manager/fsl_component_serial_port_uart.o
 .debug_abbrev  0x0000000000003c2e      0x101 ./board/board.o
 .debug_abbrev  0x0000000000003d2f      0x273 ./board/clock_config.o
 .debug_abbrev  0x0000000000003fa2      0x207 ./board/peripherals.o
 .debug_abbrev  0x00000000000041a9      0x397 ./board/pin_mux.o

.debug_loc      0x0000000000000000     0xf354
 .debug_loc     0x0000000000000000      0x644 ./utilities/fsl_debug_console.o
 .debug_loc     0x0000000000000644     0x1649 ./utilities/fsl_str.o
 .debug_loc     0x0000000000001c8d      0x16a ./startup/startup_lpc55s69_cm33_core0.o
 .debug_loc     0x0000000000001df7      0x1b2 ./source/ToF_3DCam.o
 .debug_loc     0x0000000000001fa9      0x4b7 ./source/platform.o
 .debug_loc     0x0000000000002460     0x19e3 ./source/vl53l5cx_api.o
 .debug_loc     0x0000000000003e43     0x2589 ./drivers/fsl_clock.o
 .debug_loc     0x00000000000063cc      0x110 ./drivers/fsl_common_arm.o
 .debug_loc     0x00000000000064dc      0x32a ./drivers/fsl_flexcomm.o
 .debug_loc     0x0000000000006806      0x263 ./drivers/fsl_gpio.o
 .debug_loc     0x0000000000006a69     0x2bb5 ./drivers/fsl_i2c.o
 .debug_loc     0x000000000000961e       0xdd ./drivers/fsl_inputmux.o
 .debug_loc     0x00000000000096fb      0xaf8 ./drivers/fsl_pint.o
 .debug_loc     0x000000000000a1f3     0x1b58 ./drivers/fsl_power.o
 .debug_loc     0x000000000000bd4b       0xce ./drivers/fsl_reset.o
 .debug_loc     0x000000000000be19     0x1180 ./drivers/fsl_usart.o
 .debug_loc     0x000000000000cf99      0x375 ./device/system_LPC55S69_cm33_core0.o
 .debug_loc     0x000000000000d30e      0x2c0 ./component/uart/fsl_adapter_usart.o
 .debug_loc     0x000000000000d5ce      0xba6 ./component/serial_manager/fsl_component_serial_manager.o
 .debug_loc     0x000000000000e174      0x275 ./component/serial_manager/fsl_component_serial_port_uart.o
 .debug_loc     0x000000000000e3e9      0x17b ./board/clock_config.o
 .debug_loc     0x000000000000e564      0xdf0 ./board/pin_mux.o

.debug_aranges  0x0000000000000000      0xd48
 .debug_aranges
                0x0000000000000000       0xa8 ./utilities/fsl_debug_console.o
 .debug_aranges
                0x00000000000000a8       0x40 ./utilities/fsl_str.o
 .debug_aranges
                0x00000000000000e8      0x268 ./startup/startup_lpc55s69_cm33_core0.o
 .debug_aranges
                0x0000000000000350       0x30 ./source/ToF_3DCam.o
 .debug_aranges
                0x0000000000000380       0x50 ./source/platform.o
 .debug_aranges
                0x00000000000003d0       0x20 ./source/semihost_hardfault.o
 .debug_aranges
                0x00000000000003f0       0xf0 ./source/vl53l5cx_api.o
 .debug_aranges
                0x00000000000004e0      0x1b8 ./drivers/fsl_clock.o
 .debug_aranges
                0x0000000000000698       0x20 ./drivers/fsl_common_arm.o
 .debug_aranges
                0x00000000000006b8       0x78 ./drivers/fsl_flexcomm.o
 .debug_aranges
                0x0000000000000730       0x28 ./drivers/fsl_gpio.o
 .debug_aranges
                0x0000000000000758      0x128 ./drivers/fsl_i2c.o
 .debug_aranges
                0x0000000000000880       0x30 ./drivers/fsl_inputmux.o
 .debug_aranges
                0x00000000000008b0       0xe8 ./drivers/fsl_pint.o
 .debug_aranges
                0x0000000000000998       0x88 ./drivers/fsl_power.o
 .debug_aranges
                0x0000000000000a20       0x30 ./drivers/fsl_reset.o
 .debug_aranges
                0x0000000000000a50       0xc8 ./drivers/fsl_usart.o
 .debug_aranges
                0x0000000000000b18       0x38 ./device/system_LPC55S69_cm33_core0.o
 .debug_aranges
                0x0000000000000b50       0x40 ./component/uart/fsl_adapter_usart.o
 .debug_aranges
                0x0000000000000b90       0x70 ./component/serial_manager/fsl_component_serial_manager.o
 .debug_aranges
                0x0000000000000c00       0x48 ./component/serial_manager/fsl_component_serial_port_uart.o
 .debug_aranges
                0x0000000000000c48       0x28 ./board/board.o
 .debug_aranges
                0x0000000000000c70       0x48 ./board/clock_config.o
 .debug_aranges
                0x0000000000000cb8       0x28 ./board/peripherals.o
 .debug_aranges
                0x0000000000000ce0       0x68 ./board/pin_mux.o

.debug_ranges   0x0000000000000000     0x1c70
 .debug_ranges  0x0000000000000000       0xc8 ./utilities/fsl_debug_console.o
 .debug_ranges  0x00000000000000c8      0x1b0 ./utilities/fsl_str.o
 .debug_ranges  0x0000000000000278      0x258 ./startup/startup_lpc55s69_cm33_core0.o
 .debug_ranges  0x00000000000004d0       0xd0 ./source/ToF_3DCam.o
 .debug_ranges  0x00000000000005a0       0x60 ./source/platform.o
 .debug_ranges  0x0000000000000600       0x10 ./source/semihost_hardfault.o
 .debug_ranges  0x0000000000000610       0xe0 ./source/vl53l5cx_api.o
 .debug_ranges  0x00000000000006f0      0x588 ./drivers/fsl_clock.o
 .debug_ranges  0x0000000000000c78       0x28 ./drivers/fsl_common_arm.o
 .debug_ranges  0x0000000000000ca0       0xb0 ./drivers/fsl_flexcomm.o
 .debug_ranges  0x0000000000000d50       0x68 ./drivers/fsl_gpio.o
 .debug_ranges  0x0000000000000db8      0x498 ./drivers/fsl_i2c.o
 .debug_ranges  0x0000000000001250       0x20 ./drivers/fsl_inputmux.o
 .debug_ranges  0x0000000000001270      0x118 ./drivers/fsl_pint.o
 .debug_ranges  0x0000000000001388      0x1d0 ./drivers/fsl_power.o
 .debug_ranges  0x0000000000001558       0x20 ./drivers/fsl_reset.o
 .debug_ranges  0x0000000000001578      0x160 ./drivers/fsl_usart.o
 .debug_ranges  0x00000000000016d8       0xf8 ./device/system_LPC55S69_cm33_core0.o
 .debug_ranges  0x00000000000017d0       0x50 ./component/uart/fsl_adapter_usart.o
 .debug_ranges  0x0000000000001820      0x138 ./component/serial_manager/fsl_component_serial_manager.o
 .debug_ranges  0x0000000000001958       0x38 ./component/serial_manager/fsl_component_serial_port_uart.o
 .debug_ranges  0x0000000000001990       0x18 ./board/board.o
 .debug_ranges  0x00000000000019a8      0x138 ./board/clock_config.o
 .debug_ranges  0x0000000000001ae0       0x48 ./board/peripherals.o
 .debug_ranges  0x0000000000001b28      0x148 ./board/pin_mux.o

.debug_line     0x0000000000000000     0xde1a
 .debug_line    0x0000000000000000      0x873 ./utilities/fsl_debug_console.o
 .debug_line    0x0000000000000873      0x989 ./utilities/fsl_str.o
 .debug_line    0x00000000000011fc      0xa01 ./startup/startup_lpc55s69_cm33_core0.o
 .debug_line    0x0000000000001bfd      0x4f6 ./source/ToF_3DCam.o
 .debug_line    0x00000000000020f3      0x490 ./source/platform.o
 .debug_line    0x0000000000002583       0x58 ./source/semihost_hardfault.o
 .debug_line    0x00000000000025db     0x1702 ./source/vl53l5cx_api.o
 .debug_line    0x0000000000003cdd     0x20b9 ./drivers/fsl_clock.o
 .debug_line    0x0000000000005d96      0x10c ./drivers/fsl_common_arm.o
 .debug_line    0x0000000000005ea2      0x484 ./drivers/fsl_flexcomm.o
 .debug_line    0x0000000000006326      0x262 ./drivers/fsl_gpio.o
 .debug_line    0x0000000000006588     0x1c69 ./drivers/fsl_i2c.o
 .debug_line    0x00000000000081f1      0x1e0 ./drivers/fsl_inputmux.o
 .debug_line    0x00000000000083d1      0xdec ./drivers/fsl_pint.o
 .debug_line    0x00000000000091bd     0x1178 ./drivers/fsl_power.o
 .debug_line    0x000000000000a335      0x1fc ./drivers/fsl_reset.o
 .debug_line    0x000000000000a531     0x128d ./drivers/fsl_usart.o
 .debug_line    0x000000000000b7be      0x5bc ./device/system_LPC55S69_cm33_core0.o
 .debug_line    0x000000000000bd7a      0x410 ./component/uart/fsl_adapter_usart.o
 .debug_line    0x000000000000c18a      0x71e ./component/serial_manager/fsl_component_serial_manager.o
 .debug_line    0x000000000000c8a8      0x25a ./component/serial_manager/fsl_component_serial_port_uart.o
 .debug_line    0x000000000000cb02      0x263 ./board/board.o
 .debug_line    0x000000000000cd65      0x571 ./board/clock_config.o
 .debug_line    0x000000000000d2d6      0x21a ./board/peripherals.o
 .debug_line    0x000000000000d4f0      0x92a ./board/pin_mux.o

.debug_str      0x0000000000000000     0xd12d
 .debug_str     0x0000000000000000     0x14e9 ./utilities/fsl_debug_console.o
                                       0x1558 (size before relaxing)
 .debug_str     0x00000000000014e9      0x332 ./utilities/fsl_str.o
                                        0x552 (size before relaxing)
 .debug_str     0x000000000000181b      0x65d ./startup/startup_lpc55s69_cm33_core0.o
                                        0x79b (size before relaxing)
 .debug_str     0x0000000000001e78      0x513 ./source/ToF_3DCam.o
                                       0x11ff (size before relaxing)
 .debug_str     0x000000000000238b      0x1ba ./source/platform.o
                                        0x52a (size before relaxing)
 .debug_str     0x0000000000002545       0x1f ./source/semihost_hardfault.o
                                        0x15c (size before relaxing)
 .debug_str     0x0000000000002564      0x42f ./source/vl53l5cx_api.o
                                       0x13cb (size before relaxing)
 .debug_str     0x0000000000002993     0x2c57 ./drivers/fsl_clock.o
                                       0x39af (size before relaxing)
 .debug_str     0x00000000000055ea       0x40 ./drivers/fsl_common_arm.o
                                        0x226 (size before relaxing)
 .debug_str     0x000000000000562a      0xd0c ./drivers/fsl_flexcomm.o
                                       0x265a (size before relaxing)
 .debug_str     0x0000000000006336       0xef ./drivers/fsl_gpio.o
                                       0x1fd7 (size before relaxing)
 .debug_str     0x0000000000006425     0x10d4 ./drivers/fsl_i2c.o
                                       0x242b (size before relaxing)
 .debug_str     0x00000000000074f9     0x2ed4 ./drivers/fsl_inputmux.o
                                       0x3d88 (size before relaxing)
 .debug_str     0x000000000000a3cd      0x7d3 ./drivers/fsl_pint.o
                                       0x2d23 (size before relaxing)
 .debug_str     0x000000000000aba0      0xe3e ./drivers/fsl_power.o
                                       0x3026 (size before relaxing)
 .debug_str     0x000000000000b9de       0x6e ./drivers/fsl_reset.o
                                        0xfac (size before relaxing)
 .debug_str     0x000000000000ba4c      0xbbe ./drivers/fsl_usart.o
                                       0x1eff (size before relaxing)
 .debug_str     0x000000000000c60a       0x84 ./device/system_LPC55S69_cm33_core0.o
                                        0xd44 (size before relaxing)
 .debug_str     0x000000000000c68e      0x2f4 ./component/uart/fsl_adapter_usart.o
                                       0x14c4 (size before relaxing)
 .debug_str     0x000000000000c982      0x36f ./component/serial_manager/fsl_component_serial_manager.o
                                       0x1449 (size before relaxing)
 .debug_str     0x000000000000ccf1       0x92 ./component/serial_manager/fsl_component_serial_port_uart.o
                                        0x707 (size before relaxing)
 .debug_str     0x000000000000cd83       0x3d ./board/board.o
                                       0x1603 (size before relaxing)
 .debug_str     0x000000000000cdc0       0x97 ./board/clock_config.o
                                       0x1d13 (size before relaxing)
 .debug_str     0x000000000000ce57       0x62 ./board/peripherals.o
                                        0xef9 (size before relaxing)
 .debug_str     0x000000000000ceb9      0x274 ./board/pin_mux.o
                                       0x4087 (size before relaxing)

.comment        0x0000000000000000       0x49
 .comment       0x0000000000000000       0x49 ./utilities/fsl_debug_console.o
                                         0x4a (size before relaxing)
 .comment       0x0000000000000049       0x4a ./utilities/fsl_str.o
 .comment       0x0000000000000049       0x4a ./startup/startup_lpc55s69_cm33_core0.o
 .comment       0x0000000000000049       0x4a ./source/ToF_3DCam.o
 .comment       0x0000000000000049       0x4a ./source/platform.o
 .comment       0x0000000000000049       0x4a ./source/semihost_hardfault.o
 .comment       0x0000000000000049       0x4a ./source/vl53l5cx_api.o
 .comment       0x0000000000000049       0x4a ./drivers/fsl_clock.o
 .comment       0x0000000000000049       0x4a ./drivers/fsl_common_arm.o
 .comment       0x0000000000000049       0x4a ./drivers/fsl_flexcomm.o
 .comment       0x0000000000000049       0x4a ./drivers/fsl_gpio.o
 .comment       0x0000000000000049       0x4a ./drivers/fsl_i2c.o
 .comment       0x0000000000000049       0x4a ./drivers/fsl_inputmux.o
 .comment       0x0000000000000049       0x4a ./drivers/fsl_pint.o
 .comment       0x0000000000000049       0x4a ./drivers/fsl_power.o
 .comment       0x0000000000000049       0x4a ./drivers/fsl_reset.o
 .comment       0x0000000000000049       0x4a ./drivers/fsl_usart.o
 .comment       0x0000000000000049       0x4a ./device/system_LPC55S69_cm33_core0.o
 .comment       0x0000000000000049       0x4a ./component/uart/fsl_adapter_usart.o
 .comment       0x0000000000000049       0x4a ./component/serial_manager/fsl_component_serial_manager.o
 .comment       0x0000000000000049       0x4a ./component/serial_manager/fsl_component_serial_port_uart.o
 .comment       0x0000000000000049       0x4a ./board/board.o
 .comment       0x0000000000000049       0x4a ./board/clock_config.o
 .comment       0x0000000000000049       0x4a ./board/peripherals.o
 .comment       0x0000000000000049       0x4a ./board/pin_mux.o
 .comment       0x0000000000000049       0x4a /Applications/MCUXpressoIDE_11.7.0_9198/ide/plugins/com.nxp.mcuxpresso.tools.macosx_11.7.0.202209140929/tools/bin/../lib/gcc/arm-none-eabi/10.3.1/../../../../arm-none-eabi/lib/thumb/v8-m.main+fp/hard/libcr_nohost_nf.a(_cr__main.o)
 .comment       0x0000000000000049       0x4a /Applications/MCUXpressoIDE_11.7.0_9198/ide/plugins/com.nxp.mcuxpresso.tools.macosx_11.7.0.202209140929/tools/bin/../lib/gcc/arm-none-eabi/10.3.1/../../../../arm-none-eabi/lib/thumb/v8-m.main+fp/hard/libcr_c.a(memcpy.o)
 .comment       0x0000000000000049       0x4a /Applications/MCUXpressoIDE_11.7.0_9198/ide/plugins/com.nxp.mcuxpresso.tools.macosx_11.7.0.202209140929/tools/bin/../lib/gcc/arm-none-eabi/10.3.1/../../../../arm-none-eabi/lib/thumb/v8-m.main+fp/hard/libcr_c.a(memset.o)
 .comment       0x0000000000000049       0x4a /Applications/MCUXpressoIDE_11.7.0_9198/ide/plugins/com.nxp.mcuxpresso.tools.macosx_11.7.0.202209140929/tools/bin/../lib/gcc/arm-none-eabi/10.3.1/../../../../arm-none-eabi/lib/thumb/v8-m.main+fp/hard/libcr_c.a(alloc.o)
 .comment       0x0000000000000049       0x4a /Applications/MCUXpressoIDE_11.7.0_9198/ide/plugins/com.nxp.mcuxpresso.tools.macosx_11.7.0.202209140929/tools/bin/../lib/gcc/arm-none-eabi/10.3.1/../../../../arm-none-eabi/lib/thumb/v8-m.main+fp/hard/libcr_c.a(errno.o)
 .comment       0x0000000000000049       0x4a /Applications/MCUXpressoIDE_11.7.0_9198/ide/plugins/com.nxp.mcuxpresso.tools.macosx_11.7.0.202209140929/tools/bin/../lib/gcc/arm-none-eabi/10.3.1/../../../../arm-none-eabi/lib/thumb/v8-m.main+fp/hard/libcr_c.a(initio.o)
 .comment       0x0000000000000049       0x4a /Applications/MCUXpressoIDE_11.7.0_9198/ide/plugins/com.nxp.mcuxpresso.tools.macosx_11.7.0.202209140929/tools/bin/../lib/gcc/arm-none-eabi/10.3.1/../../../../arm-none-eabi/lib/thumb/v8-m.main+fp/hard/libcr_c.a(setvbuf.o)
 .comment       0x0000000000000049       0x4a /Applications/MCUXpressoIDE_11.7.0_9198/ide/plugins/com.nxp.mcuxpresso.tools.macosx_11.7.0.202209140929/tools/bin/../lib/gcc/arm-none-eabi/10.3.1/../../../../arm-none-eabi/lib/thumb/v8-m.main+fp/hard/libcr_c.a(strlen.o)
 .comment       0x0000000000000049       0x4a /Applications/MCUXpressoIDE_11.7.0_9198/ide/plugins/com.nxp.mcuxpresso.tools.macosx_11.7.0.202209140929/tools/bin/../lib/gcc/arm-none-eabi/10.3.1/../../../../arm-none-eabi/lib/thumb/v8-m.main+fp/hard/libcr_c.a(_deferredlazyseek.o)
 .comment       0x0000000000000049       0x4a /Applications/MCUXpressoIDE_11.7.0_9198/ide/plugins/com.nxp.mcuxpresso.tools.macosx_11.7.0.202209140929/tools/bin/../lib/gcc/arm-none-eabi/10.3.1/../../../../arm-none-eabi/lib/thumb/v8-m.main+fp/hard/libcr_c.a(_fdopen.o)
 .comment       0x0000000000000049       0x4a /Applications/MCUXpressoIDE_11.7.0_9198/ide/plugins/com.nxp.mcuxpresso.tools.macosx_11.7.0.202209140929/tools/bin/../lib/gcc/arm-none-eabi/10.3.1/../../../../arm-none-eabi/lib/thumb/v8-m.main+fp/hard/libcr_c.a(_fflush.o)
 .comment       0x0000000000000049       0x4a /Applications/MCUXpressoIDE_11.7.0_9198/ide/plugins/com.nxp.mcuxpresso.tools.macosx_11.7.0.202209140929/tools/bin/../lib/gcc/arm-none-eabi/10.3.1/../../../../arm-none-eabi/lib/thumb/v8-m.main+fp/hard/libcr_c.a(_writebuf.o)
 .comment       0x0000000000000049       0x4a /Applications/MCUXpressoIDE_11.7.0_9198/ide/plugins/com.nxp.mcuxpresso.tools.macosx_11.7.0.202209140929/tools/bin/../lib/gcc/arm-none-eabi/10.3.1/../../../../arm-none-eabi/lib/thumb/v8-m.main+fp/hard/libcr_c.a(fclose.o)
 .comment       0x0000000000000049       0x4a /Applications/MCUXpressoIDE_11.7.0_9198/ide/plugins/com.nxp.mcuxpresso.tools.macosx_11.7.0.202209140929/tools/bin/../lib/gcc/arm-none-eabi/10.3.1/../../../../arm-none-eabi/lib/thumb/v8-m.main+fp/hard/libcr_c.a(fflush.o)
 .comment       0x0000000000000049       0x4a /Applications/MCUXpressoIDE_11.7.0_9198/ide/plugins/com.nxp.mcuxpresso.tools.macosx_11.7.0.202209140929/tools/bin/../lib/gcc/arm-none-eabi/10.3.1/../../../../arm-none-eabi/lib/thumb/v8-m.main+fp/hard/libcr_c.a(fseek.o)
 .comment       0x0000000000000049       0x4a /Applications/MCUXpressoIDE_11.7.0_9198/ide/plugins/com.nxp.mcuxpresso.tools.macosx_11.7.0.202209140929/tools/bin/../lib/gcc/arm-none-eabi/10.3.1/../../../../arm-none-eabi/lib/thumb/v8-m.main+fp/hard/libcr_c.a(ftell.o)
 .comment       0x0000000000000049       0x4a /Applications/MCUXpressoIDE_11.7.0_9198/ide/plugins/com.nxp.mcuxpresso.tools.macosx_11.7.0.202209140929/tools/bin/../lib/gcc/arm-none-eabi/10.3.1/../../../../arm-none-eabi/lib/thumb/v8-m.main+fp/hard/libcr_c.a(remove.o)
 .comment       0x0000000000000049       0x4a /Applications/MCUXpressoIDE_11.7.0_9198/ide/plugins/com.nxp.mcuxpresso.tools.macosx_11.7.0.202209140929/tools/bin/../lib/gcc/arm-none-eabi/10.3.1/../../../../arm-none-eabi/lib/thumb/v8-m.main+fp/hard/libcr_c.a(_do_fflush.o)
 .comment       0x0000000000000049       0x4a /Applications/MCUXpressoIDE_11.7.0_9198/ide/plugins/com.nxp.mcuxpresso.tools.macosx_11.7.0.202209140929/tools/bin/../lib/gcc/arm-none-eabi/10.3.1/../../../../arm-none-eabi/lib/thumb/v8-m.main+fp/hard/libcr_nohost_nf.a(__ciob.o)
 .comment       0x0000000000000049       0x4a /Applications/MCUXpressoIDE_11.7.0_9198/ide/plugins/com.nxp.mcuxpresso.tools.macosx_11.7.0.202209140929/tools/bin/../lib/gcc/arm-none-eabi/10.3.1/../../../../arm-none-eabi/lib/thumb/v8-m.main+fp/hard/libcr_nohost_nf.a(__sys_close.o)
 .comment       0x0000000000000049       0x4a /Applications/MCUXpressoIDE_11.7.0_9198/ide/plugins/com.nxp.mcuxpresso.tools.macosx_11.7.0.202209140929/tools/bin/../lib/gcc/arm-none-eabi/10.3.1/../../../../arm-none-eabi/lib/thumb/v8-m.main+fp/hard/libcr_nohost_nf.a(__sys_flen.o)
 .comment       0x0000000000000049       0x4a /Applications/MCUXpressoIDE_11.7.0_9198/ide/plugins/com.nxp.mcuxpresso.tools.macosx_11.7.0.202209140929/tools/bin/../lib/gcc/arm-none-eabi/10.3.1/../../../../arm-none-eabi/lib/thumb/v8-m.main+fp/hard/libcr_nohost_nf.a(__sys_istty.o)
 .comment       0x0000000000000049       0x4a /Applications/MCUXpressoIDE_11.7.0_9198/ide/plugins/com.nxp.mcuxpresso.tools.macosx_11.7.0.202209140929/tools/bin/../lib/gcc/arm-none-eabi/10.3.1/../../../../arm-none-eabi/lib/thumb/v8-m.main+fp/hard/libcr_nohost_nf.a(__sys_remove.o)
 .comment       0x0000000000000049       0x4a /Applications/MCUXpressoIDE_11.7.0_9198/ide/plugins/com.nxp.mcuxpresso.tools.macosx_11.7.0.202209140929/tools/bin/../lib/gcc/arm-none-eabi/10.3.1/../../../../arm-none-eabi/lib/thumb/v8-m.main+fp/hard/libcr_nohost_nf.a(__sys_seek.o)
 .comment       0x0000000000000049       0x4a /Applications/MCUXpressoIDE_11.7.0_9198/ide/plugins/com.nxp.mcuxpresso.tools.macosx_11.7.0.202209140929/tools/bin/../lib/gcc/arm-none-eabi/10.3.1/../../../../arm-none-eabi/lib/thumb/v8-m.main+fp/hard/libcr_nohost_nf.a(__sys_tmpnam.o)
 .comment       0x0000000000000049       0x4a /Applications/MCUXpressoIDE_11.7.0_9198/ide/plugins/com.nxp.mcuxpresso.tools.macosx_11.7.0.202209140929/tools/bin/../lib/gcc/arm-none-eabi/10.3.1/../../../../arm-none-eabi/lib/thumb/v8-m.main+fp/hard/libcr_nohost_nf.a(__sys_write.o)

.ARM.attributes
                0x0000000000000000       0x38
 .ARM.attributes
                0x0000000000000000       0x3a ./utilities/fsl_debug_console.o
 .ARM.attributes
                0x000000000000003a       0x3a ./utilities/fsl_str.o
 .ARM.attributes
                0x0000000000000074       0x3a ./startup/startup_lpc55s69_cm33_core0.o
 .ARM.attributes
                0x00000000000000ae       0x3a ./source/ToF_3DCam.o
 .ARM.attributes
                0x00000000000000e8       0x3a ./source/platform.o
 .ARM.attributes
                0x0000000000000122       0x3a ./source/semihost_hardfault.o
 .ARM.attributes
                0x000000000000015c       0x3a ./source/vl53l5cx_api.o
 .ARM.attributes
                0x0000000000000196       0x3a ./drivers/fsl_clock.o
 .ARM.attributes
                0x00000000000001d0       0x3a ./drivers/fsl_common_arm.o
 .ARM.attributes
                0x000000000000020a       0x3a ./drivers/fsl_flexcomm.o
 .ARM.attributes
                0x0000000000000244       0x3a ./drivers/fsl_gpio.o
 .ARM.attributes
                0x000000000000027e       0x3a ./drivers/fsl_i2c.o
 .ARM.attributes
                0x00000000000002b8       0x3a ./drivers/fsl_inputmux.o
 .ARM.attributes
                0x00000000000002f2       0x3a ./drivers/fsl_pint.o
 .ARM.attributes
                0x000000000000032c       0x3a ./drivers/fsl_power.o
 .ARM.attributes
                0x0000000000000366       0x3a ./drivers/fsl_reset.o
 .ARM.attributes
                0x00000000000003a0       0x3a ./drivers/fsl_usart.o
 .ARM.attributes
                0x00000000000003da       0x3a ./device/system_LPC55S69_cm33_core0.o
 .ARM.attributes
                0x0000000000000414       0x3a ./component/uart/fsl_adapter_usart.o
 .ARM.attributes
                0x000000000000044e       0x3a ./component/serial_manager/fsl_component_serial_manager.o
 .ARM.attributes
                0x0000000000000488       0x3a ./component/serial_manager/fsl_component_serial_port_uart.o
 .ARM.attributes
                0x00000000000004c2       0x3a ./board/board.o
 .ARM.attributes
                0x00000000000004fc       0x3a ./board/clock_config.o
 .ARM.attributes
                0x0000000000000536       0x3a ./board/peripherals.o
 .ARM.attributes
                0x0000000000000570       0x3a ./board/pin_mux.o
 .ARM.attributes
                0x00000000000005aa       0x38 /Applications/MCUXpressoIDE_11.7.0_9198/ide/plugins/com.nxp.mcuxpresso.tools.macosx_11.7.0.202209140929/tools/bin/../lib/gcc/arm-none-eabi/10.3.1/../../../../arm-none-eabi/lib/thumb/v8-m.main+fp/hard/libcr_nohost_nf.a(_cr__main.o)
 .ARM.attributes
                0x00000000000005e2       0x38 /Applications/MCUXpressoIDE_11.7.0_9198/ide/plugins/com.nxp.mcuxpresso.tools.macosx_11.7.0.202209140929/tools/bin/../lib/gcc/arm-none-eabi/10.3.1/../../../../arm-none-eabi/lib/thumb/v8-m.main+fp/hard/libcr_c.a(memcpy.o)
 .ARM.attributes
                0x000000000000061a       0x38 /Applications/MCUXpressoIDE_11.7.0_9198/ide/plugins/com.nxp.mcuxpresso.tools.macosx_11.7.0.202209140929/tools/bin/../lib/gcc/arm-none-eabi/10.3.1/../../../../arm-none-eabi/lib/thumb/v8-m.main+fp/hard/libcr_c.a(memset.o)
 .ARM.attributes
                0x0000000000000652       0x38 /Applications/MCUXpressoIDE_11.7.0_9198/ide/plugins/com.nxp.mcuxpresso.tools.macosx_11.7.0.202209140929/tools/bin/../lib/gcc/arm-none-eabi/10.3.1/../../../../arm-none-eabi/lib/thumb/v8-m.main+fp/hard/libcr_c.a(alloc.o)
 .ARM.attributes
                0x000000000000068a       0x38 /Applications/MCUXpressoIDE_11.7.0_9198/ide/plugins/com.nxp.mcuxpresso.tools.macosx_11.7.0.202209140929/tools/bin/../lib/gcc/arm-none-eabi/10.3.1/../../../../arm-none-eabi/lib/thumb/v8-m.main+fp/hard/libcr_c.a(errno.o)
 .ARM.attributes
                0x00000000000006c2       0x38 /Applications/MCUXpressoIDE_11.7.0_9198/ide/plugins/com.nxp.mcuxpresso.tools.macosx_11.7.0.202209140929/tools/bin/../lib/gcc/arm-none-eabi/10.3.1/../../../../arm-none-eabi/lib/thumb/v8-m.main+fp/hard/libcr_c.a(initio.o)
 .ARM.attributes
                0x00000000000006fa       0x38 /Applications/MCUXpressoIDE_11.7.0_9198/ide/plugins/com.nxp.mcuxpresso.tools.macosx_11.7.0.202209140929/tools/bin/../lib/gcc/arm-none-eabi/10.3.1/../../../../arm-none-eabi/lib/thumb/v8-m.main+fp/hard/libcr_c.a(setvbuf.o)
 .ARM.attributes
                0x0000000000000732       0x38 /Applications/MCUXpressoIDE_11.7.0_9198/ide/plugins/com.nxp.mcuxpresso.tools.macosx_11.7.0.202209140929/tools/bin/../lib/gcc/arm-none-eabi/10.3.1/../../../../arm-none-eabi/lib/thumb/v8-m.main+fp/hard/libcr_c.a(strlen.o)
 .ARM.attributes
                0x000000000000076a       0x38 /Applications/MCUXpressoIDE_11.7.0_9198/ide/plugins/com.nxp.mcuxpresso.tools.macosx_11.7.0.202209140929/tools/bin/../lib/gcc/arm-none-eabi/10.3.1/../../../../arm-none-eabi/lib/thumb/v8-m.main+fp/hard/libcr_c.a(_deferredlazyseek.o)
 .ARM.attributes
                0x00000000000007a2       0x38 /Applications/MCUXpressoIDE_11.7.0_9198/ide/plugins/com.nxp.mcuxpresso.tools.macosx_11.7.0.202209140929/tools/bin/../lib/gcc/arm-none-eabi/10.3.1/../../../../arm-none-eabi/lib/thumb/v8-m.main+fp/hard/libcr_c.a(_fdopen.o)
 .ARM.attributes